Archive member included to satisfy reference by file (symbol)

C:/ST/STM32CubeIDE_1.13.2/STM32CubeIDE/plugins/com.st.stm32cube.ide.mcu.externaltools.gnu-tools-for-stm32.11.3.rel1.win32_1.1.100.202309141235/tools/bin/../lib/gcc/arm-none-eabi/11.3.1/../../../../arm-none-eabi/lib/thumb/v7e-m+fp/hard\libc_nano.a(libc_a-exit.o)
                              C:/ST/STM32CubeIDE_1.13.2/STM32CubeIDE/plugins/com.st.stm32cube.ide.mcu.externaltools.gnu-tools-for-stm32.11.3.rel1.win32_1.1.100.202309141235/tools/bin/../lib/gcc/arm-none-eabi/11.3.1/../../../../arm-none-eabi/lib/thumb/v7e-m+fp/hard/crt0.o (exit)
C:/ST/STM32CubeIDE_1.13.2/STM32CubeIDE/plugins/com.st.stm32cube.ide.mcu.externaltools.gnu-tools-for-stm32.11.3.rel1.win32_1.1.100.202309141235/tools/bin/../lib/gcc/arm-none-eabi/11.3.1/../../../../arm-none-eabi/lib/thumb/v7e-m+fp/hard\libc_nano.a(libc_a-findfp.o)
                              ./Middlewares/Third_Party/FreeRTOS/Source/tasks.o (__sf)
C:/ST/STM32CubeIDE_1.13.2/STM32CubeIDE/plugins/com.st.stm32cube.ide.mcu.externaltools.gnu-tools-for-stm32.11.3.rel1.win32_1.1.100.202309141235/tools/bin/../lib/gcc/arm-none-eabi/11.3.1/../../../../arm-none-eabi/lib/thumb/v7e-m+fp/hard\libc_nano.a(libc_a-fwalk.o)
                              C:/ST/STM32CubeIDE_1.13.2/STM32CubeIDE/plugins/com.st.stm32cube.ide.mcu.externaltools.gnu-tools-for-stm32.11.3.rel1.win32_1.1.100.202309141235/tools/bin/../lib/gcc/arm-none-eabi/11.3.1/../../../../arm-none-eabi/lib/thumb/v7e-m+fp/hard\libc_nano.a(libc_a-findfp.o) (_fwalk_sglue)
C:/ST/STM32CubeIDE_1.13.2/STM32CubeIDE/plugins/com.st.stm32cube.ide.mcu.externaltools.gnu-tools-for-stm32.11.3.rel1.win32_1.1.100.202309141235/tools/bin/../lib/gcc/arm-none-eabi/11.3.1/../../../../arm-none-eabi/lib/thumb/v7e-m+fp/hard\libc_nano.a(libc_a-printf.o)
                              ./Core/Src/user_main.o (printf)
C:/ST/STM32CubeIDE_1.13.2/STM32CubeIDE/plugins/com.st.stm32cube.ide.mcu.externaltools.gnu-tools-for-stm32.11.3.rel1.win32_1.1.100.202309141235/tools/bin/../lib/gcc/arm-none-eabi/11.3.1/../../../../arm-none-eabi/lib/thumb/v7e-m+fp/hard\libc_nano.a(libc_a-puts.o)
                              ./Core/Src/user_main.o (puts)
C:/ST/STM32CubeIDE_1.13.2/STM32CubeIDE/plugins/com.st.stm32cube.ide.mcu.externaltools.gnu-tools-for-stm32.11.3.rel1.win32_1.1.100.202309141235/tools/bin/../lib/gcc/arm-none-eabi/11.3.1/../../../../arm-none-eabi/lib/thumb/v7e-m+fp/hard\libc_nano.a(libc_a-scanf.o)
                              ./Core/Src/user_main.o (scanf)
C:/ST/STM32CubeIDE_1.13.2/STM32CubeIDE/plugins/com.st.stm32cube.ide.mcu.externaltools.gnu-tools-for-stm32.11.3.rel1.win32_1.1.100.202309141235/tools/bin/../lib/gcc/arm-none-eabi/11.3.1/../../../../arm-none-eabi/lib/thumb/v7e-m+fp/hard\libc_nano.a(libc_a-stdio.o)
                              C:/ST/STM32CubeIDE_1.13.2/STM32CubeIDE/plugins/com.st.stm32cube.ide.mcu.externaltools.gnu-tools-for-stm32.11.3.rel1.win32_1.1.100.202309141235/tools/bin/../lib/gcc/arm-none-eabi/11.3.1/../../../../arm-none-eabi/lib/thumb/v7e-m+fp/hard\libc_nano.a(libc_a-findfp.o) (__sread)
C:/ST/STM32CubeIDE_1.13.2/STM32CubeIDE/plugins/com.st.stm32cube.ide.mcu.externaltools.gnu-tools-for-stm32.11.3.rel1.win32_1.1.100.202309141235/tools/bin/../lib/gcc/arm-none-eabi/11.3.1/../../../../arm-none-eabi/lib/thumb/v7e-m+fp/hard\libc_nano.a(libc_a-wbuf.o)
                              C:/ST/STM32CubeIDE_1.13.2/STM32CubeIDE/plugins/com.st.stm32cube.ide.mcu.externaltools.gnu-tools-for-stm32.11.3.rel1.win32_1.1.100.202309141235/tools/bin/../lib/gcc/arm-none-eabi/11.3.1/../../../../arm-none-eabi/lib/thumb/v7e-m+fp/hard\libc_nano.a(libc_a-puts.o) (__swbuf_r)
C:/ST/STM32CubeIDE_1.13.2/STM32CubeIDE/plugins/com.st.stm32cube.ide.mcu.externaltools.gnu-tools-for-stm32.11.3.rel1.win32_1.1.100.202309141235/tools/bin/../lib/gcc/arm-none-eabi/11.3.1/../../../../arm-none-eabi/lib/thumb/v7e-m+fp/hard\libc_nano.a(libc_a-wsetup.o)
                              C:/ST/STM32CubeIDE_1.13.2/STM32CubeIDE/plugins/com.st.stm32cube.ide.mcu.externaltools.gnu-tools-for-stm32.11.3.rel1.win32_1.1.100.202309141235/tools/bin/../lib/gcc/arm-none-eabi/11.3.1/../../../../arm-none-eabi/lib/thumb/v7e-m+fp/hard\libc_nano.a(libc_a-puts.o) (__swsetup_r)
C:/ST/STM32CubeIDE_1.13.2/STM32CubeIDE/plugins/com.st.stm32cube.ide.mcu.externaltools.gnu-tools-for-stm32.11.3.rel1.win32_1.1.100.202309141235/tools/bin/../lib/gcc/arm-none-eabi/11.3.1/../../../../arm-none-eabi/lib/thumb/v7e-m+fp/hard\libc_nano.a(libc_a-memset.o)
                              C:/ST/STM32CubeIDE_1.13.2/STM32CubeIDE/plugins/com.st.stm32cube.ide.mcu.externaltools.gnu-tools-for-stm32.11.3.rel1.win32_1.1.100.202309141235/tools/bin/../lib/gcc/arm-none-eabi/11.3.1/../../../../arm-none-eabi/lib/thumb/v7e-m+fp/hard/crt0.o (memset)
[...]
Memory Configuration

Name             Origin             Length             Attributes
RAM              0x0000000020000000 0x0000000000018000 xrw
FLASH            0x0000000008000000 0x0000000000080000 xr
*default*        0x0000000000000000 0xffffffffffffffff

Linker script and memory map

LOAD C:/ST/STM32CubeIDE_1.13.2/STM32CubeIDE/plugins/com.st.stm32cube.ide.mcu.externaltools.gnu-tools-for-stm32.11.3.rel1.win32_1.1.100.202309141235/tools/bin/../lib/gcc/arm-none-eabi/11.3.1/thumb/v7e-m+fp/hard/crti.o
LOAD C:/ST/STM32CubeIDE_1.13.2/STM32CubeIDE/plugins/com.st.stm32cube.ide.mcu.externaltools.gnu-tools-for-stm32.11.3.rel1.win32_1.1.100.202309141235/tools/bin/../lib/gcc/arm-none-eabi/11.3.1/thumb/v7e-m+fp/hard/crtbegin.o
LOAD C:/ST/STM32CubeIDE_1.13.2/STM32CubeIDE/plugins/com.st.stm32cube.ide.mcu.externaltools.gnu-tools-for-stm32.11.3.rel1.win32_1.1.100.202309141235/tools/bin/../lib/gcc/arm-none-eabi/11.3.1/../../../../arm-none-eabi/lib/thumb/v7e-m+fp/hard/crt0.o
LOAD ./Core/Src/characterLCD.o
LOAD ./Core/Src/debounce.o
LOAD ./Core/Src/freertos.o
LOAD ./Core/Src/game.o
LOAD ./Core/Src/main.o
LOAD ./Core/Src/movement.o
LOAD ./Core/Src/stm32f4xx_hal_msp.o
LOAD ./Core/Src/stm32f4xx_hal_timebase_tim.o
LOAD ./Core/Src/stm32f4xx_it.o
LOAD ./Core/Src/syscalls.o
LOAD ./Core/Src/sysmem.o
LOAD ./Core/Src/system_stm32f4xx.o
LOAD ./Core/Src/tareas.o
LOAD ./Core/Src/user_main.o
LOAD ./Core/Src/util.o
LOAD ./Core/Src/engine/board.o
LOAD ./Core/Src/engine/engine.o
LOAD ./Core/Src/engine/interface.o
LOAD ./Core/Src/engine/moves.o
LOAD ./Core/Src/led/ws2812.o
LOAD ./Core/Src/lighting/lighting.o
LOAD ./Core/Src/reed/reed.o
LOAD ./Core/Startup/startup_stm32f401retx.o
LOAD ./Drivers/STM32F4xx_HAL_Driver/Src/stm32f4xx_hal.o
LOAD ./Drivers/STM32F4xx_HAL_Driver/Src/stm32f4xx_hal_cortex.o
LOAD ./Drivers/STM32F4xx_HAL_Driver/Src/stm32f4xx_hal_dma.o
LOAD ./Drivers/STM32F4xx_HAL_Driver/Src/stm32f4xx_hal_dma_ex.o
LOAD ./Drivers/STM32F4xx_HAL_Driver/Src/stm32f4xx_hal_exti.o
LOAD ./Drivers/STM32F4xx_HAL_Driver/Src/stm32f4xx_hal_flash.o
LOAD ./Drivers/STM32F4xx_HAL_Driver/Src/stm32f4xx_hal_flash_ex.o
LOAD ./Drivers/STM32F4xx_HAL_Driver/Src/stm32f4xx_hal_flash_ramfunc.o
LOAD ./Drivers/STM32F4xx_HAL_Driver/Src/stm32f4xx_hal_gpio.o
LOAD ./Drivers/STM32F4xx_HAL_Driver/Src/stm32f4xx_hal_i2c.o
LOAD ./Drivers/STM32F4xx_HAL_Driver/Src/stm32f4xx_hal_i2c_ex.o
LOAD ./Drivers/STM32F4xx_HAL_Driver/Src/stm32f4xx_hal_pwr.o
LOAD ./Drivers/STM32F4xx_HAL_Driver/Src/stm32f4xx_hal_pwr_ex.o
LOAD ./Drivers/STM32F4xx_HAL_Driver/Src/stm32f4xx_hal_rcc.o
LOAD ./Drivers/STM32F4xx_HAL_Driver/Src/stm32f4xx_hal_rcc_ex.o
LOAD ./Drivers/STM32F4xx_HAL_Driver/Src/stm32f4xx_hal_tim.o
LOAD ./Drivers/STM32F4xx_HAL_Driver/Src/stm32f4xx_hal_tim_ex.o
LOAD ./Middlewares/Third_Party/FreeRTOS/Source/CMSIS_RTOS/cmsis_os.o
LOAD ./Middlewares/Third_Party/FreeRTOS/Source/croutine.o
LOAD ./Middlewares/Third_Party/FreeRTOS/Source/event_groups.o
LOAD ./Middlewares/Third_Party/FreeRTOS/Source/list.o
LOAD ./Middlewares/Third_Party/FreeRTOS/Source/queue.o
LOAD ./Middlewares/Third_Party/FreeRTOS/Source/stream_buffer.o
LOAD ./Middlewares/Third_Party/FreeRTOS/Source/tasks.o
LOAD ./Middlewares/Third_Party/FreeRTOS/Source/timers.o
LOAD ./Middlewares/Third_Party/FreeRTOS/Source/portable/GCC/ARM_CM4F/port.o
LOAD ./Middlewares/Third_Party/FreeRTOS/Source/portable/MemMang/heap_4.o
START GROUP
LOAD C:/ST/STM32CubeIDE_1.13.2/STM32CubeIDE/plugins/com.st.stm32cube.ide.mcu.externaltools.gnu-tools-for-stm32.11.3.rel1.win32_1.1.100.202309141235/tools/bin/../lib/gcc/arm-none-eabi/11.3.1/../../../../arm-none-eabi/lib/thumb/v7e-m+fp/hard\libc_nano.a
LOAD C:/ST/STM32CubeIDE_1.13.2/STM32CubeIDE/plugins/com.st.stm32cube.ide.mcu.externaltools.gnu-tools-for-stm32.11.3.rel1.win32_1.1.100.202309141235/tools/bin/../lib/gcc/arm-none-eabi/11.3.1/../../../../arm-none-eabi/lib/thumb/v7e-m+fp/hard\libm.a
END GROUP
START GROUP
LOAD C:/ST/STM32CubeIDE_1.13.2/STM32CubeIDE/plugins/com.st.stm32cube.ide.mcu.externaltools.gnu-tools-for-stm32.11.3.rel1.win32_1.1.100.202309141235/tools/bin/../lib/gcc/arm-none-eabi/11.3.1/thumb/v7e-m+fp/hard\libgcc.a
LOAD C:/ST/STM32CubeIDE_1.13.2/STM32CubeIDE/plugins/com.st.stm32cube.ide.mcu.externaltools.gnu-tools-for-stm32.11.3.rel1.win32_1.1.100.202309141235/tools/bin/../lib/gcc/arm-none-eabi/11.3.1/../../../../arm-none-eabi/lib/thumb/v7e-m+fp/hard\libc_nano.a
END GROUP
START GROUP
LOAD C:/ST/STM32CubeIDE_1.13.2/STM32CubeIDE/plugins/com.st.stm32cube.ide.mcu.externaltools.gnu-tools-for-stm32.11.3.rel1.win32_1.1.100.202309141235/tools/bin/../lib/gcc/arm-none-eabi/11.3.1/thumb/v7e-m+fp/hard\libgcc.a
LOAD C:/ST/STM32CubeIDE_1.13.2/STM32CubeIDE/plugins/com.st.stm32cube.ide.mcu.externaltools.gnu-tools-for-stm32.11.3.rel1.win32_1.1.100.202309141235/tools/bin/../lib/gcc/arm-none-eabi/11.3.1/../../../../arm-none-eabi/lib/thumb/v7e-m+fp/hard\libc_nano.a
LOAD C:/ST/STM32CubeIDE_1.13.2/STM32CubeIDE/plugins/com.st.stm32cube.ide.mcu.externaltools.gnu-tools-for-stm32.11.3.rel1.win32_1.1.100.202309141235/tools/bin/../lib/gcc/arm-none-eabi/11.3.1/../../../../arm-none-eabi/lib/thumb/v7e-m+fp/hard\libnosys.a
END GROUP
START GROUP
LOAD C:/ST/STM32CubeIDE_1.13.2/STM32CubeIDE/plugins/com.st.stm32cube.ide.mcu.externaltools.gnu-tools-for-stm32.11.3.rel1.win32_1.1.100.202309141235/tools/bin/../lib/gcc/arm-none-eabi/11.3.1/thumb/v7e-m+fp/hard\libgcc.a
LOAD C:/ST/STM32CubeIDE_1.13.2/STM32CubeIDE/plugins/com.st.stm32cube.ide.mcu.externaltools.gnu-tools-for-stm32.11.3.rel1.win32_1.1.100.202309141235/tools/bin/../lib/gcc/arm-none-eabi/11.3.1/../../../../arm-none-eabi/lib/thumb/v7e-m+fp/hard\libc_nano.a
LOAD C:/ST/STM32CubeIDE_1.13.2/STM32CubeIDE/plugins/com.st.stm32cube.ide.mcu.externaltools.gnu-tools-for-stm32.11.3.rel1.win32_1.1.100.202309141235/tools/bin/../lib/gcc/arm-none-eabi/11.3.1/../../../../arm-none-eabi/lib/thumb/v7e-m+fp/hard\libnosys.a
END GROUP
LOAD C:/ST/STM32CubeIDE_1.13.2/STM32CubeIDE/plugins/com.st.stm32cube.ide.mcu.externaltools.gnu-tools-for-stm32.11.3.rel1.win32_1.1.100.202309141235/tools/bin/../lib/gcc/arm-none-eabi/11.3.1/thumb/v7e-m+fp/hard/crtend.o
LOAD C:/ST/STM32CubeIDE_1.13.2/STM32CubeIDE/plugins/com.st.stm32cube.ide.mcu.externaltools.gnu-tools-for-stm32.11.3.rel1.win32_1.1.100.202309141235/tools/bin/../lib/gcc/arm-none-eabi/11.3.1/thumb/v7e-m+fp/hard/crtn.o
                0x0000000020018000                _estack = (ORIGIN (RAM) + LENGTH (RAM))
                0x0000000000000200                _Min_Heap_Size = 0x200
                0x0000000000000400                _Min_Stack_Size = 0x400

.isr_vector     0x0000000008000000      0x194
                0x0000000008000000                . = ALIGN (0x4)
 *(.isr_vector)
 .isr_vector    0x0000000008000000      0x194 ./Core/Startup/startup_stm32f401retx.o
                0x0000000008000000                g_pfnVectors
                0x0000000008000194                . = ALIGN (0x4)

.text           0x00000000080001a0     0x9808
                0x00000000080001a0                . = ALIGN (0x4)
 *(.text)
 .text          0x00000000080001a0       0x40 C:/ST/STM32CubeIDE_1.13.2/STM32CubeIDE/plugins/com.st.stm32cube.ide.mcu.externaltools.gnu-tools-for-stm32.11.3.rel1.win32_1.1.100.202309141235/tools/bin/../lib/gcc/arm-none-eabi/11.3.1/thumb/v7e-m+fp/hard/crtbegin.o
 .text          0x00000000080001e0       0xa0 C:/ST/STM32CubeIDE_1.13.2/STM32CubeIDE/plugins/com.st.stm32cube.ide.mcu.externaltools.gnu-tools-for-stm32.11.3.rel1.win32_1.1.100.202309141235/tools/bin/../lib/gcc/arm-none-eabi/11.3.1/../../../../arm-none-eabi/lib/thumb/v7e-m+fp/hard\libc_nano.a(libc_a-memchr.o)
                0x00000000080001e0                memchr
 .text          0x0000000008000280       0x30 C:/ST/STM32CubeIDE_1.13.2/STM32CubeIDE/plugins/com.st.stm32cube.ide.mcu.externaltools.gnu-tools-for-stm32.11.3.rel1.win32_1.1.100.202309141235/tools/bin/../lib/gcc/arm-none-eabi/11.3.1/thumb/v7e-m+fp/hard\libgcc.a(_aeabi_uldivmod.o)
                0x0000000008000280                __aeabi_uldivmod
 .text          0x00000000080002b0      0x2c8 C:/ST/STM32CubeIDE_1.13.2/STM32CubeIDE/plugins/com.st.stm32cube.ide.mcu.externaltools.gnu-tools-for-stm32.11.3.rel1.win32_1.1.100.202309141235/tools/bin/../lib/gcc/arm-none-eabi/11.3.1/thumb/v7e-m+fp/hard\libgcc.a(_udivmoddi4.o)
                0x00000000080002b0                __udivmoddi4
 .text          0x0000000008000578        0x4 C:/ST/STM32CubeIDE_1.13.2/STM32CubeIDE/plugins/com.st.stm32cube.ide.mcu.externaltools.gnu-tools-for-stm32.11.3.rel1.win32_1.1.100.202309141235/tools/bin/../lib/gcc/arm-none-eabi/11.3.1/thumb/v7e-m+fp/hard\libgcc.a(_dvmd_tls.o)
                0x0000000008000578                __aeabi_idiv0
                0x0000000008000578                __aeabi_ldiv0
 *(.text*)
 .text.lcd_init
                0x000000000800057c       0x7a ./Core/Src/characterLCD.o
                0x000000000800057c                lcd_init
 *fill*         0x00000000080005f6        0x2 
 .text.lcd_send_cmd
                0x00000000080005f8       0x60 ./Core/Src/characterLCD.o
                0x00000000080005f8                lcd_send_cmd
 .text.lcd_send_data
                0x0000000008000658       0x60 ./Core/Src/characterLCD.o
                0x0000000008000658                lcd_send_data
 .text.lcd_send_string
                0x00000000080006b8       0x2a ./Core/Src/characterLCD.o
                0x00000000080006b8                lcd_send_string
 .text.debounce_init
                0x00000000080006e2       0x4c ./Core/Src/debounce.o
                0x00000000080006e2                debounce_init
 *fill*         0x000000000800072e        0x2 
 .text.debounce_run
                0x0000000008000730      0x108 ./Core/Src/debounce.o
                0x0000000008000730                debounce_run
 .text.debounce_flank
                0x0000000008000838       0x2a ./Core/Src/debounce.o
                0x0000000008000838                debounce_flank
 *fill*         0x0000000008000862        0x2 
 .text.vApplicationGetIdleTaskMemory
                0x0000000008000864       0x34 ./Core/Src/freertos.o
                0x0000000008000864                vApplicationGetIdleTaskMemory
 .text.game_set_sensor_reader
                0x0000000008000898       0x28 ./Core/Src/game.o
                0x0000000008000898                game_set_sensor_reader
 .text.game_set_led_output_array
                0x00000000080008c0       0x16 ./Core/Src/game.o
                0x00000000080008c0                game_set_led_output_array
 .text.game_fsm
                0x00000000080008d6       0x10 ./Core/Src/game.o
                0x00000000080008d6                game_fsm
 .text.game_reset
                0x00000000080008e6        0xc ./Core/Src/game.o
                0x00000000080008e6                game_reset
 *fill*         0x00000000080008f2        0x2 
 .text.main     0x00000000080008f4       0xc0 ./Core/Src/main.o
                0x00000000080008f4                main
 .text.SystemClock_Config
                0x00000000080009b4       0xd8 ./Core/Src/main.o
                0x00000000080009b4                SystemClock_Config
 .text.MX_I2C1_Init
                0x0000000008000a8c       0x5c ./Core/Src/main.o
 .text.MX_TIM1_Init
                0x0000000008000ae8      0x100 ./Core/Src/main.o
 .text.MX_DMA_Init
                0x0000000008000be8       0x40 ./Core/Src/main.o
 .text.MX_GPIO_Init
                0x0000000008000c28      0x180 ./Core/Src/main.o
 .text.StartDefaultTask
                0x0000000008000da8       0x10 ./Core/Src/main.o
                0x0000000008000da8                StartDefaultTask
 .text.HAL_TIM_PeriodElapsedCallback
                0x0000000008000db8       0x1e ./Core/Src/main.o
                0x0000000008000db8                HAL_TIM_PeriodElapsedCallback
 .text.Error_Handler
                0x0000000008000dd6        0xa ./Core/Src/main.o
                0x0000000008000dd6                Error_Handler
 .text.get_last_sensor_change
                0x0000000008000de0       0xf4 ./Core/Src/movement.o
                0x0000000008000de0                get_last_sensor_change
 .text.is_board_ok
                0x0000000008000ed4       0xb8 ./Core/Src/movement.o
                0x0000000008000ed4                is_board_ok
 .text.get_lifted_moves
                0x0000000008000f8c       0x4e ./Core/Src/movement.o
                0x0000000008000f8c                get_lifted_moves
 *fill*         0x0000000008000fda        0x2 
 .text.movement_fsm
                0x0000000008000fdc      0x1cc ./Core/Src/movement.o
                0x0000000008000fdc                movement_fsm
 .text.HAL_MspInit
                0x00000000080011a8       0x58 ./Core/Src/stm32f4xx_hal_msp.o
                0x00000000080011a8                HAL_MspInit
 .text.HAL_I2C_MspInit
                0x0000000008001200       0x90 ./Core/Src/stm32f4xx_hal_msp.o
                0x0000000008001200                HAL_I2C_MspInit
 .text.HAL_TIM_PWM_MspInit
                0x0000000008001290       0xd0 ./Core/Src/stm32f4xx_hal_msp.o
                0x0000000008001290                HAL_TIM_PWM_MspInit
 .text.HAL_TIM_MspPostInit
                0x0000000008001360       0x74 ./Core/Src/stm32f4xx_hal_msp.o
                0x0000000008001360                HAL_TIM_MspPostInit
 .text.HAL_InitTick
                0x00000000080013d4       0xf8 ./Core/Src/stm32f4xx_hal_timebase_tim.o
                0x00000000080013d4                HAL_InitTick
 .text.NMI_Handler
                0x00000000080014cc        0x6 ./Core/Src/stm32f4xx_it.o
                0x00000000080014cc                NMI_Handler
 .text.HardFault_Handler
                0x00000000080014d2        0x6 ./Core/Src/stm32f4xx_it.o
                0x00000000080014d2                HardFault_Handler
 .text.MemManage_Handler
                0x00000000080014d8        0x6 ./Core/Src/stm32f4xx_it.o
                0x00000000080014d8                MemManage_Handler
 .text.BusFault_Handler
                0x00000000080014de        0x6 ./Core/Src/stm32f4xx_it.o
                0x00000000080014de                BusFault_Handler
 .text.UsageFault_Handler
                0x00000000080014e4        0x6 ./Core/Src/stm32f4xx_it.o
                0x00000000080014e4                UsageFault_Handler
 .text.DebugMon_Handler
                0x00000000080014ea        0xe ./Core/Src/stm32f4xx_it.o
                0x00000000080014ea                DebugMon_Handler
 .text.TIM1_TRG_COM_TIM11_IRQHandler
                0x00000000080014f8       0x14 ./Core/Src/stm32f4xx_it.o
                0x00000000080014f8                TIM1_TRG_COM_TIM11_IRQHandler
 .text.TIM2_IRQHandler
                0x000000000800150c       0x14 ./Core/Src/stm32f4xx_it.o
                0x000000000800150c                TIM2_IRQHandler
 .text.DMA2_Stream4_IRQHandler
                0x0000000008001520       0x14 ./Core/Src/stm32f4xx_it.o
                0x0000000008001520                DMA2_Stream4_IRQHandler
 .text._read    0x0000000008001534       0x3a ./Core/Src/syscalls.o
                0x0000000008001534                _read
 .text._write   0x000000000800156e       0x38 ./Core/Src/syscalls.o
                0x000000000800156e                _write
 .text._close   0x00000000080015a6       0x18 ./Core/Src/syscalls.o
                0x00000000080015a6                _close
 .text._fstat   0x00000000080015be       0x20 ./Core/Src/syscalls.o
                0x00000000080015be                _fstat
 .text._isatty  0x00000000080015de       0x16 ./Core/Src/syscalls.o
                0x00000000080015de                _isatty
 .text._lseek   0x00000000080015f4       0x1a ./Core/Src/syscalls.o
                0x00000000080015f4                _lseek
 *fill*         0x000000000800160e        0x2 
 .text._sbrk    0x0000000008001610       0x6c ./Core/Src/sysmem.o
                0x0000000008001610                _sbrk
 .text.SystemInit
                0x000000000800167c       0x24 ./Core/Src/system_stm32f4xx.o
                0x000000000800167c                SystemInit
 .text.t_LCD    0x00000000080016a0       0x74 ./Core/Src/tareas.o
                0x00000000080016a0                t_LCD
 .text.t_Botones
                0x0000000008001714      0x150 ./Core/Src/tareas.o
                0x0000000008001714                t_Botones
 .text.t_userLoop
                0x0000000008001864       0x28 ./Core/Src/tareas.o
                0x0000000008001864                t_userLoop
 .text.t_WS2812
                0x000000000800188c       0x38 ./Core/Src/tareas.o
                0x000000000800188c                t_WS2812
 .text.user_init
                0x00000000080018c4       0x20 ./Core/Src/user_main.o
                0x00000000080018c4                user_init
 .text.get_promotion
                0x00000000080018e4       0x58 ./Core/Src/user_main.o
                0x00000000080018e4                get_promotion
 .text.user_loop
                0x000000000800193c        0xc ./Core/Src/user_main.o
                0x000000000800193c                user_loop
 .text.clear_game_state
                0x0000000008001948       0x3e ./Core/Src/engine/board.o
                0x0000000008001948                clear_game_state
 .text.place_piece
                0x0000000008001986       0x3c ./Core/Src/engine/board.o
                0x0000000008001986                place_piece
 .text.remove_piece
                0x00000000080019c2       0x2e ./Core/Src/engine/board.o
                0x00000000080019c2                remove_piece
 .text.engine_reset
                0x00000000080019f0       0x18 ./Core/Src/engine/engine.o
                0x00000000080019f0                engine_reset
 .text.engine_move_piece
                0x0000000008001a08       0x24 ./Core/Src/engine/engine.o
                0x0000000008001a08                engine_move_piece
 .text.engine_list_moves
                0x0000000008001a2c       0x20 ./Core/Src/engine/engine.o
                0x0000000008001a2c                engine_list_moves
 .text.engine_get_piece
                0x0000000008001a4c       0x20 ./Core/Src/engine/engine.o
                0x0000000008001a4c                engine_get_piece
 .text.load_fen
                0x0000000008001a6c      0x35c ./Core/Src/engine/interface.o
                0x0000000008001a6c                load_fen
 .text.make_move
                0x0000000008001dc8      0x202 ./Core/Src/engine/moves.o
                0x0000000008001dc8                make_move
 .text.check_promotion
                0x0000000008001fca       0x10 ./Core/Src/engine/moves.o
                0x0000000008001fca                check_promotion
 *fill*         0x0000000008001fda        0x2 
 .text.generate_moves
                0x0000000008001fdc      0x53c ./Core/Src/engine/moves.o
                0x0000000008001fdc                generate_moves
 .text.HAL_TIM_PWM_PulseFinishedCallback
                0x0000000008002518       0x24 ./Core/Src/led/ws2812.o
                0x0000000008002518                HAL_TIM_PWM_PulseFinishedCallback
 .text.ws2812_init
                0x000000000800253c       0x4c ./Core/Src/led/ws2812.o
                0x000000000800253c                ws2812_init
 .text.ws2812_update_pwm_data
                0x0000000008002588       0xf8 ./Core/Src/led/ws2812.o
                0x0000000008002588                ws2812_update_pwm_data
 .text.ws2812_update_leds_from_data
                0x0000000008002680       0x30 ./Core/Src/led/ws2812.o
                0x0000000008002680                ws2812_update_leds_from_data
 .text.lighting_set_output
                0x00000000080026b0       0x20 ./Core/Src/lighting/lighting.o
                0x00000000080026b0                lighting_set_output
 .text.set_color
                0x00000000080026d0       0x3c ./Core/Src/lighting/lighting.o
                0x00000000080026d0                set_color
 .text.paint_board
                0x000000000800270c       0x52 ./Core/Src/lighting/lighting.o
                0x000000000800270c                paint_board
 .text.paint_valid_moves
                0x000000000800275e       0x80 ./Core/Src/lighting/lighting.o
                0x000000000800275e                paint_valid_moves
 *fill*         0x00000000080027de        0x2 
 .text.paint_differences
                0x00000000080027e0       0xcc ./Core/Src/lighting/lighting.o
                0x00000000080027e0                paint_differences
 .text.paint_capture
                0x00000000080028ac       0x1e ./Core/Src/lighting/lighting.o
                0x00000000080028ac                paint_capture
 *fill*         0x00000000080028ca        0x2 
 .text.lighting_set_state
                0x00000000080028cc       0x20 ./Core/Src/lighting/lighting.o
                0x00000000080028cc                lighting_set_state
 .text.lighting_piece_lifted_square
                0x00000000080028ec       0x20 ./Core/Src/lighting/lighting.o
                0x00000000080028ec                lighting_piece_lifted_square
 .text.set_valid_moves
                0x000000000800290c       0x2c ./Core/Src/lighting/lighting.o
                0x000000000800290c                set_valid_moves
 .text.lighting_refresh
                0x0000000008002938       0x9c ./Core/Src/lighting/lighting.o
                0x0000000008002938                lighting_refresh
 .text.reed_scan_sensors
                0x00000000080029d4      0x27c ./Core/Src/reed/reed.o
                0x00000000080029d4                reed_scan_sensors
 .text.Reset_Handler
                0x0000000008002c50       0x50 ./Core/Startup/startup_stm32f401retx.o
                0x0000000008002c50                Reset_Handler
 .text.Default_Handler
                0x0000000008002ca0        0x2 ./Core/Startup/startup_stm32f401retx.o
                0x0000000008002ca0                RTC_Alarm_IRQHandler
                0x0000000008002ca0                EXTI2_IRQHandler
                0x0000000008002ca0                SPI4_IRQHandler
                0x0000000008002ca0                TIM1_CC_IRQHandler
                0x0000000008002ca0                DMA2_Stream5_IRQHandler
                0x0000000008002ca0                DMA1_Stream5_IRQHandler
                0x0000000008002ca0                PVD_IRQHandler
                0x0000000008002ca0                SDIO_IRQHandler
                0x0000000008002ca0                TAMP_STAMP_IRQHandler
                0x0000000008002ca0                EXTI3_IRQHandler
                0x0000000008002ca0                TIM1_UP_TIM10_IRQHandler
                0x0000000008002ca0                I2C3_ER_IRQHandler
                0x0000000008002ca0                EXTI0_IRQHandler
                0x0000000008002ca0                I2C2_EV_IRQHandler
                0x0000000008002ca0                DMA1_Stream2_IRQHandler
                0x0000000008002ca0                FPU_IRQHandler
                0x0000000008002ca0                DMA2_Stream2_IRQHandler
                0x0000000008002ca0                SPI1_IRQHandler
                0x0000000008002ca0                TIM1_BRK_TIM9_IRQHandler
                0x0000000008002ca0                DMA2_Stream3_IRQHandler
                0x0000000008002ca0                USART6_IRQHandler
                0x0000000008002ca0                DMA2_Stream0_IRQHandler
                0x0000000008002ca0                TIM4_IRQHandler
                0x0000000008002ca0                I2C1_EV_IRQHandler
                0x0000000008002ca0                DMA1_Stream6_IRQHandler
                0x0000000008002ca0                DMA1_Stream1_IRQHandler
                0x0000000008002ca0                TIM3_IRQHandler
                0x0000000008002ca0                RCC_IRQHandler
                0x0000000008002ca0                Default_Handler
                0x0000000008002ca0                EXTI15_10_IRQHandler
                0x0000000008002ca0                ADC_IRQHandler
                0x0000000008002ca0                DMA1_Stream7_IRQHandler
                0x0000000008002ca0                TIM5_IRQHandler
                0x0000000008002ca0                DMA2_Stream7_IRQHandler
                0x0000000008002ca0                I2C3_EV_IRQHandler
                0x0000000008002ca0                EXTI9_5_IRQHandler
                0x0000000008002ca0                RTC_WKUP_IRQHandler
                0x0000000008002ca0                SPI2_IRQHandler
                0x0000000008002ca0                DMA1_Stream0_IRQHandler
                0x0000000008002ca0                EXTI4_IRQHandler
                0x0000000008002ca0                WWDG_IRQHandler
                0x0000000008002ca0                OTG_FS_WKUP_IRQHandler
                0x0000000008002ca0                EXTI1_IRQHandler
                0x0000000008002ca0                USART2_IRQHandler
                0x0000000008002ca0                I2C2_ER_IRQHandler
                0x0000000008002ca0                DMA2_Stream1_IRQHandler
                0x0000000008002ca0                FLASH_IRQHandler
                0x0000000008002ca0                USART1_IRQHandler
                0x0000000008002ca0                OTG_FS_IRQHandler
                0x0000000008002ca0                SPI3_IRQHandler
                0x0000000008002ca0                DMA1_Stream4_IRQHandler
                0x0000000008002ca0                I2C1_ER_IRQHandler
                0x0000000008002ca0                DMA2_Stream6_IRQHandler
                0x0000000008002ca0                DMA1_Stream3_IRQHandler
 *fill*         0x0000000008002ca2        0x2 
 .text.HAL_Init
                0x0000000008002ca4       0x44 ./Drivers/STM32F4xx_HAL_Driver/Src/stm32f4xx_hal.o
                0x0000000008002ca4                HAL_Init
 .text.HAL_IncTick
                0x0000000008002ce8       0x28 ./Drivers/STM32F4xx_HAL_Driver/Src/stm32f4xx_hal.o
                0x0000000008002ce8                HAL_IncTick
 .text.HAL_GetTick
                0x0000000008002d10       0x18 ./Drivers/STM32F4xx_HAL_Driver/Src/stm32f4xx_hal.o
                0x0000000008002d10                HAL_GetTick
 .text.__NVIC_SetPriorityGrouping
                0x0000000008002d28       0x48 ./Drivers/STM32F4xx_HAL_Driver/Src/stm32f4xx_hal_cortex.o
 .text.__NVIC_GetPriorityGrouping
                0x0000000008002d70       0x1c ./Drivers/STM32F4xx_HAL_Driver/Src/stm32f4xx_hal_cortex.o
 .text.__NVIC_EnableIRQ
                0x0000000008002d8c       0x3c ./Drivers/STM32F4xx_HAL_Driver/Src/stm32f4xx_hal_cortex.o
 .text.__NVIC_SetPriority
                0x0000000008002dc8       0x54 ./Drivers/STM32F4xx_HAL_Driver/Src/stm32f4xx_hal_cortex.o
 .text.NVIC_EncodePriority
                0x0000000008002e1c       0x66 ./Drivers/STM32F4xx_HAL_Driver/Src/stm32f4xx_hal_cortex.o
 .text.HAL_NVIC_SetPriorityGrouping
                0x0000000008002e82       0x16 ./Drivers/STM32F4xx_HAL_Driver/Src/stm32f4xx_hal_cortex.o
                0x0000000008002e82                HAL_NVIC_SetPriorityGrouping
 .text.HAL_NVIC_SetPriority
                0x0000000008002e98       0x38 ./Drivers/STM32F4xx_HAL_Driver/Src/stm32f4xx_hal_cortex.o
                0x0000000008002e98                HAL_NVIC_SetPriority
 .text.HAL_NVIC_EnableIRQ
                0x0000000008002ed0       0x1c ./Drivers/STM32F4xx_HAL_Driver/Src/stm32f4xx_hal_cortex.o
                0x0000000008002ed0                HAL_NVIC_EnableIRQ
 .text.HAL_DMA_Init
                0x0000000008002eec      0x15c ./Drivers/STM32F4xx_HAL_Driver/Src/stm32f4xx_hal_dma.o
                0x0000000008002eec                HAL_DMA_Init
 .text.HAL_DMA_Start_IT
                0x0000000008003048       0xb0 ./Drivers/STM32F4xx_HAL_Driver/Src/stm32f4xx_hal_dma.o
                0x0000000008003048                HAL_DMA_Start_IT
 .text.HAL_DMA_Abort_IT
                0x00000000080030f8       0x44 ./Drivers/STM32F4xx_HAL_Driver/Src/stm32f4xx_hal_dma.o
                0x00000000080030f8                HAL_DMA_Abort_IT
 .text.HAL_DMA_IRQHandler
                0x000000000800313c      0x314 ./Drivers/STM32F4xx_HAL_Driver/Src/stm32f4xx_hal_dma.o
                0x000000000800313c                HAL_DMA_IRQHandler
 .text.DMA_SetConfig
                0x0000000008003450       0x5c ./Drivers/STM32F4xx_HAL_Driver/Src/stm32f4xx_hal_dma.o
 .text.DMA_CalcBaseAndBitshift
                0x00000000080034ac       0x6c ./Drivers/STM32F4xx_HAL_Driver/Src/stm32f4xx_hal_dma.o
 .text.DMA_CheckFifoParam
                0x0000000008003518       0xf8 ./Drivers/STM32F4xx_HAL_Driver/Src/stm32f4xx_hal_dma.o
 .text.HAL_GPIO_Init
                0x0000000008003610      0x308 ./Drivers/STM32F4xx_HAL_Driver/Src/stm32f4xx_hal_gpio.o
                0x0000000008003610                HAL_GPIO_Init
 .text.HAL_GPIO_ReadPin
                0x0000000008003918       0x30 ./Drivers/STM32F4xx_HAL_Driver/Src/stm32f4xx_hal_gpio.o
                0x0000000008003918                HAL_GPIO_ReadPin
 .text.HAL_GPIO_WritePin
                0x0000000008003948       0x32 ./Drivers/STM32F4xx_HAL_Driver/Src/stm32f4xx_hal_gpio.o
                0x0000000008003948                HAL_GPIO_WritePin
 *fill*         0x000000000800397a        0x2 
 .text.HAL_I2C_Init
                0x000000000800397c      0x288 ./Drivers/STM32F4xx_HAL_Driver/Src/stm32f4xx_hal_i2c.o
                0x000000000800397c                HAL_I2C_Init
 .text.HAL_I2C_Master_Transmit
                0x0000000008003c04      0x1fc ./Drivers/STM32F4xx_HAL_Driver/Src/stm32f4xx_hal_i2c.o
                0x0000000008003c04                HAL_I2C_Master_Transmit
 .text.I2C_MasterRequestWrite
                0x0000000008003e00      0x104 ./Drivers/STM32F4xx_HAL_Driver/Src/stm32f4xx_hal_i2c.o
 .text.I2C_WaitOnFlagUntilTimeout
                0x0000000008003f04       0xae ./Drivers/STM32F4xx_HAL_Driver/Src/stm32f4xx_hal_i2c.o
 .text.I2C_WaitOnMasterAddressFlagUntilTimeout
                0x0000000008003fb2       0xfe ./Drivers/STM32F4xx_HAL_Driver/Src/stm32f4xx_hal_i2c.o
 .text.I2C_WaitOnTXEFlagUntilTimeout
                0x00000000080040b0       0x82 ./Drivers/STM32F4xx_HAL_Driver/Src/stm32f4xx_hal_i2c.o
 .text.I2C_WaitOnBTFFlagUntilTimeout
                0x0000000008004132       0x82 ./Drivers/STM32F4xx_HAL_Driver/Src/stm32f4xx_hal_i2c.o
 .text.I2C_IsAcknowledgeFailed
                0x00000000080041b4       0x5e ./Drivers/STM32F4xx_HAL_Driver/Src/stm32f4xx_hal_i2c.o
 *fill*         0x0000000008004212        0x2 
 .text.HAL_RCC_OscConfig
                0x0000000008004214      0x4f0 ./Drivers/STM32F4xx_HAL_Driver/Src/stm32f4xx_hal_rcc.o
                0x0000000008004214                HAL_RCC_OscConfig
 .text.HAL_RCC_ClockConfig
                0x0000000008004704      0x1cc ./Drivers/STM32F4xx_HAL_Driver/Src/stm32f4xx_hal_rcc.o
                0x0000000008004704                HAL_RCC_ClockConfig
 .text.HAL_RCC_GetSysClockFreq
                0x00000000080048d0      0x20c ./Drivers/STM32F4xx_HAL_Driver/Src/stm32f4xx_hal_rcc.o
                0x00000000080048d0                HAL_RCC_GetSysClockFreq
 .text.HAL_RCC_GetHCLKFreq
                0x0000000008004adc       0x18 ./Drivers/STM32F4xx_HAL_Driver/Src/stm32f4xx_hal_rcc.o
                0x0000000008004adc                HAL_RCC_GetHCLKFreq
 .text.HAL_RCC_GetPCLK1Freq
                0x0000000008004af4       0x28 ./Drivers/STM32F4xx_HAL_Driver/Src/stm32f4xx_hal_rcc.o
                0x0000000008004af4                HAL_RCC_GetPCLK1Freq
 .text.HAL_RCC_GetClockConfig
                0x0000000008004b1c       0x64 ./Drivers/STM32F4xx_HAL_Driver/Src/stm32f4xx_hal_rcc.o
                0x0000000008004b1c                HAL_RCC_GetClockConfig
 .text.HAL_TIM_Base_Init
                0x0000000008004b80       0x9e ./Drivers/STM32F4xx_HAL_Driver/Src/stm32f4xx_hal_tim.o
                0x0000000008004b80                HAL_TIM_Base_Init
 .text.HAL_TIM_Base_MspInit
                0x0000000008004c1e       0x14 ./Drivers/STM32F4xx_HAL_Driver/Src/stm32f4xx_hal_tim.o
                0x0000000008004c1e                HAL_TIM_Base_MspInit
 *fill*         0x0000000008004c32        0x2 
 .text.HAL_TIM_Base_Start_IT
                0x0000000008004c34       0xc4 ./Drivers/STM32F4xx_HAL_Driver/Src/stm32f4xx_hal_tim.o
                0x0000000008004c34                HAL_TIM_Base_Start_IT
 .text.HAL_TIM_PWM_Init
                0x0000000008004cf8       0x9e ./Drivers/STM32F4xx_HAL_Driver/Src/stm32f4xx_hal_tim.o
                0x0000000008004cf8                HAL_TIM_PWM_Init
 *fill*         0x0000000008004d96        0x2 
 .text.HAL_TIM_PWM_Start_DMA
                0x0000000008004d98      0x360 ./Drivers/STM32F4xx_HAL_Driver/Src/stm32f4xx_hal_tim.o
                0x0000000008004d98                HAL_TIM_PWM_Start_DMA
 .text.HAL_TIM_PWM_Stop_DMA
                0x00000000080050f8      0x18c ./Drivers/STM32F4xx_HAL_Driver/Src/stm32f4xx_hal_tim.o
                0x00000000080050f8                HAL_TIM_PWM_Stop_DMA
 .text.HAL_TIM_IRQHandler
                0x0000000008005284      0x210 ./Drivers/STM32F4xx_HAL_Driver/Src/stm32f4xx_hal_tim.o
                0x0000000008005284                HAL_TIM_IRQHandler
 .text.HAL_TIM_PWM_ConfigChannel
                0x0000000008005494      0x184 ./Drivers/STM32F4xx_HAL_Driver/Src/stm32f4xx_hal_tim.o
                0x0000000008005494                HAL_TIM_PWM_ConfigChannel
 .text.HAL_TIM_OC_DelayElapsedCallback
                0x0000000008005618       0x14 ./Drivers/STM32F4xx_HAL_Driver/Src/stm32f4xx_hal_tim.o
                0x0000000008005618                HAL_TIM_OC_DelayElapsedCallback
 .text.HAL_TIM_IC_CaptureCallback
                0x000000000800562c       0x14 ./Drivers/STM32F4xx_HAL_Driver/Src/stm32f4xx_hal_tim.o
                0x000000000800562c                HAL_TIM_IC_CaptureCallback
 .text.HAL_TIM_PWM_PulseFinishedHalfCpltCallback
                0x0000000008005640       0x14 ./Drivers/STM32F4xx_HAL_Driver/Src/stm32f4xx_hal_tim.o
                0x0000000008005640                HAL_TIM_PWM_PulseFinishedHalfCpltCallback
 .text.HAL_TIM_TriggerCallback
                0x0000000008005654       0x14 ./Drivers/STM32F4xx_HAL_Driver/Src/stm32f4xx_hal_tim.o
                0x0000000008005654                HAL_TIM_TriggerCallback
 .text.HAL_TIM_ErrorCallback
                0x0000000008005668       0x14 ./Drivers/STM32F4xx_HAL_Driver/Src/stm32f4xx_hal_tim.o
                0x0000000008005668                HAL_TIM_ErrorCallback
 .text.TIM_DMAError
                0x000000000800567c       0x92 ./Drivers/STM32F4xx_HAL_Driver/Src/stm32f4xx_hal_tim.o
                0x000000000800567c                TIM_DMAError
 .text.TIM_DMADelayPulseCplt
                0x000000000800570e       0xa8 ./Drivers/STM32F4xx_HAL_Driver/Src/stm32f4xx_hal_tim.o
 .text.TIM_DMADelayPulseHalfCplt
                0x00000000080057b6       0x68 ./Drivers/STM32F4xx_HAL_Driver/Src/stm32f4xx_hal_tim.o
                0x00000000080057b6                TIM_DMADelayPulseHalfCplt
 *fill*         0x000000000800581e        0x2 
 .text.TIM_Base_SetConfig
                0x0000000008005820      0x100 ./Drivers/STM32F4xx_HAL_Driver/Src/stm32f4xx_hal_tim.o
                0x0000000008005820                TIM_Base_SetConfig
 .text.TIM_OC1_SetConfig
                0x0000000008005920       0xcc ./Drivers/STM32F4xx_HAL_Driver/Src/stm32f4xx_hal_tim.o
 .text.TIM_OC2_SetConfig
                0x00000000080059ec       0xd8 ./Drivers/STM32F4xx_HAL_Driver/Src/stm32f4xx_hal_tim.o
                0x00000000080059ec                TIM_OC2_SetConfig
 .text.TIM_OC3_SetConfig
                0x0000000008005ac4       0xd4 ./Drivers/STM32F4xx_HAL_Driver/Src/stm32f4xx_hal_tim.o
 .text.TIM_OC4_SetConfig
                0x0000000008005b98       0xa0 ./Drivers/STM32F4xx_HAL_Driver/Src/stm32f4xx_hal_tim.o
 .text.TIM_CCxChannelCmd
                0x0000000008005c38       0x4a ./Drivers/STM32F4xx_HAL_Driver/Src/stm32f4xx_hal_tim.o
                0x0000000008005c38                TIM_CCxChannelCmd
 *fill*         0x0000000008005c82        0x2 
 .text.HAL_TIMEx_MasterConfigSynchronization
                0x0000000008005c84       0xdc ./Drivers/STM32F4xx_HAL_Driver/Src/stm32f4xx_hal_tim_ex.o
                0x0000000008005c84                HAL_TIMEx_MasterConfigSynchronization
 .text.HAL_TIMEx_ConfigBreakDeadTime
                0x0000000008005d60       0xa4 ./Drivers/STM32F4xx_HAL_Driver/Src/stm32f4xx_hal_tim_ex.o
                0x0000000008005d60                HAL_TIMEx_ConfigBreakDeadTime
 .text.HAL_TIMEx_CommutCallback
                0x0000000008005e04       0x14 ./Drivers/STM32F4xx_HAL_Driver/Src/stm32f4xx_hal_tim_ex.o
                0x0000000008005e04                HAL_TIMEx_CommutCallback
 .text.HAL_TIMEx_BreakCallback
                0x0000000008005e18       0x14 ./Drivers/STM32F4xx_HAL_Driver/Src/stm32f4xx_hal_tim_ex.o
                0x0000000008005e18                HAL_TIMEx_BreakCallback
 .text.makeFreeRtosPriority
                0x0000000008005e2c       0x30 ./Middlewares/Third_Party/FreeRTOS/Source/CMSIS_RTOS/cmsis_os.o
 .text.osKernelStart
                0x0000000008005e5c        0xe ./Middlewares/Third_Party/FreeRTOS/Source/CMSIS_RTOS/cmsis_os.o
                0x0000000008005e5c                osKernelStart
 .text.osThreadCreate
                0x0000000008005e6a       0x98 ./Middlewares/Third_Party/FreeRTOS/Source/CMSIS_RTOS/cmsis_os.o
                0x0000000008005e6a                osThreadCreate
 .text.osDelay  0x0000000008005f02       0x28 ./Middlewares/Third_Party/FreeRTOS/Source/CMSIS_RTOS/cmsis_os.o
                0x0000000008005f02                osDelay
 .text.vListInitialise
                0x0000000008005f2a       0x40 ./Middlewares/Third_Party/FreeRTOS/Source/list.o
                0x0000000008005f2a                vListInitialise
 .text.vListInitialiseItem
                0x0000000008005f6a       0x1a ./Middlewares/Third_Party/FreeRTOS/Source/list.o
                0x0000000008005f6a                vListInitialiseItem
 .text.vListInsertEnd
                0x0000000008005f84       0x48 ./Middlewares/Third_Party/FreeRTOS/Source/list.o
                0x0000000008005f84                vListInsertEnd
 .text.vListInsert
                0x0000000008005fcc       0x72 ./Middlewares/Third_Party/FreeRTOS/Source/list.o
                0x0000000008005fcc                vListInsert
 .text.uxListRemove
                0x000000000800603e       0x54 ./Middlewares/Third_Party/FreeRTOS/Source/list.o
                0x000000000800603e                uxListRemove
 *fill*         0x0000000008006092        0x2 
 .text.xQueueGenericReset
                0x0000000008006094       0xd0 ./Middlewares/Third_Party/FreeRTOS/Source/queue.o
                0x0000000008006094                xQueueGenericReset
 .text.xQueueGenericCreate
                0x0000000008006164       0x74 ./Middlewares/Third_Party/FreeRTOS/Source/queue.o
                0x0000000008006164                xQueueGenericCreate
 .text.prvInitialiseNewQueue
                0x00000000080061d8       0x3e ./Middlewares/Third_Party/FreeRTOS/Source/queue.o
 *fill*         0x0000000008006216        0x2 
 .text.xQueueGenericSend
                0x0000000008006218      0x1fc ./Middlewares/Third_Party/FreeRTOS/Source/queue.o
                0x0000000008006218                xQueueGenericSend
 .text.xQueueReceive
                0x0000000008006414      0x1c0 ./Middlewares/Third_Party/FreeRTOS/Source/queue.o
                0x0000000008006414                xQueueReceive
 .text.uxQueueMessagesWaiting
                0x00000000080065d4       0x3c ./Middlewares/Third_Party/FreeRTOS/Source/queue.o
                0x00000000080065d4                uxQueueMessagesWaiting
 .text.prvCopyDataToQueue
                0x0000000008006610       0xd4 ./Middlewares/Third_Party/FreeRTOS/Source/queue.o
 .text.prvCopyDataFromQueue
                0x00000000080066e4       0x4c ./Middlewares/Third_Party/FreeRTOS/Source/queue.o
 .text.prvUnlockQueue
                0x0000000008006730       0xa4 ./Middlewares/Third_Party/FreeRTOS/Source/queue.o
 .text.prvIsQueueEmpty
                0x00000000080067d4       0x2c ./Middlewares/Third_Party/FreeRTOS/Source/queue.o
 .text.prvIsQueueFull
                0x0000000008006800       0x30 ./Middlewares/Third_Party/FreeRTOS/Source/queue.o
 .text.xTaskCreateStatic
                0x0000000008006830       0xba ./Middlewares/Third_Party/FreeRTOS/Source/tasks.o
                0x0000000008006830                xTaskCreateStatic
 .text.xTaskCreate
                0x00000000080068ea       0x8a ./Middlewares/Third_Party/FreeRTOS/Source/tasks.o
                0x00000000080068ea                xTaskCreate
 .text.prvInitialiseNewTask
                0x0000000008006974      0x13c ./Middlewares/Third_Party/FreeRTOS/Source/tasks.o
 .text.prvAddNewTaskToReadyList
                0x0000000008006ab0       0xd4 ./Middlewares/Third_Party/FreeRTOS/Source/tasks.o
 .text.vTaskDelay
                0x0000000008006b84       0x68 ./Middlewares/Third_Party/FreeRTOS/Source/tasks.o
                0x0000000008006b84                vTaskDelay
 .text.vTaskStartScheduler
                0x0000000008006bec       0xd4 ./Middlewares/Third_Party/FreeRTOS/Source/tasks.o
                0x0000000008006bec                vTaskStartScheduler
 .text.vTaskSuspendAll
                0x0000000008006cc0       0x1c ./Middlewares/Third_Party/FreeRTOS/Source/tasks.o
                0x0000000008006cc0                vTaskSuspendAll
 .text.xTaskResumeAll
                0x0000000008006cdc      0x138 ./Middlewares/Third_Party/FreeRTOS/Source/tasks.o
                0x0000000008006cdc                xTaskResumeAll
 .text.xTaskIncrementTick
                0x0000000008006e14      0x170 ./Middlewares/Third_Party/FreeRTOS/Source/tasks.o
                0x0000000008006e14                xTaskIncrementTick
 .text.vTaskSwitchContext
                0x0000000008006f84       0xc4 ./Middlewares/Third_Party/FreeRTOS/Source/tasks.o
                0x0000000008006f84                vTaskSwitchContext
 .text.vTaskPlaceOnEventList
                0x0000000008007048       0x48 ./Middlewares/Third_Party/FreeRTOS/Source/tasks.o
                0x0000000008007048                vTaskPlaceOnEventList
 .text.xTaskRemoveFromEventList
                0x0000000008007090       0xc4 ./Middlewares/Third_Party/FreeRTOS/Source/tasks.o
                0x0000000008007090                xTaskRemoveFromEventList
 .text.vTaskInternalSetTimeOutState
                0x0000000008007154       0x2c ./Middlewares/Third_Party/FreeRTOS/Source/tasks.o
                0x0000000008007154                vTaskInternalSetTimeOutState
 .text.xTaskCheckForTimeOut
                0x0000000008007180       0xc4 ./Middlewares/Third_Party/FreeRTOS/Source/tasks.o
                0x0000000008007180                xTaskCheckForTimeOut
 .text.vTaskMissedYield
                0x0000000008007244       0x18 ./Middlewares/Third_Party/FreeRTOS/Source/tasks.o
                0x0000000008007244                vTaskMissedYield
 .text.prvIdleTask
                0x000000000800725c       0x30 ./Middlewares/Third_Party/FreeRTOS/Source/tasks.o
 .text.prvInitialiseTaskLists
                0x000000000800728c       0x80 ./Middlewares/Third_Party/FreeRTOS/Source/tasks.o
 .text.prvCheckTasksWaitingTermination
                0x000000000800730c       0x5c ./Middlewares/Third_Party/FreeRTOS/Source/tasks.o
 .text.prvDeleteTCB
                0x0000000008007368       0x68 ./Middlewares/Third_Party/FreeRTOS/Source/tasks.o
 .text.prvResetNextTaskUnblockTime
                0x00000000080073d0       0x40 ./Middlewares/Third_Party/FreeRTOS/Source/tasks.o
 .text.xTaskGetSchedulerState
                0x0000000008007410       0x3c ./Middlewares/Third_Party/FreeRTOS/Source/tasks.o
                0x0000000008007410                xTaskGetSchedulerState
 .text.xTaskPriorityDisinherit
                0x000000000800744c      0x10c ./Middlewares/Third_Party/FreeRTOS/Source/tasks.o
                0x000000000800744c                xTaskPriorityDisinherit
 .text.prvAddCurrentTaskToDelayedList
                0x0000000008007558       0xcc ./Middlewares/Third_Party/FreeRTOS/Source/tasks.o
 .text.pxPortInitialiseStack
                0x0000000008007624       0x68 ./Middlewares/Third_Party/FreeRTOS/Source/portable/GCC/ARM_CM4F/port.o
                0x0000000008007624                pxPortInitialiseStack
 .text.prvTaskExitError
                0x000000000800768c       0x58 ./Middlewares/Third_Party/FreeRTOS/Source/portable/GCC/ARM_CM4F/port.o
 *fill*         0x00000000080076e4        0xc 
 .text.SVC_Handler
                0x00000000080076f0       0x28 ./Middlewares/Third_Party/FreeRTOS/Source/portable/GCC/ARM_CM4F/port.o
                0x00000000080076f0                SVC_Handler
 .text.prvPortStartFirstTask
                0x0000000008007718       0x28 ./Middlewares/Third_Party/FreeRTOS/Source/portable/GCC/ARM_CM4F/port.o
 .text.xPortStartScheduler
                0x0000000008007740      0x144 ./Middlewares/Third_Party/FreeRTOS/Source/portable/GCC/ARM_CM4F/port.o
                0x0000000008007740                xPortStartScheduler
 .text.vPortEnterCritical
                0x0000000008007884       0x60 ./Middlewares/Third_Party/FreeRTOS/Source/portable/GCC/ARM_CM4F/port.o
                0x0000000008007884                vPortEnterCritical
 .text.vPortExitCritical
                0x00000000080078e4       0x54 ./Middlewares/Third_Party/FreeRTOS/Source/portable/GCC/ARM_CM4F/port.o
                0x00000000080078e4                vPortExitCritical
 *fill*         0x0000000008007938        0x8 
 .text.PendSV_Handler
                0x0000000008007940       0x68 ./Middlewares/Third_Party/FreeRTOS/Source/portable/GCC/ARM_CM4F/port.o
                0x0000000008007940                PendSV_Handler
 .text.SysTick_Handler
                0x00000000080079a8       0x44 ./Middlewares/Third_Party/FreeRTOS/Source/portable/GCC/ARM_CM4F/port.o
                0x00000000080079a8                SysTick_Handler
 .text.vPortSetupTimerInterrupt
                0x00000000080079ec       0x48 ./Middlewares/Third_Party/FreeRTOS/Source/portable/GCC/ARM_CM4F/port.o
                0x00000000080079ec                vPortSetupTimerInterrupt
 .text.vPortEnableVFP
                0x0000000008007a34       0x14 ./Middlewares/Third_Party/FreeRTOS/Source/portable/GCC/ARM_CM4F/port.o
 .text.pvPortMalloc
                0x0000000008007a48      0x198 ./Middlewares/Third_Party/FreeRTOS/Source/portable/MemMang/heap_4.o
                0x0000000008007a48                pvPortMalloc
 .text.vPortFree
                0x0000000008007be0       0xc4 ./Middlewares/Third_Party/FreeRTOS/Source/portable/MemMang/heap_4.o
                0x0000000008007be0                vPortFree
 .text.prvHeapInit
                0x0000000008007ca4       0xc4 ./Middlewares/Third_Party/FreeRTOS/Source/portable/MemMang/heap_4.o
 .text.prvInsertBlockIntoFreeList
                0x0000000008007d68       0xb4 ./Middlewares/Third_Party/FreeRTOS/Source/portable/MemMang/heap_4.o
 .text.std      0x0000000008007e1c       0x6c C:/ST/STM32CubeIDE_1.13.2/STM32CubeIDE/plugins/com.st.stm32cube.ide.mcu.externaltools.gnu-tools-for-stm32.11.3.rel1.win32_1.1.100.202309141235/tools/bin/../lib/gcc/arm-none-eabi/11.3.1/../../../../arm-none-eabi/lib/thumb/v7e-m+fp/hard\libc_nano.a(libc_a-findfp.o)
 .text.stdio_exit_handler
                0x0000000008007e88       0x18 C:/ST/STM32CubeIDE_1.13.2/STM32CubeIDE/plugins/com.st.stm32cube.ide.mcu.externaltools.gnu-tools-for-stm32.11.3.rel1.win32_1.1.100.202309141235/tools/bin/../lib/gcc/arm-none-eabi/11.3.1/../../../../arm-none-eabi/lib/thumb/v7e-m+fp/hard\libc_nano.a(libc_a-findfp.o)
 .text.cleanup_stdio
                0x0000000008007ea0       0x40 C:/ST/STM32CubeIDE_1.13.2/STM32CubeIDE/plugins/com.st.stm32cube.ide.mcu.externaltools.gnu-tools-for-stm32.11.3.rel1.win32_1.1.100.202309141235/tools/bin/../lib/gcc/arm-none-eabi/11.3.1/../../../../arm-none-eabi/lib/thumb/v7e-m+fp/hard\libc_nano.a(libc_a-findfp.o)
 .text.global_stdio_init.part.0
                0x0000000008007ee0       0x3c C:/ST/STM32CubeIDE_1.13.2/STM32CubeIDE/plugins/com.st.stm32cube.ide.mcu.externaltools.gnu-tools-for-stm32.11.3.rel1.win32_1.1.100.202309141235/tools/bin/../lib/gcc/arm-none-eabi/11.3.1/../../../../arm-none-eabi/lib/thumb/v7e-m+fp/hard\libc_nano.a(libc_a-findfp.o)
 .text.__sfp_lock_acquire
                0x0000000008007f1c        0xc C:/ST/STM32CubeIDE_1.13.2/STM32CubeIDE/plugins/com.st.stm32cube.ide.mcu.externaltools.gnu-tools-for-stm32.11.3.rel1.win32_1.1.100.202309141235/tools/bin/../lib/gcc/arm-none-eabi/11.3.1/../../../../arm-none-eabi/lib/thumb/v7e-m+fp/hard\libc_nano.a(libc_a-findfp.o)
                0x0000000008007f1c                __sfp_lock_acquire
 .text.__sfp_lock_release
                0x0000000008007f28        0xc C:/ST/STM32CubeIDE_1.13.2/STM32CubeIDE/plugins/com.st.stm32cube.ide.mcu.externaltools.gnu-tools-for-stm32.11.3.rel1.win32_1.1.100.202309141235/tools/bin/../lib/gcc/arm-none-eabi/11.3.1/../../../../arm-none-eabi/lib/thumb/v7e-m+fp/hard\libc_nano.a(libc_a-findfp.o)
                0x0000000008007f28                __sfp_lock_release
 .text.__sinit  0x0000000008007f34       0x30 C:/ST/STM32CubeIDE_1.13.2/STM32CubeIDE/plugins/com.st.stm32cube.ide.mcu.externaltools.gnu-tools-for-stm32.11.3.rel1.win32_1.1.100.202309141235/tools/bin/../lib/gcc/arm-none-eabi/11.3.1/../../../../arm-none-eabi/lib/thumb/v7e-m+fp/hard\libc_nano.a(libc_a-findfp.o)
                0x0000000008007f34                __sinit
 .text._fwalk_sglue
                0x0000000008007f64       0x3c C:/ST/STM32CubeIDE_1.13.2/STM32CubeIDE/plugins/com.st.stm32cube.ide.mcu.externaltools.gnu-tools-for-stm32.11.3.rel1.win32_1.1.100.202309141235/tools/bin/../lib/gcc/arm-none-eabi/11.3.1/../../../../arm-none-eabi/lib/thumb/v7e-m+fp/hard\libc_nano.a(libc_a-fwalk.o)
                0x0000000008007f64                _fwalk_sglue
 .text.printf   0x0000000008007fa0       0x24 C:/ST/STM32CubeIDE_1.13.2/STM32CubeIDE/plugins/com.st.stm32cube.ide.mcu.externaltools.gnu-tools-for-stm32.11.3.rel1.win32_1.1.100.202309141235/tools/bin/../lib/gcc/arm-none-eabi/11.3.1/../../../../arm-none-eabi/lib/thumb/v7e-m+fp/hard\libc_nano.a(libc_a-printf.o)
                0x0000000008007fa0                iprintf
                0x0000000008007fa0                printf
 .text._puts_r  0x0000000008007fc4       0xa8 C:/ST/STM32CubeIDE_1.13.2/STM32CubeIDE/plugins/com.st.stm32cube.ide.mcu.externaltools.gnu-tools-for-stm32.11.3.rel1.win32_1.1.100.202309141235/tools/bin/../lib/gcc/arm-none-eabi/11.3.1/../../../../arm-none-eabi/lib/thumb/v7e-m+fp/hard\libc_nano.a(libc_a-puts.o)
                0x0000000008007fc4                _puts_r
 .text.puts     0x000000000800806c       0x10 C:/ST/STM32CubeIDE_1.13.2/STM32CubeIDE/plugins/com.st.stm32cube.ide.mcu.externaltools.gnu-tools-for-stm32.11.3.rel1.win32_1.1.100.202309141235/tools/bin/../lib/gcc/arm-none-eabi/11.3.1/../../../../arm-none-eabi/lib/thumb/v7e-m+fp/hard\libc_nano.a(libc_a-puts.o)
                0x000000000800806c                puts
 .text.scanf    0x000000000800807c       0x24 C:/ST/STM32CubeIDE_1.13.2/STM32CubeIDE/plugins/com.st.stm32cube.ide.mcu.externaltools.gnu-tools-for-stm32.11.3.rel1.win32_1.1.100.202309141235/tools/bin/../lib/gcc/arm-none-eabi/11.3.1/../../../../arm-none-eabi/lib/thumb/v7e-m+fp/hard\libc_nano.a(libc_a-scanf.o)
                0x000000000800807c                scanf
                0x000000000800807c                iscanf
 .text.__sread  0x00000000080080a0       0x22 C:/ST/STM32CubeIDE_1.13.2/STM32CubeIDE/plugins/com.st.stm32cube.ide.mcu.externaltools.gnu-tools-for-stm32.11.3.rel1.win32_1.1.100.202309141235/tools/bin/../lib/gcc/arm-none-eabi/11.3.1/../../../../arm-none-eabi/lib/thumb/v7e-m+fp/hard\libc_nano.a(libc_a-stdio.o)
                0x00000000080080a0                __sread
 .text.__swrite
                0x00000000080080c2       0x38 C:/ST/STM32CubeIDE_1.13.2/STM32CubeIDE/plugins/com.st.stm32cube.ide.mcu.externaltools.gnu-tools-for-stm32.11.3.rel1.win32_1.1.100.202309141235/tools/bin/../lib/gcc/arm-none-eabi/11.3.1/../../../../arm-none-eabi/lib/thumb/v7e-m+fp/hard\libc_nano.a(libc_a-stdio.o)
                0x00000000080080c2                __swrite
 .text.__sseek  0x00000000080080fa       0x24 C:/ST/STM32CubeIDE_1.13.2/STM32CubeIDE/plugins/com.st.stm32cube.ide.mcu.externaltools.gnu-tools-for-stm32.11.3.rel1.win32_1.1.100.202309141235/tools/bin/../lib/gcc/arm-none-eabi/11.3.1/../../../../arm-none-eabi/lib/thumb/v7e-m+fp/hard\libc_nano.a(libc_a-stdio.o)
                0x00000000080080fa                __sseek
 .text.__sclose
                0x000000000800811e        0x8 C:/ST/STM32CubeIDE_1.13.2/STM32CubeIDE/plugins/com.st.stm32cube.ide.mcu.externaltools.gnu-tools-for-stm32.11.3.rel1.win32_1.1.100.202309141235/tools/bin/../lib/gcc/arm-none-eabi/11.3.1/../../../../arm-none-eabi/lib/thumb/v7e-m+fp/hard\libc_nano.a(libc_a-stdio.o)
                0x000000000800811e                __sclose
 .text.__swbuf_r
                0x0000000008008126       0x7a C:/ST/STM32CubeIDE_1.13.2/STM32CubeIDE/plugins/com.st.stm32cube.ide.mcu.externaltools.gnu-tools-for-stm32.11.3.rel1.win32_1.1.100.202309141235/tools/bin/../lib/gcc/arm-none-eabi/11.3.1/../../../../arm-none-eabi/lib/thumb/v7e-m+fp/hard\libc_nano.a(libc_a-wbuf.o)
                0x0000000008008126                __swbuf_r
 .text.__swsetup_r
                0x00000000080081a0       0xb0 C:/ST/STM32CubeIDE_1.13.2/STM32CubeIDE/plugins/com.st.stm32cube.ide.mcu.externaltools.gnu-tools-for-stm32.11.3.rel1.win32_1.1.100.202309141235/tools/bin/../lib/gcc/arm-none-eabi/11.3.1/../../../../arm-none-eabi/lib/thumb/v7e-m+fp/hard\libc_nano.a(libc_a-wsetup.o)
                0x00000000080081a0                __swsetup_r
 .text.memset   0x0000000008008250       0x10 C:/ST/STM32CubeIDE_1.13.2/STM32CubeIDE/plugins/com.st.stm32cube.ide.mcu.externaltools.gnu-tools-for-stm32.11.3.rel1.win32_1.1.100.202309141235/tools/bin/../lib/gcc/arm-none-eabi/11.3.1/../../../../arm-none-eabi/lib/thumb/v7e-m+fp/hard\libc_nano.a(libc_a-memset.o)
                0x0000000008008250                memset
 .text._close_r
                0x0000000008008260       0x20 C:/ST/STM32CubeIDE_1.13.2/STM32CubeIDE/plugins/com.st.stm32cube.ide.mcu.externaltools.gnu-tools-for-stm32.11.3.rel1.win32_1.1.100.202309141235/tools/bin/../lib/gcc/arm-none-eabi/11.3.1/../../../../arm-none-eabi/lib/thumb/v7e-m+fp/hard\libc_nano.a(libc_a-closer.o)
                0x0000000008008260                _close_r
 .text._reclaim_reent
                0x0000000008008280       0xac C:/ST/STM32CubeIDE_1.13.2/STM32CubeIDE/plugins/com.st.stm32cube.ide.mcu.externaltools.gnu-tools-for-stm32.11.3.rel1.win32_1.1.100.202309141235/tools/bin/../lib/gcc/arm-none-eabi/11.3.1/../../../../arm-none-eabi/lib/thumb/v7e-m+fp/hard\libc_nano.a(libc_a-reent.o)
                0x0000000008008280                _reclaim_reent
 .text._lseek_r
                0x000000000800832c       0x24 C:/ST/STM32CubeIDE_1.13.2/STM32CubeIDE/plugins/com.st.stm32cube.ide.mcu.externaltools.gnu-tools-for-stm32.11.3.rel1.win32_1.1.100.202309141235/tools/bin/../lib/gcc/arm-none-eabi/11.3.1/../../../../arm-none-eabi/lib/thumb/v7e-m+fp/hard\libc_nano.a(libc_a-lseekr.o)
                0x000000000800832c                _lseek_r
 .text._read_r  0x0000000008008350       0x24 C:/ST/STM32CubeIDE_1.13.2/STM32CubeIDE/plugins/com.st.stm32cube.ide.mcu.externaltools.gnu-tools-for-stm32.11.3.rel1.win32_1.1.100.202309141235/tools/bin/../lib/gcc/arm-none-eabi/11.3.1/../../../../arm-none-eabi/lib/thumb/v7e-m+fp/hard\libc_nano.a(libc_a-readr.o)
                0x0000000008008350                _read_r
 .text._write_r
                0x0000000008008374       0x24 C:/ST/STM32CubeIDE_1.13.2/STM32CubeIDE/plugins/com.st.stm32cube.ide.mcu.externaltools.gnu-tools-for-stm32.11.3.rel1.win32_1.1.100.202309141235/tools/bin/../lib/gcc/arm-none-eabi/11.3.1/../../../../arm-none-eabi/lib/thumb/v7e-m+fp/hard\libc_nano.a(libc_a-writer.o)
                0x0000000008008374                _write_r
 .text.__errno  0x0000000008008398        0xc C:/ST/STM32CubeIDE_1.13.2/STM32CubeIDE/plugins/com.st.stm32cube.ide.mcu.externaltools.gnu-tools-for-stm32.11.3.rel1.win32_1.1.100.202309141235/tools/bin/../lib/gcc/arm-none-eabi/11.3.1/../../../../arm-none-eabi/lib/thumb/v7e-m+fp/hard\libc_nano.a(libc_a-errno.o)
                0x0000000008008398                __errno
 .text.__libc_init_array
                0x00000000080083a4       0x48 C:/ST/STM32CubeIDE_1.13.2/STM32CubeIDE/plugins/com.st.stm32cube.ide.mcu.externaltools.gnu-tools-for-stm32.11.3.rel1.win32_1.1.100.202309141235/tools/bin/../lib/gcc/arm-none-eabi/11.3.1/../../../../arm-none-eabi/lib/thumb/v7e-m+fp/hard\libc_nano.a(libc_a-init.o)
                0x00000000080083a4                __libc_init_array
 .text.__retarget_lock_init_recursive
                0x00000000080083ec        0x2 C:/ST/STM32CubeIDE_1.13.2/STM32CubeIDE/plugins/com.st.stm32cube.ide.mcu.externaltools.gnu-tools-for-stm32.11.3.rel1.win32_1.1.100.202309141235/tools/bin/../lib/gcc/arm-none-eabi/11.3.1/../../../../arm-none-eabi/lib/thumb/v7e-m+fp/hard\libc_nano.a(libc_a-lock.o)
                0x00000000080083ec                __retarget_lock_init_recursive
 .text.__retarget_lock_acquire_recursive
                0x00000000080083ee        0x2 C:/ST/STM32CubeIDE_1.13.2/STM32CubeIDE/plugins/com.st.stm32cube.ide.mcu.externaltools.gnu-tools-for-stm32.11.3.rel1.win32_1.1.100.202309141235/tools/bin/../lib/gcc/arm-none-eabi/11.3.1/../../../../arm-none-eabi/lib/thumb/v7e-m+fp/hard\libc_nano.a(libc_a-lock.o)
                0x00000000080083ee                __retarget_lock_acquire_recursive
 .text.__retarget_lock_release_recursive
                0x00000000080083f0        0x2 C:/ST/STM32CubeIDE_1.13.2/STM32CubeIDE/plugins/com.st.stm32cube.ide.mcu.externaltools.gnu-tools-for-stm32.11.3.rel1.win32_1.1.100.202309141235/tools/bin/../lib/gcc/arm-none-eabi/11.3.1/../../../../arm-none-eabi/lib/thumb/v7e-m+fp/hard\libc_nano.a(libc_a-lock.o)
                0x00000000080083f0                __retarget_lock_release_recursive
 .text.memcpy   0x00000000080083f2       0x1c C:/ST/STM32CubeIDE_1.13.2/STM32CubeIDE/plugins/com.st.stm32cube.ide.mcu.externaltools.gnu-tools-for-stm32.11.3.rel1.win32_1.1.100.202309141235/tools/bin/../lib/gcc/arm-none-eabi/11.3.1/../../../../arm-none-eabi/lib/thumb/v7e-m+fp/hard\libc_nano.a(libc_a-memcpy-stub.o)
                0x00000000080083f2                memcpy
 *fill*         0x000000000800840e        0x2 
 .text._free_r  0x0000000008008410       0x98 C:/ST/STM32CubeIDE_1.13.2/STM32CubeIDE/plugins/com.st.stm32cube.ide.mcu.externaltools.gnu-tools-for-stm32.11.3.rel1.win32_1.1.100.202309141235/tools/bin/../lib/gcc/arm-none-eabi/11.3.1/../../../../arm-none-eabi/lib/thumb/v7e-m+fp/hard\libc_nano.a(libc_a-freer.o)
                0x0000000008008410                _free_r
 .text.sbrk_aligned
                0x00000000080084a8       0x40 C:/ST/STM32CubeIDE_1.13.2/STM32CubeIDE/plugins/com.st.stm32cube.ide.mcu.externaltools.gnu-tools-for-stm32.11.3.rel1.win32_1.1.100.202309141235/tools/bin/../lib/gcc/arm-none-eabi/11.3.1/../../../../arm-none-eabi/lib/thumb/v7e-m+fp/hard\libc_nano.a(libc_a-mallocr.o)
 .text._malloc_r
                0x00000000080084e8      0x100 C:/ST/STM32CubeIDE_1.13.2/STM32CubeIDE/plugins/com.st.stm32cube.ide.mcu.externaltools.gnu-tools-for-stm32.11.3.rel1.win32_1.1.100.202309141235/tools/bin/../lib/gcc/arm-none-eabi/11.3.1/../../../../arm-none-eabi/lib/thumb/v7e-m+fp/hard\libc_nano.a(libc_a-mallocr.o)
                0x00000000080084e8                _malloc_r
 .text.__malloc_lock
                0x00000000080085e8        0xc C:/ST/STM32CubeIDE_1.13.2/STM32CubeIDE/plugins/com.st.stm32cube.ide.mcu.externaltools.gnu-tools-for-stm32.11.3.rel1.win32_1.1.100.202309141235/tools/bin/../lib/gcc/arm-none-eabi/11.3.1/../../../../arm-none-eabi/lib/thumb/v7e-m+fp/hard\libc_nano.a(libc_a-mlock.o)
                0x00000000080085e8                __malloc_lock
 .text.__malloc_unlock
                0x00000000080085f4        0xc C:/ST/STM32CubeIDE_1.13.2/STM32CubeIDE/plugins/com.st.stm32cube.ide.mcu.externaltools.gnu-tools-for-stm32.11.3.rel1.win32_1.1.100.202309141235/tools/bin/../lib/gcc/arm-none-eabi/11.3.1/../../../../arm-none-eabi/lib/thumb/v7e-m+fp/hard\libc_nano.a(libc_a-mlock.o)
                0x00000000080085f4                __malloc_unlock
 .text.__sfputc_r
                0x0000000008008600       0x2e C:/ST/STM32CubeIDE_1.13.2/STM32CubeIDE/plugins/com.st.stm32cube.ide.mcu.externaltools.gnu-tools-for-stm32.11.3.rel1.win32_1.1.100.202309141235/tools/bin/../lib/gcc/arm-none-eabi/11.3.1/../../../../arm-none-eabi/lib/thumb/v7e-m+fp/hard\libc_nano.a(libc_a-nano-vfprintf.o)
 .text.__sfputs_r
                0x000000000800862e       0x24 C:/ST/STM32CubeIDE_1.13.2/STM32CubeIDE/plugins/com.st.stm32cube.ide.mcu.externaltools.gnu-tools-for-stm32.11.3.rel1.win32_1.1.100.202309141235/tools/bin/../lib/gcc/arm-none-eabi/11.3.1/../../../../arm-none-eabi/lib/thumb/v7e-m+fp/hard\libc_nano.a(libc_a-nano-vfprintf.o)
                0x000000000800862e                __sfputs_r
 *fill*         0x0000000008008652        0x2 
 .text._vfprintf_r
                0x0000000008008654      0x234 C:/ST/STM32CubeIDE_1.13.2/STM32CubeIDE/plugins/com.st.stm32cube.ide.mcu.externaltools.gnu-tools-for-stm32.11.3.rel1.win32_1.1.100.202309141235/tools/bin/../lib/gcc/arm-none-eabi/11.3.1/../../../../arm-none-eabi/lib/thumb/v7e-m+fp/hard\libc_nano.a(libc_a-nano-vfprintf.o)
                0x0000000008008654                _vfprintf_r
                0x0000000008008654                _vfiprintf_r
 .text._printf_common
                0x0000000008008888       0xda C:/ST/STM32CubeIDE_1.13.2/STM32CubeIDE/plugins/com.st.stm32cube.ide.mcu.externaltools.gnu-tools-for-stm32.11.3.rel1.win32_1.1.100.202309141235/tools/bin/../lib/gcc/arm-none-eabi/11.3.1/../../../../arm-none-eabi/lib/thumb/v7e-m+fp/hard\libc_nano.a(libc_a-nano-vfprintf_i.o)
                0x0000000008008888                _printf_common
 *fill*         0x0000000008008962        0x2 
 .text._printf_i
                0x0000000008008964      0x244 C:/ST/STM32CubeIDE_1.13.2/STM32CubeIDE/plugins/com.st.stm32cube.ide.mcu.externaltools.gnu-tools-for-stm32.11.3.rel1.win32_1.1.100.202309141235/tools/bin/../lib/gcc/arm-none-eabi/11.3.1/../../../../arm-none-eabi/lib/thumb/v7e-m+fp/hard\libc_nano.a(libc_a-nano-vfprintf_i.o)
                0x0000000008008964                _printf_i
 .text.__svfscanf_r
                0x0000000008008ba8      0x344 C:/ST/STM32CubeIDE_1.13.2/STM32CubeIDE/plugins/com.st.stm32cube.ide.mcu.externaltools.gnu-tools-for-stm32.11.3.rel1.win32_1.1.100.202309141235/tools/bin/../lib/gcc/arm-none-eabi/11.3.1/../../../../arm-none-eabi/lib/thumb/v7e-m+fp/hard\libc_nano.a(libc_a-nano-vfscanf.o)
                0x0000000008008ba8                __svfscanf_r
                0x0000000008008ba8                __svfiscanf_r
 .text._vfscanf_r
                0x0000000008008eec       0x28 C:/ST/STM32CubeIDE_1.13.2/STM32CubeIDE/plugins/com.st.stm32cube.ide.mcu.externaltools.gnu-tools-for-stm32.11.3.rel1.win32_1.1.100.202309141235/tools/bin/../lib/gcc/arm-none-eabi/11.3.1/../../../../arm-none-eabi/lib/thumb/v7e-m+fp/hard\libc_nano.a(libc_a-nano-vfscanf.o)
                0x0000000008008eec                _vfscanf_r
                0x0000000008008eec                _vfiscanf_r
 .text._scanf_chars
                0x0000000008008f14       0xb4 C:/ST/STM32CubeIDE_1.13.2/STM32CubeIDE/plugins/com.st.stm32cube.ide.mcu.externaltools.gnu-tools-for-stm32.11.3.rel1.win32_1.1.100.202309141235/tools/bin/../lib/gcc/arm-none-eabi/11.3.1/../../../../arm-none-eabi/lib/thumb/v7e-m+fp/hard\libc_nano.a(libc_a-nano-vfscanf_i.o)
                0x0000000008008f14                _scanf_chars
 .text._scanf_i
                0x0000000008008fc8      0x1e8 C:/ST/STM32CubeIDE_1.13.2/STM32CubeIDE/plugins/com.st.stm32cube.ide.mcu.externaltools.gnu-tools-for-stm32.11.3.rel1.win32_1.1.100.202309141235/tools/bin/../lib/gcc/arm-none-eabi/11.3.1/../../../../arm-none-eabi/lib/thumb/v7e-m+fp/hard\libc_nano.a(libc_a-nano-vfscanf_i.o)
                0x0000000008008fc8                _scanf_i
 .text.__sflush_r
                0x00000000080091b0      0x10c C:/ST/STM32CubeIDE_1.13.2/STM32CubeIDE/plugins/com.st.stm32cube.ide.mcu.externaltools.gnu-tools-for-stm32.11.3.rel1.win32_1.1.100.202309141235/tools/bin/../lib/gcc/arm-none-eabi/11.3.1/../../../../arm-none-eabi/lib/thumb/v7e-m+fp/hard\libc_nano.a(libc_a-fflush.o)
                0x00000000080091b0                __sflush_r
 .text._fflush_r
                0x00000000080092bc       0x50 C:/ST/STM32CubeIDE_1.13.2/STM32CubeIDE/plugins/com.st.stm32cube.ide.mcu.externaltools.gnu-tools-for-stm32.11.3.rel1.win32_1.1.100.202309141235/tools/bin/../lib/gcc/arm-none-eabi/11.3.1/../../../../arm-none-eabi/lib/thumb/v7e-m+fp/hard\libc_nano.a(libc_a-fflush.o)
                0x00000000080092bc                _fflush_r
 .text.__swhatbuf_r
                0x000000000800930c       0x4c C:/ST/STM32CubeIDE_1.13.2/STM32CubeIDE/plugins/com.st.stm32cube.ide.mcu.externaltools.gnu-tools-for-stm32.11.3.rel1.win32_1.1.100.202309141235/tools/bin/../lib/gcc/arm-none-eabi/11.3.1/../../../../arm-none-eabi/lib/thumb/v7e-m+fp/hard\libc_nano.a(libc_a-makebuf.o)
                0x000000000800930c                __swhatbuf_r
 .text.__smakebuf_r
                0x0000000008009358       0x78 C:/ST/STM32CubeIDE_1.13.2/STM32CubeIDE/plugins/com.st.stm32cube.ide.mcu.externaltools.gnu-tools-for-stm32.11.3.rel1.win32_1.1.100.202309141235/tools/bin/../lib/gcc/arm-none-eabi/11.3.1/../../../../arm-none-eabi/lib/thumb/v7e-m+fp/hard\libc_nano.a(libc_a-makebuf.o)
                0x0000000008009358                __smakebuf_r
 .text.lflush   0x00000000080093d0       0x1c C:/ST/STM32CubeIDE_1.13.2/STM32CubeIDE/plugins/com.st.stm32cube.ide.mcu.externaltools.gnu-tools-for-stm32.11.3.rel1.win32_1.1.100.202309141235/tools/bin/../lib/gcc/arm-none-eabi/11.3.1/../../../../arm-none-eabi/lib/thumb/v7e-m+fp/hard\libc_nano.a(libc_a-refill.o)
 .text.__srefill_r
                0x00000000080093ec       0xf0 C:/ST/STM32CubeIDE_1.13.2/STM32CubeIDE/plugins/com.st.stm32cube.ide.mcu.externaltools.gnu-tools-for-stm32.11.3.rel1.win32_1.1.100.202309141235/tools/bin/../lib/gcc/arm-none-eabi/11.3.1/../../../../arm-none-eabi/lib/thumb/v7e-m+fp/hard\libc_nano.a(libc_a-refill.o)
                0x00000000080093ec                __srefill_r
 .text.__sccl   0x00000000080094dc       0x72 C:/ST/STM32CubeIDE_1.13.2/STM32CubeIDE/plugins/com.st.stm32cube.ide.mcu.externaltools.gnu-tools-for-stm32.11.3.rel1.win32_1.1.100.202309141235/tools/bin/../lib/gcc/arm-none-eabi/11.3.1/../../../../arm-none-eabi/lib/thumb/v7e-m+fp/hard\libc_nano.a(libc_a-sccl.o)
                0x00000000080094dc                __sccl
 .text.__submore
                0x000000000800954e       0x74 C:/ST/STM32CubeIDE_1.13.2/STM32CubeIDE/plugins/com.st.stm32cube.ide.mcu.externaltools.gnu-tools-for-stm32.11.3.rel1.win32_1.1.100.202309141235/tools/bin/../lib/gcc/arm-none-eabi/11.3.1/../../../../arm-none-eabi/lib/thumb/v7e-m+fp/hard\libc_nano.a(libc_a-ungetc.o)
                0x000000000800954e                __submore
 .text._ungetc_r
                0x00000000080095c2      0x108 C:/ST/STM32CubeIDE_1.13.2/STM32CubeIDE/plugins/com.st.stm32cube.ide.mcu.externaltools.gnu-tools-for-stm32.11.3.rel1.win32_1.1.100.202309141235/tools/bin/../lib/gcc/arm-none-eabi/11.3.1/../../../../arm-none-eabi/lib/thumb/v7e-m+fp/hard\libc_nano.a(libc_a-ungetc.o)
                0x00000000080095c2                _ungetc_r
 *fill*         0x00000000080096ca        0x2 
 .text._fstat_r
                0x00000000080096cc       0x24 C:/ST/STM32CubeIDE_1.13.2/STM32CubeIDE/plugins/com.st.stm32cube.ide.mcu.externaltools.gnu-tools-for-stm32.11.3.rel1.win32_1.1.100.202309141235/tools/bin/../lib/gcc/arm-none-eabi/11.3.1/../../../../arm-none-eabi/lib/thumb/v7e-m+fp/hard\libc_nano.a(libc_a-fstatr.o)
                0x00000000080096cc                _fstat_r
 .text._isatty_r
                0x00000000080096f0       0x20 C:/ST/STM32CubeIDE_1.13.2/STM32CubeIDE/plugins/com.st.stm32cube.ide.mcu.externaltools.gnu-tools-for-stm32.11.3.rel1.win32_1.1.100.202309141235/tools/bin/../lib/gcc/arm-none-eabi/11.3.1/../../../../arm-none-eabi/lib/thumb/v7e-m+fp/hard\libc_nano.a(libc_a-isattyr.o)
                0x00000000080096f0                _isatty_r
 .text._sbrk_r  0x0000000008009710       0x20 C:/ST/STM32CubeIDE_1.13.2/STM32CubeIDE/plugins/com.st.stm32cube.ide.mcu.externaltools.gnu-tools-for-stm32.11.3.rel1.win32_1.1.100.202309141235/tools/bin/../lib/gcc/arm-none-eabi/11.3.1/../../../../arm-none-eabi/lib/thumb/v7e-m+fp/hard\libc_nano.a(libc_a-sbrkr.o)
                0x0000000008009710                _sbrk_r
 .text._realloc_r
                0x0000000008009730       0x5e C:/ST/STM32CubeIDE_1.13.2/STM32CubeIDE/plugins/com.st.stm32cube.ide.mcu.externaltools.gnu-tools-for-stm32.11.3.rel1.win32_1.1.100.202309141235/tools/bin/../lib/gcc/arm-none-eabi/11.3.1/../../../../arm-none-eabi/lib/thumb/v7e-m+fp/hard\libc_nano.a(libc_a-reallocr.o)
                0x0000000008009730                _realloc_r
 *fill*         0x000000000800978e        0x2 
 .text._strtol_l.constprop.0
                0x0000000008009790      0x104 C:/ST/STM32CubeIDE_1.13.2/STM32CubeIDE/plugins/com.st.stm32cube.ide.mcu.externaltools.gnu-tools-for-stm32.11.3.rel1.win32_1.1.100.202309141235/tools/bin/../lib/gcc/arm-none-eabi/11.3.1/../../../../arm-none-eabi/lib/thumb/v7e-m+fp/hard\libc_nano.a(libc_a-strtol.o)
 .text._strtol_r
                0x0000000008009894        0x4 C:/ST/STM32CubeIDE_1.13.2/STM32CubeIDE/plugins/com.st.stm32cube.ide.mcu.externaltools.gnu-tools-for-stm32.11.3.rel1.win32_1.1.100.202309141235/tools/bin/../lib/gcc/arm-none-eabi/11.3.1/../../../../arm-none-eabi/lib/thumb/v7e-m+fp/hard\libc_nano.a(libc_a-strtol.o)
                0x0000000008009894                _strtol_r
 .text._strtoul_l.constprop.0
                0x0000000008009898       0xe4 C:/ST/STM32CubeIDE_1.13.2/STM32CubeIDE/plugins/com.st.stm32cube.ide.mcu.externaltools.gnu-tools-for-stm32.11.3.rel1.win32_1.1.100.202309141235/tools/bin/../lib/gcc/arm-none-eabi/11.3.1/../../../../arm-none-eabi/lib/thumb/v7e-m+fp/hard\libc_nano.a(libc_a-strtoul.o)
 .text._strtoul_r
                0x000000000800997c        0x4 C:/ST/STM32CubeIDE_1.13.2/STM32CubeIDE/plugins/com.st.stm32cube.ide.mcu.externaltools.gnu-tools-for-stm32.11.3.rel1.win32_1.1.100.202309141235/tools/bin/../lib/gcc/arm-none-eabi/11.3.1/../../../../arm-none-eabi/lib/thumb/v7e-m+fp/hard\libc_nano.a(libc_a-strtoul.o)
                0x000000000800997c                _strtoul_r
 .text._malloc_usable_size_r
                0x0000000008009980       0x10 C:/ST/STM32CubeIDE_1.13.2/STM32CubeIDE/plugins/com.st.stm32cube.ide.mcu.externaltools.gnu-tools-for-stm32.11.3.rel1.win32_1.1.100.202309141235/tools/bin/../lib/gcc/arm-none-eabi/11.3.1/../../../../arm-none-eabi/lib/thumb/v7e-m+fp/hard\libc_nano.a(libc_a-msizer.o)
                0x0000000008009980                _malloc_usable_size_r
 *(.glue_7)
 .glue_7        0x0000000008009990        0x0 linker stubs
 *(.glue_7t)
 .glue_7t       0x0000000008009990        0x0 linker stubs
 *(.eh_frame)
 .eh_frame      0x0000000008009990        0x0 C:/ST/STM32CubeIDE_1.13.2/STM32CubeIDE/plugins/com.st.stm32cube.ide.mcu.externaltools.gnu-tools-for-stm32.11.3.rel1.win32_1.1.100.202309141235/tools/bin/../lib/gcc/arm-none-eabi/11.3.1/thumb/v7e-m+fp/hard/crtbegin.o
 *(.init)
 .init          0x0000000008009990        0x4 C:/ST/STM32CubeIDE_1.13.2/STM32CubeIDE/plugins/com.st.stm32cube.ide.mcu.externaltools.gnu-tools-for-stm32.11.3.rel1.win32_1.1.100.202309141235/tools/bin/../lib/gcc/arm-none-eabi/11.3.1/thumb/v7e-m+fp/hard/crti.o
                0x0000000008009990                _init
 .init          0x0000000008009994        0x8 C:/ST/STM32CubeIDE_1.13.2/STM32CubeIDE/plugins/com.st.stm32cube.ide.mcu.externaltools.gnu-tools-for-stm32.11.3.rel1.win32_1.1.100.202309141235/tools/bin/../lib/gcc/arm-none-eabi/11.3.1/thumb/v7e-m+fp/hard/crtn.o
 *(.fini)
 .fini          0x000000000800999c        0x4 C:/ST/STM32CubeIDE_1.13.2/STM32CubeIDE/plugins/com.st.stm32cube.ide.mcu.externaltools.gnu-tools-for-stm32.11.3.rel1.win32_1.1.100.202309141235/tools/bin/../lib/gcc/arm-none-eabi/11.3.1/thumb/v7e-m+fp/hard/crti.o
                0x000000000800999c                _fini
 .fini          0x00000000080099a0        0x8 C:/ST/STM32CubeIDE_1.13.2/STM32CubeIDE/plugins/com.st.stm32cube.ide.mcu.externaltools.gnu-tools-for-stm32.11.3.rel1.win32_1.1.100.202309141235/tools/bin/../lib/gcc/arm-none-eabi/11.3.1/thumb/v7e-m+fp/hard/crtn.o
                0x00000000080099a8                . = ALIGN (0x4)
                0x00000000080099a8                _etext = .

.vfp11_veneer   0x00000000080099a8        0x0
 .vfp11_veneer  0x00000000080099a8        0x0 linker stubs

.v4_bx          0x00000000080099a8        0x0
 .v4_bx         0x00000000080099a8        0x0 linker stubs

.iplt           0x00000000080099a8        0x0
 .iplt          0x00000000080099a8        0x0 C:/ST/STM32CubeIDE_1.13.2/STM32CubeIDE/plugins/com.st.stm32cube.ide.mcu.externaltools.gnu-tools-for-stm32.11.3.rel1.win32_1.1.100.202309141235/tools/bin/../lib/gcc/arm-none-eabi/11.3.1/thumb/v7e-m+fp/hard/crtbegin.o

.rodata         0x00000000080099a8      0x284
                0x00000000080099a8                . = ALIGN (0x4)
 *(.rodata)
 .rodata        0x00000000080099a8       0x54 ./Core/Src/main.o
 .rodata        0x00000000080099fc       0x6f ./Core/Src/user_main.o
 *fill*         0x0000000008009a6b        0x1 
 .rodata        0x0000000008009a6c       0x39 ./Core/Src/engine/engine.o
 *fill*         0x0000000008009aa5        0x3 
 .rodata        0x0000000008009aa8        0x5 ./Middlewares/Third_Party/FreeRTOS/Source/tasks.o
 *fill*         0x0000000008009aad        0x3 
 .rodata        0x0000000008009ab0        0xc C:/ST/STM32CubeIDE_1.13.2/STM32CubeIDE/plugins/com.st.stm32cube.ide.mcu.externaltools.gnu-tools-for-stm32.11.3.rel1.win32_1.1.100.202309141235/tools/bin/../lib/gcc/arm-none-eabi/11.3.1/../../../../arm-none-eabi/lib/thumb/v7e-m+fp/hard\libc_nano.a(libc_a-nano-vfscanf_i.o)
 *(.rodata*)
 .rodata.AHBPrescTable
                0x0000000008009abc       0x10 ./Core/Src/system_stm32f4xx.o
                0x0000000008009abc                AHBPrescTable
 .rodata.APBPrescTable
                0x0000000008009acc        0x8 ./Core/Src/system_stm32f4xx.o
                0x0000000008009acc                APBPrescTable
 .rodata.flagBitshiftOffset.0
                0x0000000008009ad4        0x8 ./Drivers/STM32F4xx_HAL_Driver/Src/stm32f4xx_hal_dma.o
 .rodata._vfprintf_r.str1.1
                0x0000000008009adc       0x11 C:/ST/STM32CubeIDE_1.13.2/STM32CubeIDE/plugins/com.st.stm32cube.ide.mcu.externaltools.gnu-tools-for-stm32.11.3.rel1.win32_1.1.100.202309141235/tools/bin/../lib/gcc/arm-none-eabi/11.3.1/../../../../arm-none-eabi/lib/thumb/v7e-m+fp/hard\libc_nano.a(libc_a-nano-vfprintf.o)
 .rodata._printf_i.str1.1
                0x0000000008009aed       0x22 C:/ST/STM32CubeIDE_1.13.2/STM32CubeIDE/plugins/com.st.stm32cube.ide.mcu.externaltools.gnu-tools-for-stm32.11.3.rel1.win32_1.1.100.202309141235/tools/bin/../lib/gcc/arm-none-eabi/11.3.1/../../../../arm-none-eabi/lib/thumb/v7e-m+fp/hard\libc_nano.a(libc_a-nano-vfprintf_i.o)
 .rodata.__svfscanf_r.str1.1
                0x0000000008009b0f        0x4 C:/ST/STM32CubeIDE_1.13.2/STM32CubeIDE/plugins/com.st.stm32cube.ide.mcu.externaltools.gnu-tools-for-stm32.11.3.rel1.win32_1.1.100.202309141235/tools/bin/../lib/gcc/arm-none-eabi/11.3.1/../../../../arm-none-eabi/lib/thumb/v7e-m+fp/hard\libc_nano.a(libc_a-nano-vfscanf.o)
 .rodata._scanf_i.str1.1
                0x0000000008009b0f       0x12 C:/ST/STM32CubeIDE_1.13.2/STM32CubeIDE/plugins/com.st.stm32cube.ide.mcu.externaltools.gnu-tools-for-stm32.11.3.rel1.win32_1.1.100.202309141235/tools/bin/../lib/gcc/arm-none-eabi/11.3.1/../../../../arm-none-eabi/lib/thumb/v7e-m+fp/hard\libc_nano.a(libc_a-nano-vfscanf_i.o)
 .rodata.str1.1
                0x0000000008009b21        0x9 C:/ST/STM32CubeIDE_1.13.2/STM32CubeIDE/plugins/com.st.stm32cube.ide.mcu.externaltools.gnu-tools-for-stm32.11.3.rel1.win32_1.1.100.202309141235/tools/bin/../lib/gcc/arm-none-eabi/11.3.1/../../../../arm-none-eabi/lib/thumb/v7e-m+fp/hard\libc_nano.a(libc_a-nano-vfscanf_i.o)
 .rodata._ctype_
                0x0000000008009b2a      0x101 C:/ST/STM32CubeIDE_1.13.2/STM32CubeIDE/plugins/com.st.stm32cube.ide.mcu.externaltools.gnu-tools-for-stm32.11.3.rel1.win32_1.1.100.202309141235/tools/bin/../lib/gcc/arm-none-eabi/11.3.1/../../../../arm-none-eabi/lib/thumb/v7e-m+fp/hard\libc_nano.a(libc_a-ctype_.o)
                0x0000000008009b2a                _ctype_
                0x0000000008009c2c                . = ALIGN (0x4)
 *fill*         0x0000000008009c2b        0x1 

.ARM.extab      0x0000000008009c2c        0x0
                0x0000000008009c2c                . = ALIGN (0x4)
 *(.ARM.extab* .gnu.linkonce.armextab.*)
                0x0000000008009c2c                . = ALIGN (0x4)

.ARM            0x0000000008009c2c        0x8
                0x0000000008009c2c                . = ALIGN (0x4)
                0x0000000008009c2c                __exidx_start = .
 *(.ARM.exidx*)
 .ARM.exidx     0x0000000008009c2c        0x8 C:/ST/STM32CubeIDE_1.13.2/STM32CubeIDE/plugins/com.st.stm32cube.ide.mcu.externaltools.gnu-tools-for-stm32.11.3.rel1.win32_1.1.100.202309141235/tools/bin/../lib/gcc/arm-none-eabi/11.3.1/thumb/v7e-m+fp/hard\libgcc.a(_udivmoddi4.o)
                0x0000000008009c34                __exidx_end = .
                0x0000000008009c34                . = ALIGN (0x4)

.rel.dyn        0x0000000008009c34        0x0
 .rel.iplt      0x0000000008009c34        0x0 C:/ST/STM32CubeIDE_1.13.2/STM32CubeIDE/plugins/com.st.stm32cube.ide.mcu.externaltools.gnu-tools-for-stm32.11.3.rel1.win32_1.1.100.202309141235/tools/bin/../lib/gcc/arm-none-eabi/11.3.1/thumb/v7e-m+fp/hard/crtbegin.o

.preinit_array  0x0000000008009c34        0x0
                0x0000000008009c34                . = ALIGN (0x4)
                0x0000000008009c34                PROVIDE (__preinit_array_start = .)
 *(.preinit_array*)
                0x0000000008009c34                PROVIDE (__preinit_array_end = .)
                0x0000000008009c34                . = ALIGN (0x4)

.init_array     0x0000000008009c34        0x4
                0x0000000008009c34                . = ALIGN (0x4)
                0x0000000008009c34                PROVIDE (__init_array_start = .)
 *(SORT_BY_NAME(.init_array.*))
 *(.init_array*)
 .init_array    0x0000000008009c34        0x4 C:/ST/STM32CubeIDE_1.13.2/STM32CubeIDE/plugins/com.st.stm32cube.ide.mcu.externaltools.gnu-tools-for-stm32.11.3.rel1.win32_1.1.100.202309141235/tools/bin/../lib/gcc/arm-none-eabi/11.3.1/thumb/v7e-m+fp/hard/crtbegin.o
                0x0000000008009c38                PROVIDE (__init_array_end = .)
                0x0000000008009c38                . = ALIGN (0x4)

.fini_array     0x0000000008009c38        0x4
                0x0000000008009c38                . = ALIGN (0x4)
                [!provide]                        PROVIDE (__fini_array_start = .)
 *(SORT_BY_NAME(.fini_array.*))
 *(.fini_array*)
 .fini_array    0x0000000008009c38        0x4 C:/ST/STM32CubeIDE_1.13.2/STM32CubeIDE/plugins/com.st.stm32cube.ide.mcu.externaltools.gnu-tools-for-stm32.11.3.rel1.win32_1.1.100.202309141235/tools/bin/../lib/gcc/arm-none-eabi/11.3.1/thumb/v7e-m+fp/hard/crtbegin.o
                [!provide]                        PROVIDE (__fini_array_end = .)
                0x0000000008009c3c                . = ALIGN (0x4)
                0x0000000008009c3c                _sidata = LOADADDR (.data)

.data           0x0000000020000000       0xfc load address 0x0000000008009c3c
                0x0000000020000000                . = ALIGN (0x4)
                0x0000000020000000                _sdata = .
 *(.data)
 *(.data*)
 .data.SystemCoreClock
                0x0000000020000000        0x4 ./Core/Src/system_stm32f4xx.o
                0x0000000020000000                SystemCoreClock
 .data.move_directions
                0x0000000020000004       0x28 ./Core/Src/engine/moves.o
                0x0000000020000004                move_directions
 .data.total_move_directions
                0x000000002000002c        0x5 ./Core/Src/engine/moves.o
                0x000000002000002c                total_move_directions
 *fill*         0x0000000020000031        0x3 
 .data.piece_can_slide
                0x0000000020000034        0x5 ./Core/Src/engine/moves.o
                0x0000000020000034                piece_can_slide
 *fill*         0x0000000020000039        0x3 
 .data.led_strip_pos_lut
                0x000000002000003c       0x40 ./Core/Src/led/ws2812.o
                0x000000002000003c                led_strip_pos_lut
 .data.color_from_id
                0x000000002000007c       0x18 ./Core/Src/lighting/lighting.o
                0x000000002000007c                color_from_id
 .data.uwTickPrio
                0x0000000020000094        0x4 ./Drivers/STM32F4xx_HAL_Driver/Src/stm32f4xx_hal.o
                0x0000000020000094                uwTickPrio
 .data.uwTickFreq
                0x0000000020000098        0x1 ./Drivers/STM32F4xx_HAL_Driver/Src/stm32f4xx_hal.o
                0x0000000020000098                uwTickFreq
 *fill*         0x0000000020000099        0x3 
 .data.uxCriticalNesting
                0x000000002000009c        0x4 ./Middlewares/Third_Party/FreeRTOS/Source/portable/GCC/ARM_CM4F/port.o
 .data.__sglue  0x00000000200000a0        0xc C:/ST/STM32CubeIDE_1.13.2/STM32CubeIDE/plugins/com.st.stm32cube.ide.mcu.externaltools.gnu-tools-for-stm32.11.3.rel1.win32_1.1.100.202309141235/tools/bin/../lib/gcc/arm-none-eabi/11.3.1/../../../../arm-none-eabi/lib/thumb/v7e-m+fp/hard\libc_nano.a(libc_a-findfp.o)
                0x00000000200000a0                __sglue
 .data._impure_data
                0x00000000200000ac       0x4c C:/ST/STM32CubeIDE_1.13.2/STM32CubeIDE/plugins/com.st.stm32cube.ide.mcu.externaltools.gnu-tools-for-stm32.11.3.rel1.win32_1.1.100.202309141235/tools/bin/../lib/gcc/arm-none-eabi/11.3.1/../../../../arm-none-eabi/lib/thumb/v7e-m+fp/hard\libc_nano.a(libc_a-impure.o)
                0x00000000200000ac                _impure_data
 .data._impure_ptr
                0x00000000200000f8        0x4 C:/ST/STM32CubeIDE_1.13.2/STM32CubeIDE/plugins/com.st.stm32cube.ide.mcu.externaltools.gnu-tools-for-stm32.11.3.rel1.win32_1.1.100.202309141235/tools/bin/../lib/gcc/arm-none-eabi/11.3.1/../../../../arm-none-eabi/lib/thumb/v7e-m+fp/hard\libc_nano.a(libc_a-impure.o)
                0x00000000200000f8                _impure_ptr
 *(.RamFunc)
 *(.RamFunc*)
                0x00000000200000fc                . = ALIGN (0x4)
                0x00000000200000fc                _edata = .

.igot.plt       0x00000000200000fc        0x0 load address 0x0000000008009d38
 .igot.plt      0x00000000200000fc        0x0 C:/ST/STM32CubeIDE_1.13.2/STM32CubeIDE/plugins/com.st.stm32cube.ide.mcu.externaltools.gnu-tools-for-stm32.11.3.rel1.win32_1.1.100.202309141235/tools/bin/../lib/gcc/arm-none-eabi/11.3.1/thumb/v7e-m+fp/hard/crtbegin.o
                0x00000000200000fc                . = ALIGN (0x4)

.bss            0x00000000200000fc     0x5468 load address 0x0000000008009d38
                0x00000000200000fc                _sbss = .
                0x00000000200000fc                __bss_start__ = _sbss
 *(.bss)
 .bss           0x00000000200000fc       0x1c C:/ST/STM32CubeIDE_1.13.2/STM32CubeIDE/plugins/com.st.stm32cube.ide.mcu.externaltools.gnu-tools-for-stm32.11.3.rel1.win32_1.1.100.202309141235/tools/bin/../lib/gcc/arm-none-eabi/11.3.1/thumb/v7e-m+fp/hard/crtbegin.o
 *(.bss*)
 .bss.xIdleTaskTCBBuffer
                0x0000000020000118       0xa0 ./Core/Src/freertos.o
 .bss.xIdleStack
                0x00000000200001b8      0x200 ./Core/Src/freertos.o
 .bss.sensor_reader
                0x00000000200003b8        0x4 ./Core/Src/game.o
                0x00000000200003b8                sensor_reader
 .bss.hi2c1     0x00000000200003bc       0x54 ./Core/Src/main.o
                0x00000000200003bc                hi2c1
 .bss.htim1     0x0000000020000410       0x48 ./Core/Src/main.o
                0x0000000020000410                htim1
 .bss.hdma_tim1_ch4_trig_com
                0x0000000020000458       0x60 ./Core/Src/main.o
                0x0000000020000458                hdma_tim1_ch4_trig_com
 .bss.defaultTaskHandle
                0x00000000200004b8        0x4 ./Core/Src/main.o
                0x00000000200004b8                defaultTaskHandle
 .bss.previous_sensor_state
                0x00000000200004bc        0x8 ./Core/Src/movement.o
                0x00000000200004bc                previous_sensor_state
 .bss.new_sensor_state
                0x00000000200004c4        0x8 ./Core/Src/movement.o
                0x00000000200004c4                new_sensor_state
 .bss.get_sensors
                0x00000000200004cc        0x4 ./Core/Src/movement.o
                0x00000000200004cc                get_sensors
 .bss.movement_state
                0x00000000200004d0        0x1 ./Core/Src/movement.o
                0x00000000200004d0                movement_state
 .bss.square_lifted
                0x00000000200004d1        0x1 ./Core/Src/movement.o
                0x00000000200004d1                square_lifted
 *fill*         0x00000000200004d2        0x2 
 .bss.total_valid_moves
                0x00000000200004d4        0x4 ./Core/Src/movement.o
                0x00000000200004d4                total_valid_moves
 .bss.valid_moves
                0x00000000200004d8      0x2fd ./Core/Src/movement.o
                0x00000000200004d8                valid_moves
 *fill*         0x00000000200007d5        0x3 
 .bss.htim2     0x00000000200007d8       0x48 ./Core/Src/stm32f4xx_hal_timebase_tim.o
                0x00000000200007d8                htim2
 .bss.__sbrk_heap_end
                0x0000000020000820        0x4 ./Core/Src/sysmem.o
 .bss.lcd_queue
                0x0000000020000824        0x4 ./Core/Src/tareas.o
                0x0000000020000824                lcd_queue
 .bss.ws2812_queue
                0x0000000020000828        0x4 ./Core/Src/tareas.o
                0x0000000020000828                ws2812_queue
 .bss.user_htim1
                0x000000002000082c        0x4 ./Core/Src/user_main.o
                0x000000002000082c                user_htim1
 .bss.game_state
                0x0000000020000830      0x102 ./Core/Src/engine/engine.o
                0x0000000020000830                game_state
 *fill*         0x0000000020000932        0x2 
 .bss.ws2812_pwm_data
                0x0000000020000934      0xc78 ./Core/Src/led/ws2812.o
                0x0000000020000934                ws2812_pwm_data
 .bss.ws2812_color_data
                0x00000000200015ac      0x100 ./Core/Src/led/ws2812.o
                0x00000000200015ac                ws2812_color_data
 .bss.ws2812_finished_dma
                0x00000000200016ac        0x1 ./Core/Src/led/ws2812.o
                0x00000000200016ac                ws2812_finished_dma
 .bss.lighting_state
                0x00000000200016ad        0x1 ./Core/Src/lighting/lighting.o
                0x00000000200016ad                lighting_state
 *fill*         0x00000000200016ae        0x2 
 .bss.output_array
                0x00000000200016b0        0x4 ./Core/Src/lighting/lighting.o
                0x00000000200016b0                output_array
 .bss.square_lifted_lighting
                0x00000000200016b4        0x1 ./Core/Src/lighting/lighting.o
                0x00000000200016b4                square_lifted_lighting
 *fill*         0x00000000200016b5        0x3 
 .bss.valid_moves_lighting
                0x00000000200016b8        0x4 ./Core/Src/lighting/lighting.o
                0x00000000200016b8                valid_moves_lighting
 .bss.total_valid_moves_lighting
                0x00000000200016bc        0x4 ./Core/Src/lighting/lighting.o
                0x00000000200016bc                total_valid_moves_lighting
 .bss.uwTick    0x00000000200016c0        0x4 ./Drivers/STM32F4xx_HAL_Driver/Src/stm32f4xx_hal.o
                0x00000000200016c0                uwTick
 .bss.pxCurrentTCB
                0x00000000200016c4        0x4 ./Middlewares/Third_Party/FreeRTOS/Source/tasks.o
                0x00000000200016c4                pxCurrentTCB
 .bss.pxReadyTasksLists
                0x00000000200016c8       0x8c ./Middlewares/Third_Party/FreeRTOS/Source/tasks.o
 .bss.xDelayedTaskList1
                0x0000000020001754       0x14 ./Middlewares/Third_Party/FreeRTOS/Source/tasks.o
 .bss.xDelayedTaskList2
                0x0000000020001768       0x14 ./Middlewares/Third_Party/FreeRTOS/Source/tasks.o
 .bss.pxDelayedTaskList
                0x000000002000177c        0x4 ./Middlewares/Third_Party/FreeRTOS/Source/tasks.o
 .bss.pxOverflowDelayedTaskList
                0x0000000020001780        0x4 ./Middlewares/Third_Party/FreeRTOS/Source/tasks.o
 .bss.xPendingReadyList
                0x0000000020001784       0x14 ./Middlewares/Third_Party/FreeRTOS/Source/tasks.o
 .bss.xTasksWaitingTermination
                0x0000000020001798       0x14 ./Middlewares/Third_Party/FreeRTOS/Source/tasks.o
 .bss.uxDeletedTasksWaitingCleanUp
                0x00000000200017ac        0x4 ./Middlewares/Third_Party/FreeRTOS/Source/tasks.o
 .bss.xSuspendedTaskList
                0x00000000200017b0       0x14 ./Middlewares/Third_Party/FreeRTOS/Source/tasks.o
 .bss.uxCurrentNumberOfTasks
                0x00000000200017c4        0x4 ./Middlewares/Third_Party/FreeRTOS/Source/tasks.o
 .bss.xTickCount
                0x00000000200017c8        0x4 ./Middlewares/Third_Party/FreeRTOS/Source/tasks.o
 .bss.uxTopReadyPriority
                0x00000000200017cc        0x4 ./Middlewares/Third_Party/FreeRTOS/Source/tasks.o
 .bss.xSchedulerRunning
                0x00000000200017d0        0x4 ./Middlewares/Third_Party/FreeRTOS/Source/tasks.o
 .bss.xPendedTicks
                0x00000000200017d4        0x4 ./Middlewares/Third_Party/FreeRTOS/Source/tasks.o
 .bss.xYieldPending
                0x00000000200017d8        0x4 ./Middlewares/Third_Party/FreeRTOS/Source/tasks.o
 .bss.xNumOfOverflows
                0x00000000200017dc        0x4 ./Middlewares/Third_Party/FreeRTOS/Source/tasks.o
 .bss.uxTaskNumber
                0x00000000200017e0        0x4 ./Middlewares/Third_Party/FreeRTOS/Source/tasks.o
 .bss.xNextTaskUnblockTime
                0x00000000200017e4        0x4 ./Middlewares/Third_Party/FreeRTOS/Source/tasks.o
 .bss.xIdleTaskHandle
                0x00000000200017e8        0x4 ./Middlewares/Third_Party/FreeRTOS/Source/tasks.o
 .bss.uxSchedulerSuspended
                0x00000000200017ec        0x4 ./Middlewares/Third_Party/FreeRTOS/Source/tasks.o
 .bss.ucMaxSysCallPriority
                0x00000000200017f0        0x1 ./Middlewares/Third_Party/FreeRTOS/Source/portable/GCC/ARM_CM4F/port.o
 *fill*         0x00000000200017f1        0x3 
 .bss.ulMaxPRIGROUPValue
                0x00000000200017f4        0x4 ./Middlewares/Third_Party/FreeRTOS/Source/portable/GCC/ARM_CM4F/port.o
 .bss.ucHeap    0x00000000200017f8     0x3c00 ./Middlewares/Third_Party/FreeRTOS/Source/portable/MemMang/heap_4.o
 .bss.xStart    0x00000000200053f8        0x8 ./Middlewares/Third_Party/FreeRTOS/Source/portable/MemMang/heap_4.o
 .bss.pxEnd     0x0000000020005400        0x4 ./Middlewares/Third_Party/FreeRTOS/Source/portable/MemMang/heap_4.o
 .bss.xFreeBytesRemaining
                0x0000000020005404        0x4 ./Middlewares/Third_Party/FreeRTOS/Source/portable/MemMang/heap_4.o
 .bss.xMinimumEverFreeBytesRemaining
                0x0000000020005408        0x4 ./Middlewares/Third_Party/FreeRTOS/Source/portable/MemMang/heap_4.o
 .bss.xNumberOfSuccessfulAllocations
                0x000000002000540c        0x4 ./Middlewares/Third_Party/FreeRTOS/Source/portable/MemMang/heap_4.o
 .bss.xNumberOfSuccessfulFrees
                0x0000000020005410        0x4 ./Middlewares/Third_Party/FreeRTOS/Source/portable/MemMang/heap_4.o
 .bss.xBlockAllocatedBit
                0x0000000020005414        0x4 ./Middlewares/Third_Party/FreeRTOS/Source/portable/MemMang/heap_4.o
 .bss.__sf      0x0000000020005418      0x138 C:/ST/STM32CubeIDE_1.13.2/STM32CubeIDE/plugins/com.st.stm32cube.ide.mcu.externaltools.gnu-tools-for-stm32.11.3.rel1.win32_1.1.100.202309141235/tools/bin/../lib/gcc/arm-none-eabi/11.3.1/../../../../arm-none-eabi/lib/thumb/v7e-m+fp/hard\libc_nano.a(libc_a-findfp.o)
                0x0000000020005418                __sf
 .bss.__stdio_exit_handler
                0x0000000020005550        0x4 C:/ST/STM32CubeIDE_1.13.2/STM32CubeIDE/plugins/com.st.stm32cube.ide.mcu.externaltools.gnu-tools-for-stm32.11.3.rel1.win32_1.1.100.202309141235/tools/bin/../lib/gcc/arm-none-eabi/11.3.1/../../../../arm-none-eabi/lib/thumb/v7e-m+fp/hard\libc_nano.a(libc_a-findfp.o)
                0x0000000020005550                __stdio_exit_handler
 .bss.errno     0x0000000020005554        0x4 C:/ST/STM32CubeIDE_1.13.2/STM32CubeIDE/plugins/com.st.stm32cube.ide.mcu.externaltools.gnu-tools-for-stm32.11.3.rel1.win32_1.1.100.202309141235/tools/bin/../lib/gcc/arm-none-eabi/11.3.1/../../../../arm-none-eabi/lib/thumb/v7e-m+fp/hard\libc_nano.a(libc_a-reent.o)
                0x0000000020005554                errno
 .bss.__lock___malloc_recursive_mutex
                0x0000000020005558        0x1 C:/ST/STM32CubeIDE_1.13.2/STM32CubeIDE/plugins/com.st.stm32cube.ide.mcu.externaltools.gnu-tools-for-stm32.11.3.rel1.win32_1.1.100.202309141235/tools/bin/../lib/gcc/arm-none-eabi/11.3.1/../../../../arm-none-eabi/lib/thumb/v7e-m+fp/hard\libc_nano.a(libc_a-lock.o)
                0x0000000020005558                __lock___malloc_recursive_mutex
 .bss.__lock___sfp_recursive_mutex
                0x0000000020005559        0x1 C:/ST/STM32CubeIDE_1.13.2/STM32CubeIDE/plugins/com.st.stm32cube.ide.mcu.externaltools.gnu-tools-for-stm32.11.3.rel1.win32_1.1.100.202309141235/tools/bin/../lib/gcc/arm-none-eabi/11.3.1/../../../../arm-none-eabi/lib/thumb/v7e-m+fp/hard\libc_nano.a(libc_a-lock.o)
                0x0000000020005559                __lock___sfp_recursive_mutex
 *fill*         0x000000002000555a        0x2 
 .bss.__malloc_free_list
                0x000000002000555c        0x4 C:/ST/STM32CubeIDE_1.13.2/STM32CubeIDE/plugins/com.st.stm32cube.ide.mcu.externaltools.gnu-tools-for-stm32.11.3.rel1.win32_1.1.100.202309141235/tools/bin/../lib/gcc/arm-none-eabi/11.3.1/../../../../arm-none-eabi/lib/thumb/v7e-m+fp/hard\libc_nano.a(libc_a-mallocr.o)
                0x000000002000555c                __malloc_free_list
 .bss.__malloc_sbrk_start