Archive member included to satisfy reference by file (symbol)

D:/ST/STM32CubeIDE_1.14.0/STM32CubeIDE/plugins/com.st.stm32cube.ide.mcu.externaltools.gnu-tools-for-stm32.11.3.rel1.win32_1.1.100.202309141235/tools/bin/../lib/gcc/arm-none-eabi/11.3.1/../../../../arm-none-eabi/lib/thumb/v7e-m+fp/hard\libc_nano.a(libc_a-exit.o)
                              D:/ST/STM32CubeIDE_1.14.0/STM32CubeIDE/plugins/com.st.stm32cube.ide.mcu.externaltools.gnu-tools-for-stm32.11.3.rel1.win32_1.1.100.202309141235/tools/bin/../lib/gcc/arm-none-eabi/11.3.1/../../../../arm-none-eabi/lib/thumb/v7e-m+fp/hard/crt0.o (exit)
D:/ST/STM32CubeIDE_1.14.0/STM32CubeIDE/plugins/com.st.stm32cube.ide.mcu.externaltools.gnu-tools-for-stm32.11.3.rel1.win32_1.1.100.202309141235/tools/bin/../lib/gcc/arm-none-eabi/11.3.1/../../../../arm-none-eabi/lib/thumb/v7e-m+fp/hard\libc_nano.a(libc_a-findfp.o)
                              ./Middlewares/Third_Party/FreeRTOS/Source/tasks.o (__sf)
D:/ST/STM32CubeIDE_1.14.0/STM32CubeIDE/plugins/com.st.stm32cube.ide.mcu.externaltools.gnu-tools-for-stm32.11.3.rel1.win32_1.1.100.202309141235/tools/bin/../lib/gcc/arm-none-eabi/11.3.1/../../../../arm-none-eabi/lib/thumb/v7e-m+fp/hard\libc_nano.a(libc_a-fwalk.o)
                              D:/ST/STM32CubeIDE_1.14.0/STM32CubeIDE/plugins/com.st.stm32cube.ide.mcu.externaltools.gnu-tools-for-stm32.11.3.rel1.win32_1.1.100.202309141235/tools/bin/../lib/gcc/arm-none-eabi/11.3.1/../../../../arm-none-eabi/lib/thumb/v7e-m+fp/hard\libc_nano.a(libc_a-findfp.o) (_fwalk_sglue)
D:/ST/STM32CubeIDE_1.14.0/STM32CubeIDE/plugins/com.st.stm32cube.ide.mcu.externaltools.gnu-tools-for-stm32.11.3.rel1.win32_1.1.100.202309141235/tools/bin/../lib/gcc/arm-none-eabi/11.3.1/../../../../arm-none-eabi/lib/thumb/v7e-m+fp/hard\libc_nano.a(libc_a-printf.o)
                              ./Core/Src/engine/interface.o (printf)
D:/ST/STM32CubeIDE_1.14.0/STM32CubeIDE/plugins/com.st.stm32cube.ide.mcu.externaltools.gnu-tools-for-stm32.11.3.rel1.win32_1.1.100.202309141235/tools/bin/../lib/gcc/arm-none-eabi/11.3.1/../../../../arm-none-eabi/lib/thumb/v7e-m+fp/hard\libc_nano.a(libc_a-puts.o)
                              ./Core/Src/engine/interface.o (puts)
D:/ST/STM32CubeIDE_1.14.0/STM32CubeIDE/plugins/com.st.stm32cube.ide.mcu.externaltools.gnu-tools-for-stm32.11.3.rel1.win32_1.1.100.202309141235/tools/bin/../lib/gcc/arm-none-eabi/11.3.1/../../../../arm-none-eabi/lib/thumb/v7e-m+fp/hard\libc_nano.a(libc_a-stdio.o)
                              D:/ST/STM32CubeIDE_1.14.0/STM32CubeIDE/plugins/com.st.stm32cube.ide.mcu.externaltools.gnu-tools-for-stm32.11.3.rel1.win32_1.1.100.202309141235/tools/bin/../lib/gcc/arm-none-eabi/11.3.1/../../../../arm-none-eabi/lib/thumb/v7e-m+fp/hard\libc_nano.a(libc_a-findfp.o) (__sread)
D:/ST/STM32CubeIDE_1.14.0/STM32CubeIDE/plugins/com.st.stm32cube.ide.mcu.externaltools.gnu-tools-for-stm32.11.3.rel1.win32_1.1.100.202309141235/tools/bin/../lib/gcc/arm-none-eabi/11.3.1/../../../../arm-none-eabi/lib/thumb/v7e-m+fp/hard\libc_nano.a(libc_a-wbuf.o)
                              D:/ST/STM32CubeIDE_1.14.0/STM32CubeIDE/plugins/com.st.stm32cube.ide.mcu.externaltools.gnu-tools-for-stm32.11.3.rel1.win32_1.1.100.202309141235/tools/bin/../lib/gcc/arm-none-eabi/11.3.1/../../../../arm-none-eabi/lib/thumb/v7e-m+fp/hard\libc_nano.a(libc_a-puts.o) (__swbuf_r)
D:/ST/STM32CubeIDE_1.14.0/STM32CubeIDE/plugins/com.st.stm32cube.ide.mcu.externaltools.gnu-tools-for-stm32.11.3.rel1.win32_1.1.100.202309141235/tools/bin/../lib/gcc/arm-none-eabi/11.3.1/../../../../arm-none-eabi/lib/thumb/v7e-m+fp/hard\libc_nano.a(libc_a-wsetup.o)
                              D:/ST/STM32CubeIDE_1.14.0/STM32CubeIDE/plugins/com.st.stm32cube.ide.mcu.externaltools.gnu-tools-for-stm32.11.3.rel1.win32_1.1.100.202309141235/tools/bin/../lib/gcc/arm-none-eabi/11.3.1/../../../../arm-none-eabi/lib/thumb/v7e-m+fp/hard\libc_nano.a(libc_a-puts.o) (__swsetup_r)
D:/ST/STM32CubeIDE_1.14.0/STM32CubeIDE/plugins/com.st.stm32cube.ide.mcu.externaltools.gnu-tools-for-stm32.11.3.rel1.win32_1.1.100.202309141235/tools/bin/../lib/gcc/arm-none-eabi/11.3.1/../../../../arm-none-eabi/lib/thumb/v7e-m+fp/hard\libc_nano.a(libc_a-memset.o)
                              D:/ST/STM32CubeIDE_1.14.0/STM32CubeIDE/plugins/com.st.stm32cube.ide.mcu.externaltools.gnu-tools-for-stm32.11.3.rel1.win32_1.1.100.202309141235/tools/bin/../lib/gcc/arm-none-eabi/11.3.1/../../../../arm-none-eabi/lib/thumb/v7e-m+fp/hard/crt0.o (memset)
D:/ST/STM32CubeIDE_1.14.0/STM32CubeIDE/plugins/com.st.stm32cube.ide.mcu.externaltools.gnu-tools-for-stm32.11.3.rel1.win32_1.1.100.202309141235/tools/bin/../lib/gcc/arm-none-eabi/11.3.1/../../../../arm-none-eabi/lib/thumb/v7e-m+fp/hard\libc_nano.a(libc_a-closer.o)
[...]
Memory Configuration

Name             Origin             Length             Attributes
RAM              0x0000000020000000 0x0000000000018000 xrw
FLASH            0x0000000008000000 0x0000000000080000 xr
*default*        0x0000000000000000 0xffffffffffffffff

Linker script and memory map

LOAD D:/ST/STM32CubeIDE_1.14.0/STM32CubeIDE/plugins/com.st.stm32cube.ide.mcu.externaltools.gnu-tools-for-stm32.11.3.rel1.win32_1.1.100.202309141235/tools/bin/../lib/gcc/arm-none-eabi/11.3.1/thumb/v7e-m+fp/hard/crti.o
LOAD D:/ST/STM32CubeIDE_1.14.0/STM32CubeIDE/plugins/com.st.stm32cube.ide.mcu.externaltools.gnu-tools-for-stm32.11.3.rel1.win32_1.1.100.202309141235/tools/bin/../lib/gcc/arm-none-eabi/11.3.1/thumb/v7e-m+fp/hard/crtbegin.o
LOAD D:/ST/STM32CubeIDE_1.14.0/STM32CubeIDE/plugins/com.st.stm32cube.ide.mcu.externaltools.gnu-tools-for-stm32.11.3.rel1.win32_1.1.100.202309141235/tools/bin/../lib/gcc/arm-none-eabi/11.3.1/../../../../arm-none-eabi/lib/thumb/v7e-m+fp/hard/crt0.o
LOAD ./Core/Src/characterLCD.o
LOAD ./Core/Src/debounce.o
LOAD ./Core/Src/freertos.o
LOAD ./Core/Src/game.o
LOAD ./Core/Src/main.o
LOAD ./Core/Src/movement.o
LOAD ./Core/Src/stm32f4xx_hal_msp.o
LOAD ./Core/Src/stm32f4xx_hal_timebase_tim.o
LOAD ./Core/Src/stm32f4xx_it.o
LOAD ./Core/Src/syscalls.o
LOAD ./Core/Src/sysmem.o
LOAD ./Core/Src/system_stm32f4xx.o
LOAD ./Core/Src/tareas.o
LOAD ./Core/Src/user_main.o
LOAD ./Core/Src/util.o
LOAD ./Core/Src/engine/board.o
LOAD ./Core/Src/engine/engine.o
LOAD ./Core/Src/engine/interface.o
LOAD ./Core/Src/engine/moves.o
LOAD ./Core/Src/led/ws2812.o
LOAD ./Core/Src/lighting/lighting.o
LOAD ./Core/Src/reed/reed.o
LOAD ./Core/Startup/startup_stm32f401retx.o
LOAD ./Drivers/STM32F4xx_HAL_Driver/Src/stm32f4xx_hal.o
LOAD ./Drivers/STM32F4xx_HAL_Driver/Src/stm32f4xx_hal_cortex.o
LOAD ./Drivers/STM32F4xx_HAL_Driver/Src/stm32f4xx_hal_dma.o
LOAD ./Drivers/STM32F4xx_HAL_Driver/Src/stm32f4xx_hal_dma_ex.o
LOAD ./Drivers/STM32F4xx_HAL_Driver/Src/stm32f4xx_hal_exti.o
LOAD ./Drivers/STM32F4xx_HAL_Driver/Src/stm32f4xx_hal_flash.o
LOAD ./Drivers/STM32F4xx_HAL_Driver/Src/stm32f4xx_hal_flash_ex.o
LOAD ./Drivers/STM32F4xx_HAL_Driver/Src/stm32f4xx_hal_flash_ramfunc.o
LOAD ./Drivers/STM32F4xx_HAL_Driver/Src/stm32f4xx_hal_gpio.o
LOAD ./Drivers/STM32F4xx_HAL_Driver/Src/stm32f4xx_hal_i2c.o
LOAD ./Drivers/STM32F4xx_HAL_Driver/Src/stm32f4xx_hal_i2c_ex.o
LOAD ./Drivers/STM32F4xx_HAL_Driver/Src/stm32f4xx_hal_pwr.o
LOAD ./Drivers/STM32F4xx_HAL_Driver/Src/stm32f4xx_hal_pwr_ex.o
LOAD ./Drivers/STM32F4xx_HAL_Driver/Src/stm32f4xx_hal_rcc.o
LOAD ./Drivers/STM32F4xx_HAL_Driver/Src/stm32f4xx_hal_rcc_ex.o
LOAD ./Drivers/STM32F4xx_HAL_Driver/Src/stm32f4xx_hal_tim.o
LOAD ./Drivers/STM32F4xx_HAL_Driver/Src/stm32f4xx_hal_tim_ex.o
LOAD ./Middlewares/Third_Party/FreeRTOS/Source/CMSIS_RTOS/cmsis_os.o
LOAD ./Middlewares/Third_Party/FreeRTOS/Source/croutine.o
LOAD ./Middlewares/Third_Party/FreeRTOS/Source/event_groups.o
LOAD ./Middlewares/Third_Party/FreeRTOS/Source/list.o
LOAD ./Middlewares/Third_Party/FreeRTOS/Source/queue.o
LOAD ./Middlewares/Third_Party/FreeRTOS/Source/stream_buffer.o
LOAD ./Middlewares/Third_Party/FreeRTOS/Source/tasks.o
LOAD ./Middlewares/Third_Party/FreeRTOS/Source/timers.o
LOAD ./Middlewares/Third_Party/FreeRTOS/Source/portable/GCC/ARM_CM4F/port.o
LOAD ./Middlewares/Third_Party/FreeRTOS/Source/portable/MemMang/heap_4.o
START GROUP
LOAD D:/ST/STM32CubeIDE_1.14.0/STM32CubeIDE/plugins/com.st.stm32cube.ide.mcu.externaltools.gnu-tools-for-stm32.11.3.rel1.win32_1.1.100.202309141235/tools/bin/../lib/gcc/arm-none-eabi/11.3.1/../../../../arm-none-eabi/lib/thumb/v7e-m+fp/hard\libc_nano.a
LOAD D:/ST/STM32CubeIDE_1.14.0/STM32CubeIDE/plugins/com.st.stm32cube.ide.mcu.externaltools.gnu-tools-for-stm32.11.3.rel1.win32_1.1.100.202309141235/tools/bin/../lib/gcc/arm-none-eabi/11.3.1/../../../../arm-none-eabi/lib/thumb/v7e-m+fp/hard\libm.a
END GROUP
START GROUP
LOAD D:/ST/STM32CubeIDE_1.14.0/STM32CubeIDE/plugins/com.st.stm32cube.ide.mcu.externaltools.gnu-tools-for-stm32.11.3.rel1.win32_1.1.100.202309141235/tools/bin/../lib/gcc/arm-none-eabi/11.3.1/thumb/v7e-m+fp/hard\libgcc.a
LOAD D:/ST/STM32CubeIDE_1.14.0/STM32CubeIDE/plugins/com.st.stm32cube.ide.mcu.externaltools.gnu-tools-for-stm32.11.3.rel1.win32_1.1.100.202309141235/tools/bin/../lib/gcc/arm-none-eabi/11.3.1/../../../../arm-none-eabi/lib/thumb/v7e-m+fp/hard\libc_nano.a
END GROUP
START GROUP
LOAD D:/ST/STM32CubeIDE_1.14.0/STM32CubeIDE/plugins/com.st.stm32cube.ide.mcu.externaltools.gnu-tools-for-stm32.11.3.rel1.win32_1.1.100.202309141235/tools/bin/../lib/gcc/arm-none-eabi/11.3.1/thumb/v7e-m+fp/hard\libgcc.a
LOAD D:/ST/STM32CubeIDE_1.14.0/STM32CubeIDE/plugins/com.st.stm32cube.ide.mcu.externaltools.gnu-tools-for-stm32.11.3.rel1.win32_1.1.100.202309141235/tools/bin/../lib/gcc/arm-none-eabi/11.3.1/../../../../arm-none-eabi/lib/thumb/v7e-m+fp/hard\libc_nano.a
LOAD D:/ST/STM32CubeIDE_1.14.0/STM32CubeIDE/plugins/com.st.stm32cube.ide.mcu.externaltools.gnu-tools-for-stm32.11.3.rel1.win32_1.1.100.202309141235/tools/bin/../lib/gcc/arm-none-eabi/11.3.1/../../../../arm-none-eabi/lib/thumb/v7e-m+fp/hard\libnosys.a
END GROUP
START GROUP
LOAD D:/ST/STM32CubeIDE_1.14.0/STM32CubeIDE/plugins/com.st.stm32cube.ide.mcu.externaltools.gnu-tools-for-stm32.11.3.rel1.win32_1.1.100.202309141235/tools/bin/../lib/gcc/arm-none-eabi/11.3.1/thumb/v7e-m+fp/hard\libgcc.a
LOAD D:/ST/STM32CubeIDE_1.14.0/STM32CubeIDE/plugins/com.st.stm32cube.ide.mcu.externaltools.gnu-tools-for-stm32.11.3.rel1.win32_1.1.100.202309141235/tools/bin/../lib/gcc/arm-none-eabi/11.3.1/../../../../arm-none-eabi/lib/thumb/v7e-m+fp/hard\libc_nano.a
LOAD D:/ST/STM32CubeIDE_1.14.0/STM32CubeIDE/plugins/com.st.stm32cube.ide.mcu.externaltools.gnu-tools-for-stm32.11.3.rel1.win32_1.1.100.202309141235/tools/bin/../lib/gcc/arm-none-eabi/11.3.1/../../../../arm-none-eabi/lib/thumb/v7e-m+fp/hard\libnosys.a
END GROUP
LOAD D:/ST/STM32CubeIDE_1.14.0/STM32CubeIDE/plugins/com.st.stm32cube.ide.mcu.externaltools.gnu-tools-for-stm32.11.3.rel1.win32_1.1.100.202309141235/tools/bin/../lib/gcc/arm-none-eabi/11.3.1/thumb/v7e-m+fp/hard/crtend.o
LOAD D:/ST/STM32CubeIDE_1.14.0/STM32CubeIDE/plugins/com.st.stm32cube.ide.mcu.externaltools.gnu-tools-for-stm32.11.3.rel1.win32_1.1.100.202309141235/tools/bin/../lib/gcc/arm-none-eabi/11.3.1/thumb/v7e-m+fp/hard/crtn.o
                0x0000000020018000                _estack = (ORIGIN (RAM) + LENGTH (RAM))
                0x0000000000000200                _Min_Heap_Size = 0x200
                0x0000000000000800                _Min_Stack_Size = 0x800

.isr_vector     0x0000000008000000      0x194
                0x0000000008000000                . = ALIGN (0x4)
 *(.isr_vector)
 .isr_vector    0x0000000008000000      0x194 ./Core/Startup/startup_stm32f401retx.o
                0x0000000008000000                g_pfnVectors
                0x0000000008000194                . = ALIGN (0x4)

.text           0x00000000080001a0     0x4df4
                0x00000000080001a0                . = ALIGN (0x4)
 *(.text)
 .text          0x00000000080001a0       0x40 D:/ST/STM32CubeIDE_1.14.0/STM32CubeIDE/plugins/com.st.stm32cube.ide.mcu.externaltools.gnu-tools-for-stm32.11.3.rel1.win32_1.1.100.202309141235/tools/bin/../lib/gcc/arm-none-eabi/11.3.1/thumb/v7e-m+fp/hard/crtbegin.o
 .text          0x00000000080001e0       0x30 D:/ST/STM32CubeIDE_1.14.0/STM32CubeIDE/plugins/com.st.stm32cube.ide.mcu.externaltools.gnu-tools-for-stm32.11.3.rel1.win32_1.1.100.202309141235/tools/bin/../lib/gcc/arm-none-eabi/11.3.1/thumb/v7e-m+fp/hard\libgcc.a(_aeabi_uldivmod.o)
                0x00000000080001e0                __aeabi_uldivmod
 .text          0x0000000008000210      0x2c8 D:/ST/STM32CubeIDE_1.14.0/STM32CubeIDE/plugins/com.st.stm32cube.ide.mcu.externaltools.gnu-tools-for-stm32.11.3.rel1.win32_1.1.100.202309141235/tools/bin/../lib/gcc/arm-none-eabi/11.3.1/thumb/v7e-m+fp/hard\libgcc.a(_udivmoddi4.o)
                0x0000000008000210                __udivmoddi4
 .text          0x00000000080004d8        0x4 D:/ST/STM32CubeIDE_1.14.0/STM32CubeIDE/plugins/com.st.stm32cube.ide.mcu.externaltools.gnu-tools-for-stm32.11.3.rel1.win32_1.1.100.202309141235/tools/bin/../lib/gcc/arm-none-eabi/11.3.1/thumb/v7e-m+fp/hard\libgcc.a(_dvmd_tls.o)
                0x00000000080004d8                __aeabi_idiv0
                0x00000000080004d8                __aeabi_ldiv0
 *(.text*)
 .text.lcd_send_cmd
                0x00000000080004dc       0x44 ./Core/Src/characterLCD.o
                0x00000000080004dc                lcd_send_cmd
 .text.lcd_init
                0x0000000008000520       0x78 ./Core/Src/characterLCD.o
                0x0000000008000520                lcd_init
 .text.lcd_send_data
                0x0000000008000598       0x44 ./Core/Src/characterLCD.o
                0x0000000008000598                lcd_send_data
 .text.lcd_send_string
                0x00000000080005dc       0x12 ./Core/Src/characterLCD.o
                0x00000000080005dc                lcd_send_string
 .text.lcd_msg_from_string
                0x00000000080005ee       0x44 ./Core/Src/characterLCD.o
                0x00000000080005ee                lcd_msg_from_string
 .text.lcd_msg_clear
                0x0000000008000632       0x18 ./Core/Src/characterLCD.o
                0x0000000008000632                lcd_msg_clear
 .text.lcd_msg_first_line
                0x000000000800064a       0x18 ./Core/Src/characterLCD.o
                0x000000000800064a                lcd_msg_first_line
 .text.lcd_msg_second_line
                0x0000000008000662       0x18 ./Core/Src/characterLCD.o
                0x0000000008000662                lcd_msg_second_line
 .text.debounce_init
                0x000000000800067a       0x16 ./Core/Src/debounce.o
                0x000000000800067a                debounce_init
 .text.debounce_run
                0x0000000008000690       0x6e ./Core/Src/debounce.o
                0x0000000008000690                debounce_run
 .text.debounce_flank
                0x00000000080006fe       0x12 ./Core/Src/debounce.o
                0x00000000080006fe                debounce_flank
 .text.vApplicationGetIdleTaskMemory
                0x0000000008000710       0x18 ./Core/Src/freertos.o
                0x0000000008000710                vApplicationGetIdleTaskMemory
 .text.game_set_led_output_array
                0x0000000008000728        0x4 ./Core/Src/game.o
                0x0000000008000728                game_set_led_output_array
 .text.game_fsm
                0x000000000800072c        0xe ./Core/Src/game.o
                0x000000000800072c                game_fsm
 .text.game_reset
                0x000000000800073a        0x4 ./Core/Src/game.o
                0x000000000800073a                game_reset
 .text.StartDefaultTask
                0x000000000800073e        0xa ./Core/Src/main.o
                0x000000000800073e                StartDefaultTask
 .text.SystemClock_Config
                0x0000000008000748       0xa0 ./Core/Src/main.o
                0x0000000008000748                SystemClock_Config
 .text.startup.main
                0x00000000080007e8      0x318 ./Core/Src/main.o
                0x00000000080007e8                main
 .text.HAL_TIM_PeriodElapsedCallback
                0x0000000008000b00        0xe ./Core/Src/main.o
                0x0000000008000b00                HAL_TIM_PeriodElapsedCallback
 .text.Error_Handler
                0x0000000008000b0e        0x4 ./Core/Src/main.o
                0x0000000008000b0e                Error_Handler
 *fill*         0x0000000008000b12        0x2 
 .text.get_last_sensor_change
                0x0000000008000b14       0x64 ./Core/Src/movement.o
                0x0000000008000b14                get_last_sensor_change
 .text.is_board_ok
                0x0000000008000b78       0x5c ./Core/Src/movement.o
                0x0000000008000b78                is_board_ok
 .text.get_lifted_moves
                0x0000000008000bd4       0x1e ./Core/Src/movement.o
                0x0000000008000bd4                get_lifted_moves
 *fill*         0x0000000008000bf2        0x2 
 .text.movement_fsm
                0x0000000008000bf4       0xfc ./Core/Src/movement.o
                0x0000000008000bf4                movement_fsm
 .text.HAL_MspInit
                0x0000000008000cf0       0x40 ./Core/Src/stm32f4xx_hal_msp.o
                0x0000000008000cf0                HAL_MspInit
 .text.HAL_I2C_MspInit
                0x0000000008000d30       0x74 ./Core/Src/stm32f4xx_hal_msp.o
                0x0000000008000d30                HAL_I2C_MspInit
 .text.HAL_TIM_PWM_MspInit
                0x0000000008000da4       0x8c ./Core/Src/stm32f4xx_hal_msp.o
                0x0000000008000da4                HAL_TIM_PWM_MspInit
 .text.HAL_TIM_MspPostInit
                0x0000000008000e30       0x58 ./Core/Src/stm32f4xx_hal_msp.o
                0x0000000008000e30                HAL_TIM_MspPostInit
 .text.HAL_InitTick
                0x0000000008000e88       0x9c ./Core/Src/stm32f4xx_hal_timebase_tim.o
                0x0000000008000e88                HAL_InitTick
 .text.NMI_Handler
                0x0000000008000f24        0x2 ./Core/Src/stm32f4xx_it.o
                0x0000000008000f24                NMI_Handler
 .text.HardFault_Handler
                0x0000000008000f26        0x2 ./Core/Src/stm32f4xx_it.o
                0x0000000008000f26                HardFault_Handler
 .text.MemManage_Handler
                0x0000000008000f28        0x2 ./Core/Src/stm32f4xx_it.o
                0x0000000008000f28                MemManage_Handler
 .text.BusFault_Handler
                0x0000000008000f2a        0x2 ./Core/Src/stm32f4xx_it.o
                0x0000000008000f2a                BusFault_Handler
 .text.UsageFault_Handler
                0x0000000008000f2c        0x2 ./Core/Src/stm32f4xx_it.o
                0x0000000008000f2c                UsageFault_Handler
 .text.DebugMon_Handler
                0x0000000008000f2e        0x2 ./Core/Src/stm32f4xx_it.o
                0x0000000008000f2e                DebugMon_Handler
 .text.TIM1_TRG_COM_TIM11_IRQHandler
                0x0000000008000f30        0xc ./Core/Src/stm32f4xx_it.o
                0x0000000008000f30                TIM1_TRG_COM_TIM11_IRQHandler
 .text.TIM2_IRQHandler
                0x0000000008000f3c        0xc ./Core/Src/stm32f4xx_it.o
                0x0000000008000f3c                TIM2_IRQHandler
 .text.DMA2_Stream4_IRQHandler
                0x0000000008000f48        0xc ./Core/Src/stm32f4xx_it.o
                0x0000000008000f48                DMA2_Stream4_IRQHandler
 .text.SystemInit
                0x0000000008000f54       0x14 ./Core/Src/system_stm32f4xx.o
                0x0000000008000f54                SystemInit
 .text.t_LCD    0x0000000008000f68       0x54 ./Core/Src/tareas.o
                0x0000000008000f68                t_LCD
 .text.t_Botones
                0x0000000008000fbc       0xf0 ./Core/Src/tareas.o
                0x0000000008000fbc                t_Botones
 .text.t_userLoop
                0x00000000080010ac      0x190 ./Core/Src/tareas.o
                0x00000000080010ac                t_userLoop
 .text.t_WS2812
                0x000000000800123c       0x40 ./Core/Src/tareas.o
                0x000000000800123c                t_WS2812
 .text.user_init
                0x000000000800127c       0x14 ./Core/Src/user_main.o
                0x000000000800127c                user_init
 .text.get_promotion
                0x0000000008001290      0x178 ./Core/Src/user_main.o
                0x0000000008001290                get_promotion
 .text.user_loop
                0x0000000008001408        0x4 ./Core/Src/user_main.o
                0x0000000008001408                user_loop
 .text.clear_game_state
                0x000000000800140c       0x1c ./Core/Src/engine/board.o
                0x000000000800140c                clear_game_state
 .text.place_piece
                0x0000000008001428        0xc ./Core/Src/engine/board.o
                0x0000000008001428                place_piece
 .text.remove_piece
                0x0000000008001434       0x10 ./Core/Src/engine/board.o
                0x0000000008001434                remove_piece
 .text.engine_reset
                0x0000000008001444       0x10 ./Core/Src/engine/engine.o
                0x0000000008001444                engine_reset
 .text.engine_move_piece
                0x0000000008001454       0x18 ./Core/Src/engine/engine.o
                0x0000000008001454                engine_move_piece
 .text.engine_list_moves
                0x000000000800146c        0xc ./Core/Src/engine/engine.o
                0x000000000800146c                engine_list_moves
 .text.engine_get_piece
                0x0000000008001478        0xc ./Core/Src/engine/engine.o
                0x0000000008001478                engine_get_piece
 .text.load_fen
                0x0000000008001484      0x1f0 ./Core/Src/engine/interface.o
                0x0000000008001484                load_fen
 .text.generate_moves
                0x0000000008001674      0x274 ./Core/Src/engine/moves.o
                0x0000000008001674                generate_moves
 .text.make_move
                0x00000000080018e8       0x9e ./Core/Src/engine/moves.o
                0x00000000080018e8                make_move
 *fill*         0x0000000008001986        0x2 
 .text.HAL_TIM_PWM_PulseFinishedCallback
                0x0000000008001988       0x14 ./Core/Src/led/ws2812.o
                0x0000000008001988                HAL_TIM_PWM_PulseFinishedCallback
 .text.ws2812_init
                0x000000000800199c       0x24 ./Core/Src/led/ws2812.o
                0x000000000800199c                ws2812_init
 .text.ws2812_update_pwm_data
                0x00000000080019c0       0x84 ./Core/Src/led/ws2812.o
                0x00000000080019c0                ws2812_update_pwm_data
 .text.ws2812_update_leds_from_data
                0x0000000008001a44       0x2c ./Core/Src/led/ws2812.o
                0x0000000008001a44                ws2812_update_leds_from_data
 .text.lighting_set_output
                0x0000000008001a70        0xc ./Core/Src/lighting/lighting.o
                0x0000000008001a70                lighting_set_output
 .text.set_color
                0x0000000008001a7c       0x1c ./Core/Src/lighting/lighting.o
                0x0000000008001a7c                set_color
 .text.paint_board
                0x0000000008001a98       0x24 ./Core/Src/lighting/lighting.o
                0x0000000008001a98                paint_board
 .text.paint_valid_moves
                0x0000000008001abc       0x3a ./Core/Src/lighting/lighting.o
                0x0000000008001abc                paint_valid_moves
 *fill*         0x0000000008001af6        0x2 
 .text.paint_differences
                0x0000000008001af8       0x70 ./Core/Src/lighting/lighting.o
                0x0000000008001af8                paint_differences
 .text.paint_capture
                0x0000000008001b68        0xc ./Core/Src/lighting/lighting.o
                0x0000000008001b68                paint_capture
 .text.lighting_set_state
                0x0000000008001b74        0xc ./Core/Src/lighting/lighting.o
                0x0000000008001b74                lighting_set_state
 .text.lighting_piece_lifted_square
                0x0000000008001b80        0xc ./Core/Src/lighting/lighting.o
                0x0000000008001b80                lighting_piece_lifted_square
 .text.set_valid_moves
                0x0000000008001b8c       0x14 ./Core/Src/lighting/lighting.o
                0x0000000008001b8c                set_valid_moves
 .text.lighting_refresh
                0x0000000008001ba0       0x74 ./Core/Src/lighting/lighting.o
                0x0000000008001ba0                lighting_refresh
 .text.t_reed_scan_sensors
                0x0000000008001c14      0x16c ./Core/Src/reed/reed.o
                0x0000000008001c14                t_reed_scan_sensors
 .text.Reset_Handler
                0x0000000008001d80       0x50 ./Core/Startup/startup_stm32f401retx.o
                0x0000000008001d80                Reset_Handler
 .text.Default_Handler
                0x0000000008001dd0        0x2 ./Core/Startup/startup_stm32f401retx.o
                0x0000000008001dd0                RTC_Alarm_IRQHandler
                0x0000000008001dd0                EXTI2_IRQHandler
                0x0000000008001dd0                SPI4_IRQHandler
                0x0000000008001dd0                TIM1_CC_IRQHandler
                0x0000000008001dd0                DMA2_Stream5_IRQHandler
                0x0000000008001dd0                DMA1_Stream5_IRQHandler
                0x0000000008001dd0                PVD_IRQHandler
                0x0000000008001dd0                SDIO_IRQHandler
                0x0000000008001dd0                TAMP_STAMP_IRQHandler
                0x0000000008001dd0                EXTI3_IRQHandler
                0x0000000008001dd0                TIM1_UP_TIM10_IRQHandler
                0x0000000008001dd0                I2C3_ER_IRQHandler
                0x0000000008001dd0                EXTI0_IRQHandler
                0x0000000008001dd0                I2C2_EV_IRQHandler
                0x0000000008001dd0                DMA1_Stream2_IRQHandler
                0x0000000008001dd0                FPU_IRQHandler
                0x0000000008001dd0                DMA2_Stream2_IRQHandler
                0x0000000008001dd0                SPI1_IRQHandler
                0x0000000008001dd0                TIM1_BRK_TIM9_IRQHandler
                0x0000000008001dd0                DMA2_Stream3_IRQHandler
                0x0000000008001dd0                USART6_IRQHandler
                0x0000000008001dd0                DMA2_Stream0_IRQHandler
                0x0000000008001dd0                TIM4_IRQHandler
                0x0000000008001dd0                I2C1_EV_IRQHandler
                0x0000000008001dd0                DMA1_Stream6_IRQHandler
                0x0000000008001dd0                DMA1_Stream1_IRQHandler
                0x0000000008001dd0                TIM3_IRQHandler
                0x0000000008001dd0                RCC_IRQHandler
                0x0000000008001dd0                Default_Handler
                0x0000000008001dd0                EXTI15_10_IRQHandler
                0x0000000008001dd0                ADC_IRQHandler
                0x0000000008001dd0                DMA1_Stream7_IRQHandler
                0x0000000008001dd0                TIM5_IRQHandler
                0x0000000008001dd0                DMA2_Stream7_IRQHandler
                0x0000000008001dd0                I2C3_EV_IRQHandler
                0x0000000008001dd0                EXTI9_5_IRQHandler
                0x0000000008001dd0                RTC_WKUP_IRQHandler
                0x0000000008001dd0                SPI2_IRQHandler
                0x0000000008001dd0                DMA1_Stream0_IRQHandler
                0x0000000008001dd0                EXTI4_IRQHandler
                0x0000000008001dd0                WWDG_IRQHandler
                0x0000000008001dd0                OTG_FS_WKUP_IRQHandler
                0x0000000008001dd0                EXTI1_IRQHandler
                0x0000000008001dd0                USART2_IRQHandler
                0x0000000008001dd0                I2C2_ER_IRQHandler
                0x0000000008001dd0                DMA2_Stream1_IRQHandler
                0x0000000008001dd0                FLASH_IRQHandler
                0x0000000008001dd0                USART1_IRQHandler
                0x0000000008001dd0                OTG_FS_IRQHandler
                0x0000000008001dd0                SPI3_IRQHandler
                0x0000000008001dd0                DMA1_Stream4_IRQHandler
                0x0000000008001dd0                I2C1_ER_IRQHandler
                0x0000000008001dd0                DMA2_Stream6_IRQHandler
                0x0000000008001dd0                DMA1_Stream3_IRQHandler
 *fill*         0x0000000008001dd2        0x2 
 .text.HAL_Init
                0x0000000008001dd4       0x34 ./Drivers/STM32F4xx_HAL_Driver/Src/stm32f4xx_hal.o
                0x0000000008001dd4                HAL_Init
 .text.HAL_IncTick
                0x0000000008001e08       0x18 ./Drivers/STM32F4xx_HAL_Driver/Src/stm32f4xx_hal.o
                0x0000000008001e08                HAL_IncTick
 .text.HAL_GetTick
                0x0000000008001e20        0xc ./Drivers/STM32F4xx_HAL_Driver/Src/stm32f4xx_hal.o
                0x0000000008001e20                HAL_GetTick
 .text.HAL_NVIC_SetPriorityGrouping
                0x0000000008001e2c       0x24 ./Drivers/STM32F4xx_HAL_Driver/Src/stm32f4xx_hal_cortex.o
                0x0000000008001e2c                HAL_NVIC_SetPriorityGrouping
 .text.HAL_NVIC_SetPriority
                0x0000000008001e50       0x64 ./Drivers/STM32F4xx_HAL_Driver/Src/stm32f4xx_hal_cortex.o
                0x0000000008001e50                HAL_NVIC_SetPriority
 .text.HAL_NVIC_EnableIRQ
                0x0000000008001eb4       0x1c ./Drivers/STM32F4xx_HAL_Driver/Src/stm32f4xx_hal_cortex.o
                0x0000000008001eb4                HAL_NVIC_EnableIRQ
 .text.DMA_CalcBaseAndBitshift
                0x0000000008001ed0       0x2c ./Drivers/STM32F4xx_HAL_Driver/Src/stm32f4xx_hal_dma.o
 .text.HAL_DMA_Init
                0x0000000008001efc       0xfc ./Drivers/STM32F4xx_HAL_Driver/Src/stm32f4xx_hal_dma.o
                0x0000000008001efc                HAL_DMA_Init
 .text.HAL_DMA_Start_IT
                0x0000000008001ff8       0x74 ./Drivers/STM32F4xx_HAL_Driver/Src/stm32f4xx_hal_dma.o
                0x0000000008001ff8                HAL_DMA_Start_IT
 .text.HAL_DMA_Abort_IT
                0x000000000800206c       0x24 ./Drivers/STM32F4xx_HAL_Driver/Src/stm32f4xx_hal_dma.o
                0x000000000800206c                HAL_DMA_Abort_IT
 .text.HAL_DMA_IRQHandler
                0x0000000008002090      0x17c ./Drivers/STM32F4xx_HAL_Driver/Src/stm32f4xx_hal_dma.o
                0x0000000008002090                HAL_DMA_IRQHandler
 .text.HAL_GPIO_Init
                0x000000000800220c      0x190 ./Drivers/STM32F4xx_HAL_Driver/Src/stm32f4xx_hal_gpio.o
                0x000000000800220c                HAL_GPIO_Init
 .text.HAL_GPIO_ReadPin
                0x000000000800239c        0xc ./Drivers/STM32F4xx_HAL_Driver/Src/stm32f4xx_hal_gpio.o
                0x000000000800239c                HAL_GPIO_ReadPin
 .text.HAL_GPIO_WritePin
                0x00000000080023a8        0xa ./Drivers/STM32F4xx_HAL_Driver/Src/stm32f4xx_hal_gpio.o
                0x00000000080023a8                HAL_GPIO_WritePin
 .text.I2C_IsAcknowledgeFailed
                0x00000000080023b2       0x34 ./Drivers/STM32F4xx_HAL_Driver/Src/stm32f4xx_hal_i2c.o
 .text.I2C_WaitOnFlagUntilTimeout
                0x00000000080023e6       0x64 ./Drivers/STM32F4xx_HAL_Driver/Src/stm32f4xx_hal_i2c.o
 .text.I2C_WaitOnMasterAddressFlagUntilTimeout
                0x000000000800244a       0x76 ./Drivers/STM32F4xx_HAL_Driver/Src/stm32f4xx_hal_i2c.o
 .text.I2C_WaitOnTXEFlagUntilTimeout
                0x00000000080024c0       0x4c ./Drivers/STM32F4xx_HAL_Driver/Src/stm32f4xx_hal_i2c.o
 .text.I2C_WaitOnBTFFlagUntilTimeout
                0x000000000800250c       0x4c ./Drivers/STM32F4xx_HAL_Driver/Src/stm32f4xx_hal_i2c.o
 .text.HAL_I2C_Init
                0x0000000008002558      0x150 ./Drivers/STM32F4xx_HAL_Driver/Src/stm32f4xx_hal_i2c.o
                0x0000000008002558                HAL_I2C_Init
 .text.HAL_I2C_Master_Transmit
                0x00000000080026a8      0x1b0 ./Drivers/STM32F4xx_HAL_Driver/Src/stm32f4xx_hal_i2c.o
                0x00000000080026a8                HAL_I2C_Master_Transmit
 .text.HAL_RCC_OscConfig
                0x0000000008002858      0x358 ./Drivers/STM32F4xx_HAL_Driver/Src/stm32f4xx_hal_rcc.o
                0x0000000008002858                HAL_RCC_OscConfig
 .text.HAL_RCC_GetSysClockFreq
                0x0000000008002bb0       0x5c ./Drivers/STM32F4xx_HAL_Driver/Src/stm32f4xx_hal_rcc.o
                0x0000000008002bb0                HAL_RCC_GetSysClockFreq
 .text.HAL_RCC_ClockConfig
                0x0000000008002c0c      0x134 ./Drivers/STM32F4xx_HAL_Driver/Src/stm32f4xx_hal_rcc.o
                0x0000000008002c0c                HAL_RCC_ClockConfig
 .text.HAL_RCC_GetPCLK1Freq
                0x0000000008002d40       0x20 ./Drivers/STM32F4xx_HAL_Driver/Src/stm32f4xx_hal_rcc.o
                0x0000000008002d40                HAL_RCC_GetPCLK1Freq
 .text.HAL_RCC_GetClockConfig
                0x0000000008002d60       0x3c ./Drivers/STM32F4xx_HAL_Driver/Src/stm32f4xx_hal_rcc.o
                0x0000000008002d60                HAL_RCC_GetClockConfig
 .text.TIM_OC1_SetConfig
                0x0000000008002d9c       0x50 ./Drivers/STM32F4xx_HAL_Driver/Src/stm32f4xx_hal_tim.o
 .text.TIM_OC3_SetConfig
                0x0000000008002dec       0x54 ./Drivers/STM32F4xx_HAL_Driver/Src/stm32f4xx_hal_tim.o
 .text.TIM_OC4_SetConfig
                0x0000000008002e40       0x44 ./Drivers/STM32F4xx_HAL_Driver/Src/stm32f4xx_hal_tim.o
 .text.HAL_TIM_Base_MspInit
                0x0000000008002e84        0x2 ./Drivers/STM32F4xx_HAL_Driver/Src/stm32f4xx_hal_tim.o
                0x0000000008002e84                HAL_TIM_Base_MspInit
 *fill*         0x0000000008002e86        0x2 
 .text.HAL_TIM_Base_Start_IT
                0x0000000008002e88       0x64 ./Drivers/STM32F4xx_HAL_Driver/Src/stm32f4xx_hal_tim.o
                0x0000000008002e88                HAL_TIM_Base_Start_IT
 .text.HAL_TIM_OC_DelayElapsedCallback
                0x0000000008002eec        0x2 ./Drivers/STM32F4xx_HAL_Driver/Src/stm32f4xx_hal_tim.o
                0x0000000008002eec                HAL_TIM_OC_DelayElapsedCallback
 .text.HAL_TIM_IC_CaptureCallback
                0x0000000008002eee        0x2 ./Drivers/STM32F4xx_HAL_Driver/Src/stm32f4xx_hal_tim.o
                0x0000000008002eee                HAL_TIM_IC_CaptureCallback
 .text.TIM_DMADelayPulseCplt
                0x0000000008002ef0       0x6a ./Drivers/STM32F4xx_HAL_Driver/Src/stm32f4xx_hal_tim.o
 .text.HAL_TIM_PWM_PulseFinishedHalfCpltCallback
                0x0000000008002f5a        0x2 ./Drivers/STM32F4xx_HAL_Driver/Src/stm32f4xx_hal_tim.o
                0x0000000008002f5a                HAL_TIM_PWM_PulseFinishedHalfCpltCallback
 .text.TIM_DMADelayPulseHalfCplt
                0x0000000008002f5c       0x38 ./Drivers/STM32F4xx_HAL_Driver/Src/stm32f4xx_hal_tim.o
                0x0000000008002f5c                TIM_DMADelayPulseHalfCplt
 .text.HAL_TIM_TriggerCallback
                0x0000000008002f94        0x2 ./Drivers/STM32F4xx_HAL_Driver/Src/stm32f4xx_hal_tim.o
                0x0000000008002f94                HAL_TIM_TriggerCallback
 .text.HAL_TIM_IRQHandler
                0x0000000008002f96      0x144 ./Drivers/STM32F4xx_HAL_Driver/Src/stm32f4xx_hal_tim.o
                0x0000000008002f96                HAL_TIM_IRQHandler
 .text.HAL_TIM_ErrorCallback
                0x00000000080030da        0x2 ./Drivers/STM32F4xx_HAL_Driver/Src/stm32f4xx_hal_tim.o
                0x00000000080030da                HAL_TIM_ErrorCallback
 .text.TIM_DMAError
                0x00000000080030dc       0x58 ./Drivers/STM32F4xx_HAL_Driver/Src/stm32f4xx_hal_tim.o
                0x00000000080030dc                TIM_DMAError
 .text.TIM_Base_SetConfig
                0x0000000008003134       0x9c ./Drivers/STM32F4xx_HAL_Driver/Src/stm32f4xx_hal_tim.o
                0x0000000008003134                TIM_Base_SetConfig
 .text.HAL_TIM_Base_Init
                0x00000000080031d0       0x58 ./Drivers/STM32F4xx_HAL_Driver/Src/stm32f4xx_hal_tim.o
                0x00000000080031d0                HAL_TIM_Base_Init
 .text.HAL_TIM_PWM_Init
                0x0000000008003228       0x58 ./Drivers/STM32F4xx_HAL_Driver/Src/stm32f4xx_hal_tim.o
                0x0000000008003228                HAL_TIM_PWM_Init
 .text.TIM_OC2_SetConfig
                0x0000000008003280       0x58 ./Drivers/STM32F4xx_HAL_Driver/Src/stm32f4xx_hal_tim.o
                0x0000000008003280                TIM_OC2_SetConfig
 .text.HAL_TIM_PWM_ConfigChannel
                0x00000000080032d8       0xb2 ./Drivers/STM32F4xx_HAL_Driver/Src/stm32f4xx_hal_tim.o
                0x00000000080032d8                HAL_TIM_PWM_ConfigChannel
 .text.TIM_CCxChannelCmd
                0x000000000800338a       0x1c ./Drivers/STM32F4xx_HAL_Driver/Src/stm32f4xx_hal_tim.o
                0x000000000800338a                TIM_CCxChannelCmd
 *fill*         0x00000000080033a6        0x2 
 .text.HAL_TIM_OC_Start_DMA
                0x00000000080033a8      0x1a4 ./Drivers/STM32F4xx_HAL_Driver/Src/stm32f4xx_hal_tim.o
                0x00000000080033a8                HAL_TIM_OC_Start_DMA
 .text.HAL_TIM_PWM_Start_DMA
                0x000000000800354c        0x4 ./Drivers/STM32F4xx_HAL_Driver/Src/stm32f4xx_hal_tim.o
                0x000000000800354c                HAL_TIM_PWM_Start_DMA
 .text.HAL_TIM_OC_Stop_DMA
                0x0000000008003550       0xc4 ./Drivers/STM32F4xx_HAL_Driver/Src/stm32f4xx_hal_tim.o
                0x0000000008003550                HAL_TIM_OC_Stop_DMA
 .text.HAL_TIM_PWM_Stop_DMA
                0x0000000008003614        0x4 ./Drivers/STM32F4xx_HAL_Driver/Src/stm32f4xx_hal_tim.o
                0x0000000008003614                HAL_TIM_PWM_Stop_DMA
 .text.HAL_TIMEx_MasterConfigSynchronization
                0x0000000008003618       0x6c ./Drivers/STM32F4xx_HAL_Driver/Src/stm32f4xx_hal_tim_ex.o
                0x0000000008003618                HAL_TIMEx_MasterConfigSynchronization
 .text.HAL_TIMEx_ConfigBreakDeadTime
                0x0000000008003684       0x4c ./Drivers/STM32F4xx_HAL_Driver/Src/stm32f4xx_hal_tim_ex.o
                0x0000000008003684                HAL_TIMEx_ConfigBreakDeadTime
 .text.HAL_TIMEx_CommutCallback
                0x00000000080036d0        0x2 ./Drivers/STM32F4xx_HAL_Driver/Src/stm32f4xx_hal_tim_ex.o
                0x00000000080036d0                HAL_TIMEx_CommutCallback
 .text.HAL_TIMEx_BreakCallback
                0x00000000080036d2        0x2 ./Drivers/STM32F4xx_HAL_Driver/Src/stm32f4xx_hal_tim_ex.o
                0x00000000080036d2                HAL_TIMEx_BreakCallback
 .text.osKernelStart
                0x00000000080036d4        0xa ./Middlewares/Third_Party/FreeRTOS/Source/CMSIS_RTOS/cmsis_os.o
                0x00000000080036d4                osKernelStart
 .text.osThreadCreate
                0x00000000080036de       0x50 ./Middlewares/Third_Party/FreeRTOS/Source/CMSIS_RTOS/cmsis_os.o
                0x00000000080036de                osThreadCreate
 .text.osDelay  0x000000000800372e       0x10 ./Middlewares/Third_Party/FreeRTOS/Source/CMSIS_RTOS/cmsis_os.o
                0x000000000800372e                osDelay
 .text.vListInitialise
                0x000000000800373e       0x16 ./Middlewares/Third_Party/FreeRTOS/Source/list.o
                0x000000000800373e                vListInitialise
 .text.vListInitialiseItem
                0x0000000008003754        0x6 ./Middlewares/Third_Party/FreeRTOS/Source/list.o
                0x0000000008003754                vListInitialiseItem
 .text.vListInsertEnd
                0x000000000800375a       0x18 ./Middlewares/Third_Party/FreeRTOS/Source/list.o
                0x000000000800375a                vListInsertEnd
 .text.vListInsert
                0x0000000008003772       0x2e ./Middlewares/Third_Party/FreeRTOS/Source/list.o
                0x0000000008003772                vListInsert
 .text.uxListRemove
                0x00000000080037a0       0x20 ./Middlewares/Third_Party/FreeRTOS/Source/list.o
                0x00000000080037a0                uxListRemove
 .text.prvIsQueueEmpty
                0x00000000080037c0       0x16 ./Middlewares/Third_Party/FreeRTOS/Source/queue.o
 .text.prvCopyDataToQueue
                0x00000000080037d6       0x6a ./Middlewares/Third_Party/FreeRTOS/Source/queue.o
 .text.prvCopyDataFromQueue
                0x0000000008003840       0x2c ./Middlewares/Third_Party/FreeRTOS/Source/queue.o
 .text.prvUnlockQueue
                0x000000000800386c       0x70 ./Middlewares/Third_Party/FreeRTOS/Source/queue.o
 .text.xQueueGenericReset
                0x00000000080038dc       0x7e ./Middlewares/Third_Party/FreeRTOS/Source/queue.o
                0x00000000080038dc                xQueueGenericReset
 .text.xQueueGenericCreate
                0x000000000800395a       0x48 ./Middlewares/Third_Party/FreeRTOS/Source/queue.o
                0x000000000800395a                xQueueGenericCreate
 .text.xQueueGenericSend
                0x00000000080039a2      0x166 ./Middlewares/Third_Party/FreeRTOS/Source/queue.o
                0x00000000080039a2                xQueueGenericSend
 .text.xQueueReceive
                0x0000000008003b08      0x13e ./Middlewares/Third_Party/FreeRTOS/Source/queue.o
                0x0000000008003b08                xQueueReceive
 .text.xQueueSemaphoreTake
                0x0000000008003c46      0x186 ./Middlewares/Third_Party/FreeRTOS/Source/queue.o
                0x0000000008003c46                xQueueSemaphoreTake
 .text.uxQueueMessagesWaiting
                0x0000000008003dcc       0x2a ./Middlewares/Third_Party/FreeRTOS/Source/queue.o
                0x0000000008003dcc                uxQueueMessagesWaiting
 *fill*         0x0000000008003df6        0x2 
 .text.prvAddNewTaskToReadyList
                0x0000000008003df8       0xfc ./Middlewares/Third_Party/FreeRTOS/Source/tasks.o
 .text.prvAddCurrentTaskToDelayedList
                0x0000000008003ef4       0x88 ./Middlewares/Third_Party/FreeRTOS/Source/tasks.o
 .text.prvResetNextTaskUnblockTime
                0x0000000008003f7c       0x24 ./Middlewares/Third_Party/FreeRTOS/Source/tasks.o
 .text.prvDeleteTCB
                0x0000000008003fa0       0x3c ./Middlewares/Third_Party/FreeRTOS/Source/tasks.o
 .text.prvIdleTask
                0x0000000008003fdc       0x60 ./Middlewares/Third_Party/FreeRTOS/Source/tasks.o
 .text.prvInitialiseNewTask.constprop.0
                0x000000000800403c       0xb0 ./Middlewares/Third_Party/FreeRTOS/Source/tasks.o
 .text.xTaskCreateStatic
                0x00000000080040ec       0x70 ./Middlewares/Third_Party/FreeRTOS/Source/tasks.o
                0x00000000080040ec                xTaskCreateStatic
 .text.xTaskCreate
                0x000000000800415c       0x5a ./Middlewares/Third_Party/FreeRTOS/Source/tasks.o
                0x000000000800415c                xTaskCreate
 *fill*         0x00000000080041b6        0x2 
 .text.vTaskStartScheduler
                0x00000000080041b8       0x84 ./Middlewares/Third_Party/FreeRTOS/Source/tasks.o
                0x00000000080041b8                vTaskStartScheduler
 .text.vTaskSuspendAll
                0x000000000800423c       0x10 ./Middlewares/Third_Party/FreeRTOS/Source/tasks.o
                0x000000000800423c                vTaskSuspendAll
 .text.xTaskIncrementTick
                0x000000000800424c      0x130 ./Middlewares/Third_Party/FreeRTOS/Source/tasks.o
                0x000000000800424c                xTaskIncrementTick
 .text.xTaskResumeAll
                0x000000000800437c       0xf0 ./Middlewares/Third_Party/FreeRTOS/Source/tasks.o
                0x000000000800437c                xTaskResumeAll
 .text.vTaskDelay
                0x000000000800446c       0x48 ./Middlewares/Third_Party/FreeRTOS/Source/tasks.o
                0x000000000800446c                vTaskDelay
 .text.vTaskSwitchContext
                0x00000000080044b4       0x80 ./Middlewares/Third_Party/FreeRTOS/Source/tasks.o
                0x00000000080044b4                vTaskSwitchContext
 .text.vTaskPlaceOnEventList
                0x0000000008004534       0x34 ./Middlewares/Third_Party/FreeRTOS/Source/tasks.o
                0x0000000008004534                vTaskPlaceOnEventList
 .text.xTaskRemoveFromEventList
                0x0000000008004568       0x88 ./Middlewares/Third_Party/FreeRTOS/Source/tasks.o
                0x0000000008004568                xTaskRemoveFromEventList
 .text.vTaskInternalSetTimeOutState
                0x00000000080045f0       0x18 ./Middlewares/Third_Party/FreeRTOS/Source/tasks.o
                0x00000000080045f0                vTaskInternalSetTimeOutState
 .text.xTaskCheckForTimeOut
                0x0000000008004608       0x78 ./Middlewares/Third_Party/FreeRTOS/Source/tasks.o
                0x0000000008004608                xTaskCheckForTimeOut
 .text.vTaskMissedYield
                0x0000000008004680        0xc ./Middlewares/Third_Party/FreeRTOS/Source/tasks.o
                0x0000000008004680                vTaskMissedYield
 .text.xTaskGetSchedulerState
                0x000000000800468c       0x20 ./Middlewares/Third_Party/FreeRTOS/Source/tasks.o
                0x000000000800468c                xTaskGetSchedulerState
 .text.xTaskPriorityInherit
                0x00000000080046ac       0x98 ./Middlewares/Third_Party/FreeRTOS/Source/tasks.o
                0x00000000080046ac                xTaskPriorityInherit
 .text.xTaskPriorityDisinherit
                0x0000000008004744       0xa4 ./Middlewares/Third_Party/FreeRTOS/Source/tasks.o
                0x0000000008004744                xTaskPriorityDisinherit
 .text.vTaskPriorityDisinheritAfterTimeout
                0x00000000080047e8       0xb0 ./Middlewares/Third_Party/FreeRTOS/Source/tasks.o
                0x00000000080047e8                vTaskPriorityDisinheritAfterTimeout
 .text.pvTaskIncrementMutexHeldCount
                0x0000000008004898       0x18 ./Middlewares/Third_Party/FreeRTOS/Source/tasks.o
                0x0000000008004898                pvTaskIncrementMutexHeldCount
 .text.prvPortStartFirstTask
                0x00000000080048b0       0x28 ./Middlewares/Third_Party/FreeRTOS/Source/portable/GCC/ARM_CM4F/port.o
 .text.vPortEnableVFP
                0x00000000080048d8       0x14 ./Middlewares/Third_Party/FreeRTOS/Source/portable/GCC/ARM_CM4F/port.o
 .text.prvTaskExitError
                0x00000000080048ec       0x40 ./Middlewares/Third_Party/FreeRTOS/Source/portable/GCC/ARM_CM4F/port.o
 .text.pxPortInitialiseStack
                0x000000000800492c       0x2c ./Middlewares/Third_Party/FreeRTOS/Source/portable/GCC/ARM_CM4F/port.o
                0x000000000800492c                pxPortInitialiseStack
 *fill*         0x0000000008004958        0x8 
 .text.SVC_Handler
                0x0000000008004960       0x24 ./Middlewares/Third_Party/FreeRTOS/Source/portable/GCC/ARM_CM4F/port.o
                0x0000000008004960                SVC_Handler
 .text.vPortEnterCritical
                0x0000000008004984       0x40 ./Middlewares/Third_Party/FreeRTOS/Source/portable/GCC/ARM_CM4F/port.o
                0x0000000008004984                vPortEnterCritical
 .text.vPortExitCritical
                0x00000000080049c4       0x28 ./Middlewares/Third_Party/FreeRTOS/Source/portable/GCC/ARM_CM4F/port.o
                0x00000000080049c4                vPortExitCritical
 *fill*         0x00000000080049ec        0x4 
 .text.PendSV_Handler
                0x00000000080049f0       0x64 ./Middlewares/Third_Party/FreeRTOS/Source/portable/GCC/ARM_CM4F/port.o
                0x00000000080049f0                PendSV_Handler
 .text.SysTick_Handler
                0x0000000008004a54       0x2c ./Middlewares/Third_Party/FreeRTOS/Source/portable/GCC/ARM_CM4F/port.o
                0x0000000008004a54                SysTick_Handler
 .text.vPortSetupTimerInterrupt
                0x0000000008004a80       0x24 ./Middlewares/Third_Party/FreeRTOS/Source/portable/GCC/ARM_CM4F/port.o
                0x0000000008004a80                vPortSetupTimerInterrupt
 .text.xPortStartScheduler
                0x0000000008004aa4      0x10c ./Middlewares/Third_Party/FreeRTOS/Source/portable/GCC/ARM_CM4F/port.o
                0x0000000008004aa4                xPortStartScheduler
 .text.prvInsertBlockIntoFreeList
                0x0000000008004bb0       0x4c ./Middlewares/Third_Party/FreeRTOS/Source/portable/MemMang/heap_4.o
 .text.pvPortMalloc
                0x0000000008004bfc      0x130 ./Middlewares/Third_Party/FreeRTOS/Source/portable/MemMang/heap_4.o
                0x0000000008004bfc                pvPortMalloc
 .text.vPortFree
                0x0000000008004d2c       0x7c ./Middlewares/Third_Party/FreeRTOS/Source/portable/MemMang/heap_4.o
                0x0000000008004d2c                vPortFree
 .text.memset   0x0000000008004da8       0x10 D:/ST/STM32CubeIDE_1.14.0/STM32CubeIDE/plugins/com.st.stm32cube.ide.mcu.externaltools.gnu-tools-for-stm32.11.3.rel1.win32_1.1.100.202309141235/tools/bin/../lib/gcc/arm-none-eabi/11.3.1/../../../../arm-none-eabi/lib/thumb/v7e-m+fp/hard\libc_nano.a(libc_a-memset.o)
                0x0000000008004da8                memset
 .text._reclaim_reent
                0x0000000008004db8       0xac D:/ST/STM32CubeIDE_1.14.0/STM32CubeIDE/plugins/com.st.stm32cube.ide.mcu.externaltools.gnu-tools-for-stm32.11.3.rel1.win32_1.1.100.202309141235/tools/bin/../lib/gcc/arm-none-eabi/11.3.1/../../../../arm-none-eabi/lib/thumb/v7e-m+fp/hard\libc_nano.a(libc_a-reent.o)
                0x0000000008004db8                _reclaim_reent
 .text.__libc_init_array
                0x0000000008004e64       0x48 D:/ST/STM32CubeIDE_1.14.0/STM32CubeIDE/plugins/com.st.stm32cube.ide.mcu.externaltools.gnu-tools-for-stm32.11.3.rel1.win32_1.1.100.202309141235/tools/bin/../lib/gcc/arm-none-eabi/11.3.1/../../../../arm-none-eabi/lib/thumb/v7e-m+fp/hard\libc_nano.a(libc_a-init.o)
                0x0000000008004e64                __libc_init_array
 .text.__retarget_lock_acquire_recursive
                0x0000000008004eac        0x2 D:/ST/STM32CubeIDE_1.14.0/STM32CubeIDE/plugins/com.st.stm32cube.ide.mcu.externaltools.gnu-tools-for-stm32.11.3.rel1.win32_1.1.100.202309141235/tools/bin/../lib/gcc/arm-none-eabi/11.3.1/../../../../arm-none-eabi/lib/thumb/v7e-m+fp/hard\libc_nano.a(libc_a-lock.o)
                0x0000000008004eac                __retarget_lock_acquire_recursive
 .text.__retarget_lock_release_recursive
                0x0000000008004eae        0x2 D:/ST/STM32CubeIDE_1.14.0/STM32CubeIDE/plugins/com.st.stm32cube.ide.mcu.externaltools.gnu-tools-for-stm32.11.3.rel1.win32_1.1.100.202309141235/tools/bin/../lib/gcc/arm-none-eabi/11.3.1/../../../../arm-none-eabi/lib/thumb/v7e-m+fp/hard\libc_nano.a(libc_a-lock.o)
                0x0000000008004eae                __retarget_lock_release_recursive
 .text.memcpy   0x0000000008004eb0       0x1c D:/ST/STM32CubeIDE_1.14.0/STM32CubeIDE/plugins/com.st.stm32cube.ide.mcu.externaltools.gnu-tools-for-stm32.11.3.rel1.win32_1.1.100.202309141235/tools/bin/../lib/gcc/arm-none-eabi/11.3.1/../../../../arm-none-eabi/lib/thumb/v7e-m+fp/hard\libc_nano.a(libc_a-memcpy-stub.o)
                0x0000000008004eb0                memcpy
 .text._free_r  0x0000000008004ecc       0x98 D:/ST/STM32CubeIDE_1.14.0/STM32CubeIDE/plugins/com.st.stm32cube.ide.mcu.externaltools.gnu-tools-for-stm32.11.3.rel1.win32_1.1.100.202309141235/tools/bin/../lib/gcc/arm-none-eabi/11.3.1/../../../../arm-none-eabi/lib/thumb/v7e-m+fp/hard\libc_nano.a(libc_a-freer.o)
                0x0000000008004ecc                _free_r
 .text.__malloc_lock
                0x0000000008004f64        0xc D:/ST/STM32CubeIDE_1.14.0/STM32CubeIDE/plugins/com.st.stm32cube.ide.mcu.externaltools.gnu-tools-for-stm32.11.3.rel1.win32_1.1.100.202309141235/tools/bin/../lib/gcc/arm-none-eabi/11.3.1/../../../../arm-none-eabi/lib/thumb/v7e-m+fp/hard\libc_nano.a(libc_a-mlock.o)
                0x0000000008004f64                __malloc_lock
 .text.__malloc_unlock
                0x0000000008004f70        0xc D:/ST/STM32CubeIDE_1.14.0/STM32CubeIDE/plugins/com.st.stm32cube.ide.mcu.externaltools.gnu-tools-for-stm32.11.3.rel1.win32_1.1.100.202309141235/tools/bin/../lib/gcc/arm-none-eabi/11.3.1/../../../../arm-none-eabi/lib/thumb/v7e-m+fp/hard\libc_nano.a(libc_a-mlock.o)
                0x0000000008004f70                __malloc_unlock
 *(.glue_7)
 .glue_7        0x0000000008004f7c        0x0 linker stubs
 *(.glue_7t)
 .glue_7t       0x0000000008004f7c        0x0 linker stubs
 *(.eh_frame)
 .eh_frame      0x0000000008004f7c        0x0 D:/ST/STM32CubeIDE_1.14.0/STM32CubeIDE/plugins/com.st.stm32cube.ide.mcu.externaltools.gnu-tools-for-stm32.11.3.rel1.win32_1.1.100.202309141235/tools/bin/../lib/gcc/arm-none-eabi/11.3.1/thumb/v7e-m+fp/hard/crtbegin.o
 *(.init)
 .init          0x0000000008004f7c        0x4 D:/ST/STM32CubeIDE_1.14.0/STM32CubeIDE/plugins/com.st.stm32cube.ide.mcu.externaltools.gnu-tools-for-stm32.11.3.rel1.win32_1.1.100.202309141235/tools/bin/../lib/gcc/arm-none-eabi/11.3.1/thumb/v7e-m+fp/hard/crti.o
                0x0000000008004f7c                _init
 .init          0x0000000008004f80        0x8 D:/ST/STM32CubeIDE_1.14.0/STM32CubeIDE/plugins/com.st.stm32cube.ide.mcu.externaltools.gnu-tools-for-stm32.11.3.rel1.win32_1.1.100.202309141235/tools/bin/../lib/gcc/arm-none-eabi/11.3.1/thumb/v7e-m+fp/hard/crtn.o
 *(.fini)
 .fini          0x0000000008004f88        0x4 D:/ST/STM32CubeIDE_1.14.0/STM32CubeIDE/plugins/com.st.stm32cube.ide.mcu.externaltools.gnu-tools-for-stm32.11.3.rel1.win32_1.1.100.202309141235/tools/bin/../lib/gcc/arm-none-eabi/11.3.1/thumb/v7e-m+fp/hard/crti.o
                0x0000000008004f88                _fini
 .fini          0x0000000008004f8c        0x8 D:/ST/STM32CubeIDE_1.14.0/STM32CubeIDE/plugins/com.st.stm32cube.ide.mcu.externaltools.gnu-tools-for-stm32.11.3.rel1.win32_1.1.100.202309141235/tools/bin/../lib/gcc/arm-none-eabi/11.3.1/thumb/v7e-m+fp/hard/crtn.o
                0x0000000008004f94                . = ALIGN (0x4)
                0x0000000008004f94                _etext = .

.vfp11_veneer   0x0000000008004f94        0x0
 .vfp11_veneer  0x0000000008004f94        0x0 linker stubs

.v4_bx          0x0000000008004f94        0x0
 .v4_bx         0x0000000008004f94        0x0 linker stubs

.iplt           0x0000000008004f94        0x0
 .iplt          0x0000000008004f94        0x0 D:/ST/STM32CubeIDE_1.14.0/STM32CubeIDE/plugins/com.st.stm32cube.ide.mcu.externaltools.gnu-tools-for-stm32.11.3.rel1.win32_1.1.100.202309141235/tools/bin/../lib/gcc/arm-none-eabi/11.3.1/thumb/v7e-m+fp/hard/crtbegin.o

.rodata         0x0000000008004f94      0x108
                0x0000000008004f94                . = ALIGN (0x4)
 *(.rodata)
 .rodata        0x0000000008004f94       0x1c ./Core/Src/main.o
 *(.rodata*)
 .rodata.main.str1.1
                0x0000000008004fb0       0x38 ./Core/Src/main.o
 .rodata.str1.1
                0x0000000008004fe8        0xc ./Core/Src/main.o
 .rodata.AHBPrescTable
                0x0000000008004ff4       0x10 ./Core/Src/system_stm32f4xx.o
                0x0000000008004ff4                AHBPrescTable
 .rodata.APBPrescTable
                0x0000000008005004        0x8 ./Core/Src/system_stm32f4xx.o
                0x0000000008005004                APBPrescTable
 .rodata.t_userLoop.str1.1
                0x000000000800500c       0x14 ./Core/Src/tareas.o
 .rodata.get_promotion.str1.1
                0x0000000008005020       0x33 ./Core/Src/user_main.o
 .rodata.engine_reset.str1.1
                0x0000000008005053       0x39 ./Core/Src/engine/engine.o
 .rodata.flagBitshiftOffset.0
                0x000000000800508c        0x8 ./Drivers/STM32F4xx_HAL_Driver/Src/stm32f4xx_hal_dma.o
 .rodata.vTaskStartScheduler.str1.1
                0x0000000008005094        0x5 ./Middlewares/Third_Party/FreeRTOS/Source/tasks.o
                0x000000000800509c                . = ALIGN (0x4)
 *fill*         0x0000000008005099        0x3 

.ARM.extab      0x000000000800509c        0x0
                0x000000000800509c                . = ALIGN (0x4)
 *(.ARM.extab* .gnu.linkonce.armextab.*)
                0x000000000800509c                . = ALIGN (0x4)

.ARM            0x000000000800509c        0x8
                0x000000000800509c                . = ALIGN (0x4)
                0x000000000800509c                __exidx_start = .
 *(.ARM.exidx*)
 .ARM.exidx     0x000000000800509c        0x8 D:/ST/STM32CubeIDE_1.14.0/STM32CubeIDE/plugins/com.st.stm32cube.ide.mcu.externaltools.gnu-tools-for-stm32.11.3.rel1.win32_1.1.100.202309141235/tools/bin/../lib/gcc/arm-none-eabi/11.3.1/thumb/v7e-m+fp/hard\libgcc.a(_udivmoddi4.o)
                0x00000000080050a4                __exidx_end = .
                0x00000000080050a4                . = ALIGN (0x4)

.rel.dyn        0x00000000080050a4        0x0
 .rel.iplt      0x00000000080050a4        0x0 D:/ST/STM32CubeIDE_1.14.0/STM32CubeIDE/plugins/com.st.stm32cube.ide.mcu.externaltools.gnu-tools-for-stm32.11.3.rel1.win32_1.1.100.202309141235/tools/bin/../lib/gcc/arm-none-eabi/11.3.1/thumb/v7e-m+fp/hard/crtbegin.o

.preinit_array  0x00000000080050a4        0x0
                0x00000000080050a4                . = ALIGN (0x4)
                0x00000000080050a4                PROVIDE (__preinit_array_start = .)
 *(.preinit_array*)
                0x00000000080050a4                PROVIDE (__preinit_array_end = .)
                0x00000000080050a4                . = ALIGN (0x4)

.init_array     0x00000000080050a4        0x4
                0x00000000080050a4                . = ALIGN (0x4)
                0x00000000080050a4                PROVIDE (__init_array_start = .)
 *(SORT_BY_NAME(.init_array.*))
 *(.init_array*)
 .init_array    0x00000000080050a4        0x4 D:/ST/STM32CubeIDE_1.14.0/STM32CubeIDE/plugins/com.st.stm32cube.ide.mcu.externaltools.gnu-tools-for-stm32.11.3.rel1.win32_1.1.100.202309141235/tools/bin/../lib/gcc/arm-none-eabi/11.3.1/thumb/v7e-m+fp/hard/crtbegin.o
                0x00000000080050a8                PROVIDE (__init_array_end = .)
                0x00000000080050a8                . = ALIGN (0x4)

.fini_array     0x00000000080050a8        0x4
                0x00000000080050a8                . = ALIGN (0x4)
                [!provide]                        PROVIDE (__fini_array_start = .)
 *(SORT_BY_NAME(.fini_array.*))
 *(.fini_array*)
 .fini_array    0x00000000080050a8        0x4 D:/ST/STM32CubeIDE_1.14.0/STM32CubeIDE/plugins/com.st.stm32cube.ide.mcu.externaltools.gnu-tools-for-stm32.11.3.rel1.win32_1.1.100.202309141235/tools/bin/../lib/gcc/arm-none-eabi/11.3.1/thumb/v7e-m+fp/hard/crtbegin.o
                [!provide]                        PROVIDE (__fini_array_end = .)
                0x00000000080050ac                . = ALIGN (0x4)
                0x00000000080050ac                _sidata = LOADADDR (.data)

.data           0x0000000020000000       0xec load address 0x00000000080050ac
                0x0000000020000000                . = ALIGN (0x4)
                0x0000000020000000                _sdata = .
 *(.data)
 *(.data*)
 .data.SystemCoreClock
                0x0000000020000000        0x4 ./Core/Src/system_stm32f4xx.o
                0x0000000020000000                SystemCoreClock
 .data.move_directions
                0x0000000020000004       0x28 ./Core/Src/engine/moves.o
                0x0000000020000004                move_directions
 .data.piece_can_slide
                0x000000002000002c        0x5 ./Core/Src/engine/moves.o
                0x000000002000002c                piece_can_slide
 .data.total_move_directions
                0x0000000020000031        0x5 ./Core/Src/engine/moves.o
                0x0000000020000031                total_move_directions
 .data.led_strip_pos_lut
                0x0000000020000036       0x40 ./Core/Src/led/ws2812.o
                0x0000000020000036                led_strip_pos_lut
 *fill*         0x0000000020000076        0x2 
 .data.color_from_id
                0x0000000020000078       0x18 ./Core/Src/lighting/lighting.o
                0x0000000020000078                color_from_id
 .data.uwTickFreq
                0x0000000020000090        0x1 ./Drivers/STM32F4xx_HAL_Driver/Src/stm32f4xx_hal.o
                0x0000000020000090                uwTickFreq
 *fill*         0x0000000020000091        0x3 
 .data.uwTickPrio
                0x0000000020000094        0x4 ./Drivers/STM32F4xx_HAL_Driver/Src/stm32f4xx_hal.o
                0x0000000020000094                uwTickPrio
 .data.uxCriticalNesting
                0x0000000020000098        0x4 ./Middlewares/Third_Party/FreeRTOS/Source/portable/GCC/ARM_CM4F/port.o
 .data._impure_data
                0x000000002000009c       0x4c D:/ST/STM32CubeIDE_1.14.0/STM32CubeIDE/plugins/com.st.stm32cube.ide.mcu.externaltools.gnu-tools-for-stm32.11.3.rel1.win32_1.1.100.202309141235/tools/bin/../lib/gcc/arm-none-eabi/11.3.1/../../../../arm-none-eabi/lib/thumb/v7e-m+fp/hard\libc_nano.a(libc_a-impure.o)
                0x000000002000009c                _impure_data
 .data._impure_ptr
                0x00000000200000e8        0x4 D:/ST/STM32CubeIDE_1.14.0/STM32CubeIDE/plugins/com.st.stm32cube.ide.mcu.externaltools.gnu-tools-for-stm32.11.3.rel1.win32_1.1.100.202309141235/tools/bin/../lib/gcc/arm-none-eabi/11.3.1/../../../../arm-none-eabi/lib/thumb/v7e-m+fp/hard\libc_nano.a(libc_a-impure.o)
                0x00000000200000e8                _impure_ptr
 *(.RamFunc)
 *(.RamFunc*)
                0x00000000200000ec                . = ALIGN (0x4)
                0x00000000200000ec                _edata = .

.igot.plt       0x00000000200000ec        0x0 load address 0x0000000008005198
 .igot.plt      0x00000000200000ec        0x0 D:/ST/STM32CubeIDE_1.14.0/STM32CubeIDE/plugins/com.st.stm32cube.ide.mcu.externaltools.gnu-tools-for-stm32.11.3.rel1.win32_1.1.100.202309141235/tools/bin/../lib/gcc/arm-none-eabi/11.3.1/thumb/v7e-m+fp/hard/crtbegin.o
                0x00000000200000ec                . = ALIGN (0x4)

.bss            0x00000000200000ec     0x5450 load address 0x0000000008005198
                0x00000000200000ec                _sbss = .
                0x00000000200000ec                __bss_start__ = _sbss
 *(.bss)
 .bss           0x00000000200000ec       0x1c D:/ST/STM32CubeIDE_1.14.0/STM32CubeIDE/plugins/com.st.stm32cube.ide.mcu.externaltools.gnu-tools-for-stm32.11.3.rel1.win32_1.1.100.202309141235/tools/bin/../lib/gcc/arm-none-eabi/11.3.1/thumb/v7e-m+fp/hard/crtbegin.o
 *(.bss*)
 .bss.xIdleStack
                0x0000000020000108      0x200 ./Core/Src/freertos.o
 .bss.xIdleTaskTCBBuffer
                0x0000000020000308       0xa0 ./Core/Src/freertos.o
 .bss.buttons_queue
                0x00000000200003a8        0x4 ./Core/Src/main.o
                0x00000000200003a8                buttons_queue
 .bss.defaultTaskHandle
                0x00000000200003ac        0x4 ./Core/Src/main.o
                0x00000000200003ac                defaultTaskHandle
 .bss.hdma_tim1_ch4_trig_com
                0x00000000200003b0       0x60 ./Core/Src/main.o
                0x00000000200003b0                hdma_tim1_ch4_trig_com
 .bss.hi2c1     0x0000000020000410       0x54 ./Core/Src/main.o
                0x0000000020000410                hi2c1
 .bss.htim1     0x0000000020000464       0x48 ./Core/Src/main.o
                0x0000000020000464                htim1
 .bss.lcd_queue
                0x00000000200004ac        0x4 ./Core/Src/main.o
                0x00000000200004ac                lcd_queue
 .bss.ws2812_sem
                0x00000000200004b0        0x4 ./Core/Src/main.o
                0x00000000200004b0                ws2812_sem
 .bss.movement_state
                0x00000000200004b4        0x1 ./Core/Src/movement.o
                0x00000000200004b4                movement_state
 .bss.previous_sensor_state
                0x00000000200004b5        0x8 ./Core/Src/movement.o
                0x00000000200004b5                previous_sensor_state
 .bss.square_lifted
                0x00000000200004bd        0x1 ./Core/Src/movement.o
                0x00000000200004bd                square_lifted
 *fill*         0x00000000200004be        0x2 
 .bss.total_valid_moves
                0x00000000200004c0        0x4 ./Core/Src/movement.o
                0x00000000200004c0                total_valid_moves
 .bss.valid_moves
                0x00000000200004c4      0x2fd ./Core/Src/movement.o
                0x00000000200004c4                valid_moves
 *fill*         0x00000000200007c1        0x3 
 .bss.htim2     0x00000000200007c4       0x48 ./Core/Src/stm32f4xx_hal_timebase_tim.o
                0x00000000200007c4                htim2
 .bss.user_htim1
                0x000000002000080c        0x4 ./Core/Src/user_main.o
                0x000000002000080c                user_htim1
 .bss.game_state
                0x0000000020000810      0x102 ./Core/Src/engine/engine.o
                0x0000000020000810                game_state
 *fill*         0x0000000020000912        0x2 
 .bss.ws2812_color_data
                0x0000000020000914      0x100 ./Core/Src/led/ws2812.o
                0x0000000020000914                ws2812_color_data
 .bss.ws2812_finished_dma
                0x0000000020000a14        0x1 ./Core/Src/led/ws2812.o
                0x0000000020000a14                ws2812_finished_dma
 *fill*         0x0000000020000a15        0x1 
 .bss.ws2812_pwm_data
                0x0000000020000a16      0xc78 ./Core/Src/led/ws2812.o
                0x0000000020000a16                ws2812_pwm_data
 .bss.lighting_state
                0x000000002000168e        0x1 ./Core/Src/lighting/lighting.o
                0x000000002000168e                lighting_state
 *fill*         0x000000002000168f        0x1 
 .bss.output_array
                0x0000000020001690        0x4 ./Core/Src/lighting/lighting.o
                0x0000000020001690                output_array
 .bss.square_lifted_lighting
                0x0000000020001694        0x1 ./Core/Src/lighting/lighting.o
                0x0000000020001694                square_lifted_lighting
 *fill*         0x0000000020001695        0x3 
 .bss.total_valid_moves_lighting
                0x0000000020001698        0x4 ./Core/Src/lighting/lighting.o
                0x0000000020001698                total_valid_moves_lighting
 .bss.valid_moves_lighting
                0x000000002000169c        0x4 ./Core/Src/lighting/lighting.o
                0x000000002000169c                valid_moves_lighting
 .bss.reed_data
                0x00000000200016a0        0x8 ./Core/Src/reed/reed.o
                0x00000000200016a0                reed_data
 .bss.uwTick    0x00000000200016a8        0x4 ./Drivers/STM32F4xx_HAL_Driver/Src/stm32f4xx_hal.o
                0x00000000200016a8                uwTick
 .bss.pxCurrentTCB
                0x00000000200016ac        0x4 ./Middlewares/Third_Party/FreeRTOS/Source/tasks.o
                0x00000000200016ac                pxCurrentTCB
 .bss.pxDelayedTaskList
                0x00000000200016b0        0x4 ./Middlewares/Third_Party/FreeRTOS/Source/tasks.o
 .bss.pxOverflowDelayedTaskList
                0x00000000200016b4        0x4 ./Middlewares/Third_Party/FreeRTOS/Source/tasks.o
 .bss.pxReadyTasksLists
                0x00000000200016b8       0x8c ./Middlewares/Third_Party/FreeRTOS/Source/tasks.o
 .bss.uxCurrentNumberOfTasks
                0x0000000020001744        0x4 ./Middlewares/Third_Party/FreeRTOS/Source/tasks.o
 .bss.uxDeletedTasksWaitingCleanUp
                0x0000000020001748        0x4 ./Middlewares/Third_Party/FreeRTOS/Source/tasks.o
 .bss.uxSchedulerSuspended
                0x000000002000174c        0x4 ./Middlewares/Third_Party/FreeRTOS/Source/tasks.o
 .bss.uxTaskNumber
                0x0000000020001750        0x4 ./Middlewares/Third_Party/FreeRTOS/Source/tasks.o
 .bss.uxTopReadyPriority
                0x0000000020001754        0x4 ./Middlewares/Third_Party/FreeRTOS/Source/tasks.o
 .bss.xDelayedTaskList1
                0x0000000020001758       0x14 ./Middlewares/Third_Party/FreeRTOS/Source/tasks.o
 .bss.xDelayedTaskList2
                0x000000002000176c       0x14 ./Middlewares/Third_Party/FreeRTOS/Source/tasks.o
 .bss.xNextTaskUnblockTime
                0x0000000020001780        0x4 ./Middlewares/Third_Party/FreeRTOS/Source/tasks.o
 .bss.xNumOfOverflows
                0x0000000020001784        0x4 ./Middlewares/Third_Party/FreeRTOS/Source/tasks.o
 .bss.xPendedTicks
                0x0000000020001788        0x4 ./Middlewares/Third_Party/FreeRTOS/Source/tasks.o
 .bss.xPendingReadyList
                0x000000002000178c       0x14 ./Middlewares/Third_Party/FreeRTOS/Source/tasks.o
 .bss.xSchedulerRunning
                0x00000000200017a0        0x4 ./Middlewares/Third_Party/FreeRTOS/Source/tasks.o
 .bss.xSuspendedTaskList
                0x00000000200017a4       0x14 ./Middlewares/Third_Party/FreeRTOS/Source/tasks.o
 .bss.xTasksWaitingTermination
                0x00000000200017b8       0x14 ./Middlewares/Third_Party/FreeRTOS/Source/tasks.o
 .bss.xTickCount
                0x00000000200017cc        0x4 ./Middlewares/Third_Party/FreeRTOS/Source/tasks.o
 .bss.xYieldPending
                0x00000000200017d0        0x4 ./Middlewares/Third_Party/FreeRTOS/Source/tasks.o
 .bss.ucMaxSysCallPriority
                0x00000000200017d4        0x1 ./Middlewares/Third_Party/FreeRTOS/Source/portable/GCC/ARM_CM4F/port.o
 *fill*         0x00000000200017d5        0x3 
 .bss.ulMaxPRIGROUPValue
                0x00000000200017d8        0x4 ./Middlewares/Third_Party/FreeRTOS/Source/portable/GCC/ARM_CM4F/port.o
 .bss.pxEnd     0x00000000200017dc        0x4 ./Middlewares/Third_Party/FreeRTOS/Source/portable/MemMang/heap_4.o
 .bss.ucHeap    0x00000000200017e0     0x3c00 ./Middlewares/Third_Party/FreeRTOS/Source/portable/MemMang/heap_4.o
 .bss.xBlockAllocatedBit
                0x00000000200053e0        0x4 ./Middlewares/Third_Party/FreeRTOS/Source/portable/MemMang/heap_4.o
 .bss.xFreeBytesRemaining
                0x00000000200053e4        0x4 ./Middlewares/Third_Party/FreeRTOS/Source/portable/MemMang/heap_4.o
 .bss.xMinimumEverFreeBytesRemaining
                0x00000000200053e8        0x4 ./Middlewares/Third_Party/FreeRTOS/Source/portable/MemMang/heap_4.o
 .bss.xNumberOfSuccessfulAllocations
                0x00000000200053ec        0x4 ./Middlewares/Third_Party/FreeRTOS/Source/portable/MemMang/heap_4.o
 .bss.xNumberOfSuccessfulFrees
                0x00000000200053f0        0x4 ./Middlewares/Third_Party/FreeRTOS/Source/portable/MemMang/heap_4.o
 .bss.xStart    0x00000000200053f4        0x8 ./Middlewares/Third_Party/FreeRTOS/Source/portable/MemMang/heap_4.o
 .bss.__sf      0x00000000200053fc      0x138 D:/ST/STM32CubeIDE_1.14.0/STM32CubeIDE/plugins/com.st.stm32cube.ide.mcu.externaltools.gnu-tools-for-stm32.11.3.rel1.win32_1.1.100.202309141235/tools/bin/../lib/gcc/arm-none-eabi/11.3.1/../../../../arm-none-eabi/lib/thumb/v7e-m+fp/hard\libc_nano.a(libc_a-findfp.o)
                0x00000000200053fc                __sf
 .bss.__lock___malloc_recursive_mutex
                0x0000000020005534        0x1 D:/ST/STM32CubeIDE_1.14.0/STM32CubeIDE/plugins/com.st.stm32cube.ide.mcu.externaltools.gnu-tools-for-stm32.11.3.rel1.win32_1.1.100.202309141235/tools/bin/../lib/gcc/arm-none-eabi/11.3.1/../../../../arm-none-eabi/lib/thumb/v7e-m+fp/hard\libc_nano.a(libc_a-lock.o)
                0x0000000020005534                __lock___malloc_recursive_mutex
 *fill*         0x0000000020005535        0x3 
 .bss.__malloc_free_list
                0x0000000020005538        0x4 D:/ST/STM32CubeIDE_1.14.0/STM32CubeIDE/plugins/com.st.stm32cube.ide.mcu.externaltools.gnu-tools-for-stm32.11.3.rel1.win32_1.1.100.202309141235/tools/bin/../lib/gcc/arm-none-eabi/11.3.1/../../../../arm-none-eabi/lib/thumb/v7e-m+fp/hard\libc_nano.a(libc_a-mallocr.o)
                0x0000000020005538                __malloc_free_list
 *(COMMON)
                0x000000002000553c                . = ALIGN (0x4)
                0x000000002000553c                _ebss = .
                0x000000002000553c                __bss_end__ = _ebss

._user_heap_stack
                0x000000002000553c      0xa04 load address 0x0000000008005198
                0x0000000020005540                . = ALIGN (0x8)
 *fill*         0x000000002000553c        0x4 
                [!provide]                        PROVIDE (end = .)
                0x0000000020005540                PROVIDE (_end = .)
                0x0000000020005740                . = (. + _Min_Heap_Size)
 *fill*         0x0000000020005540      0x200 
                0x0000000020005f40                . = (. + _Min_Stack_Size)
 *fill*         0x0000000020005740      0x800 
                0x0000000020005f40                . = ALIGN (0x8)

/DISCARD/
 libc.a(*)
 libm.a(*)
 libgcc.a(*)

.ARM.attributes
                0x0000000000000000       0x30
 *(.ARM.attributes)
 .ARM.attributes
                0x0000000000000000       0x1e D:/ST/STM32CubeIDE_1.14.0/STM32CubeIDE/plugins/com.st.stm32cube.ide.mcu.externaltools.gnu-tools-for-stm32.11.3.rel1.win32_1.1.100.202309141235/tools/bin/../lib/gcc/arm-none-eabi/11.3.1/thumb/v7e-m+fp/hard/crti.o
 .ARM.attributes
                0x000000000000001e       0x34 D:/ST/STM32CubeIDE_1.14.0/STM32CubeIDE/plugins/com.st.stm32cube.ide.mcu.externaltools.gnu-tools-for-stm32.11.3.rel1.win32_1.1.100.202309141235/tools/bin/../lib/gcc/arm-none-eabi/11.3.1/thumb/v7e-m+fp/hard/crtbegin.o
 .ARM.attributes
                0x0000000000000052       0x34 ./Core/Src/characterLCD.o
 .ARM.attributes
                0x0000000000000086       0x34 ./Core/Src/debounce.o
 .ARM.attributes
                0x00000000000000ba       0x34 ./Core/Src/freertos.o
 .ARM.attributes
                0x00000000000000ee       0x34 ./Core/Src/game.o
 .ARM.attributes
                0x0000000000000122       0x34 ./Core/Src/main.o
 .ARM.attributes
                0x0000000000000156       0x34 ./Core/Src/movement.o
 .ARM.attributes
                0x000000000000018a       0x34 ./Core/Src/stm32f4xx_hal_msp.o
 .ARM.attributes
                0x00000000000001be       0x34 ./Core/Src/stm32f4xx_hal_timebase_tim.o
 .ARM.attributes
                0x00000000000001f2       0x34 ./Core/Src/stm32f4xx_it.o
 .ARM.attributes
                0x0000000000000226       0x34 ./Core/Src/system_stm32f4xx.o
 .ARM.attributes
                0x000000000000025a       0x34 ./Core/Src/tareas.o
 .ARM.attributes
                0x000000000000028e       0x34 ./Core/Src/user_main.o
 .ARM.attributes
                0x00000000000002c2       0x34 ./Core/Src/engine/board.o
 .ARM.attributes
                0x00000000000002f6       0x34 ./Core/Src/engine/engine.o
 .ARM.attributes
                0x000000000000032a       0x34 ./Core/Src/engine/interface.o
 .ARM.attributes
                0x000000000000035e       0x34 ./Core/Src/engine/moves.o
 .ARM.attributes
                0x0000000000000392       0x34 ./Core/Src/led/ws2812.o
 .ARM.attributes
                0x00000000000003c6       0x34 ./Core/Src/lighting/lighting.o
 .ARM.attributes
                0x00000000000003fa       0x34 ./Core/Src/reed/reed.o
 .ARM.attributes
                0x000000000000042e       0x21 ./Core/Startup/startup_stm32f401retx.o
 .ARM.attributes
                0x000000000000044f       0x34 ./Drivers/STM32F4xx_HAL_Driver/Src/stm32f4xx_hal.o
 .ARM.attributes
                0x0000000000000483       0x34 ./Drivers/STM32F4xx_HAL_Driver/Src/stm32f4xx_hal_cortex.o
 .ARM.attributes
                0x00000000000004b7       0x34 ./Drivers/STM32F4xx_HAL_Driver/Src/stm32f4xx_hal_dma.o
 .ARM.attributes
                0x00000000000004eb       0x34 ./Drivers/STM32F4xx_HAL_Driver/Src/stm32f4xx_hal_gpio.o
 .ARM.attributes
                0x000000000000051f       0x34 ./Drivers/STM32F4xx_HAL_Driver/Src/stm32f4xx_hal_i2c.o
 .ARM.attributes
                0x0000000000000553       0x34 ./Drivers/STM32F4xx_HAL_Driver/Src/stm32f4xx_hal_rcc.o
 .ARM.attributes
                0x0000000000000587       0x34 ./Drivers/STM32F4xx_HAL_Driver/Src/stm32f4xx_hal_tim.o
 .ARM.attributes
                0x00000000000005bb       0x34 ./Drivers/STM32F4xx_HAL_Driver/Src/stm32f4xx_hal_tim_ex.o
 .ARM.attributes
                0x00000000000005ef       0x34 ./Middlewares/Third_Party/FreeRTOS/Source/CMSIS_RTOS/cmsis_os.o
 .ARM.attributes
                0x0000000000000623       0x34 ./Middlewares/Third_Party/FreeRTOS/Source/list.o
 .ARM.attributes
                0x0000000000000657       0x34 ./Middlewares/Third_Party/FreeRTOS/Source/queue.o
 .ARM.attributes
                0x000000000000068b       0x34 ./Middlewares/Third_Party/FreeRTOS/Source/tasks.o
 .ARM.attributes
                0x00000000000006bf       0x34 ./Middlewares/Third_Party/FreeRTOS/Source/portable/GCC/ARM_CM4F/port.o
 .ARM.attributes
                0x00000000000006f3       0x34 ./Middlewares/Third_Party/FreeRTOS/Source/portable/MemMang/heap_4.o
 .ARM.attributes
                0x0000000000000727       0x34 D:/ST/STM32CubeIDE_1.14.0/STM32CubeIDE/plugins/com.st.stm32cube.ide.mcu.externaltools.gnu-tools-for-stm32.11.3.rel1.win32_1.1.100.202309141235/tools/bin/../lib/gcc/arm-none-eabi/11.3.1/../../../../arm-none-eabi/lib/thumb/v7e-m+fp/hard\libc_nano.a(libc_a-findfp.o)
 .ARM.attributes
                0x000000000000075b       0x34 D:/ST/STM32CubeIDE_1.14.0/STM32CubeIDE/plugins/com.st.stm32cube.ide.mcu.externaltools.gnu-tools-for-stm32.11.3.rel1.win32_1.1.100.202309141235/tools/bin/../lib/gcc/arm-none-eabi/11.3.1/../../../../arm-none-eabi/lib/thumb/v7e-m+fp/hard\libc_nano.a(libc_a-memset.o)
 .ARM.attributes
                0x000000000000078f       0x34 D:/ST/STM32CubeIDE_1.14.0/STM32CubeIDE/plugins/com.st.stm32cube.ide.mcu.externaltools.gnu-tools-for-stm32.11.3.rel1.win32_1.1.100.202309141235/tools/bin/../lib/gcc/arm-none-eabi/11.3.1/../../../../arm-none-eabi/lib/thumb/v7e-m+fp/hard\libc_nano.a(libc_a-reent.o)
 .ARM.attributes
                0x00000000000007c3       0x34 D:/ST/STM32CubeIDE_1.14.0/STM32CubeIDE/plugins/com.st.stm32cube.ide.mcu.externaltools.gnu-tools-for-stm32.11.3.rel1.win32_1.1.100.202309141235/tools/bin/../lib/gcc/arm-none-eabi/11.3.1/../../../../arm-none-eabi/lib/thumb/v7e-m+fp/hard\libc_nano.a(libc_a-impure.o)
 .ARM.attributes
                0x00000000000007f7       0x34 D:/ST/STM32CubeIDE_1.14.0/STM32CubeIDE/plugins/com.st.stm32cube.ide.mcu.externaltools.gnu-tools-for-stm32.11.3.rel1.win32_1.1.100.202309141235/tools/bin/../lib/gcc/arm-none-eabi/11.3.1/../../../../arm-none-eabi/lib/thumb/v7e-m+fp/hard\libc_nano.a(libc_a-init.o)
 .ARM.attributes
                0x000000000000082b       0x34 D:/ST/STM32CubeIDE_1.14.0/STM32CubeIDE/plugins/com.st.stm32cube.ide.mcu.externaltools.gnu-tools-for-stm32.11.3.rel1.win32_1.1.100.202309141235/tools/bin/../lib/gcc/arm-none-eabi/11.3.1/../../../../arm-none-eabi/lib/thumb/v7e-m+fp/hard\libc_nano.a(libc_a-lock.o)
 .ARM.attributes
                0x000000000000085f       0x34 D:/ST/STM32CubeIDE_1.14.0/STM32CubeIDE/plugins/com.st.stm32cube.ide.mcu.externaltools.gnu-tools-for-stm32.11.3.rel1.win32_1.1.100.202309141235/tools/bin/../lib/gcc/arm-none-eabi/11.3.1/../../../../arm-none-eabi/lib/thumb/v7e-m+fp/hard\libc_nano.a(libc_a-memcpy-stub.o)
 .ARM.attributes
                0x0000000000000893       0x34 D:/ST/STM32CubeIDE_1.14.0/STM32CubeIDE/plugins/com.st.stm32cube.ide.mcu.externaltools.gnu-tools-for-stm32.11.3.rel1.win32_1.1.100.202309141235/tools/bin/../lib/gcc/arm-none-eabi/11.3.1/../../../../arm-none-eabi/lib/thumb/v7e-m+fp/hard\libc_nano.a(libc_a-freer.o)
 .ARM.attributes
                0x00000000000008c7       0x34 D:/ST/STM32CubeIDE_1.14.0/STM32CubeIDE/plugins/com.st.stm32cube.ide.mcu.externaltools.gnu-tools-for-stm32.11.3.rel1.win32_1.1.100.202309141235/tools/bin/../lib/gcc/arm-none-eabi/11.3.1/../../../../arm-none-eabi/lib/thumb/v7e-m+fp/hard\libc_nano.a(libc_a-mallocr.o)
 .ARM.attributes
                0x00000000000008fb       0x34 D:/ST/STM32CubeIDE_1.14.0/STM32CubeIDE/plugins/com.st.stm32cube.ide.mcu.externaltools.gnu-tools-for-stm32.11.3.rel1.win32_1.1.100.202309141235/tools/bin/../lib/gcc/arm-none-eabi/11.3.1/../../../../arm-none-eabi/lib/thumb/v7e-m+fp/hard\libc_nano.a(libc_a-mlock.o)
 .ARM.attributes
                0x000000000000092f       0x1e D:/ST/STM32CubeIDE_1.14.0/STM32CubeIDE/plugins/com.st.stm32cube.ide.mcu.externaltools.gnu-tools-for-stm32.11.3.rel1.win32_1.1.100.202309141235/tools/bin/../lib/gcc/arm-none-eabi/11.3.1/thumb/v7e-m+fp/hard\libgcc.a(_aeabi_uldivmod.o)
 .ARM.attributes
                0x000000000000094d       0x34 D:/ST/STM32CubeIDE_1.14.0/STM32CubeIDE/plugins/com.st.stm32cube.ide.mcu.externaltools.gnu-tools-for-stm32.11.3.rel1.win32_1.1.100.202309141235/tools/bin/../lib/gcc/arm-none-eabi/11.3.1/thumb/v7e-m+fp/hard\libgcc.a(_udivmoddi4.o)
 .ARM.attributes
                0x0000000000000981       0x1e D:/ST/STM32CubeIDE_1.14.0/STM32CubeIDE/plugins/com.st.stm32cube.ide.mcu.externaltools.gnu-tools-for-stm32.11.3.rel1.win32_1.1.100.202309141235/tools/bin/../lib/gcc/arm-none-eabi/11.3.1/thumb/v7e-m+fp/hard\libgcc.a(_dvmd_tls.o)
 .ARM.attributes
                0x000000000000099f       0x1e D:/ST/STM32CubeIDE_1.14.0/STM32CubeIDE/plugins/com.st.stm32cube.ide.mcu.externaltools.gnu-tools-for-stm32.11.3.rel1.win32_1.1.100.202309141235/tools/bin/../lib/gcc/arm-none-eabi/11.3.1/thumb/v7e-m+fp/hard/crtn.o
OUTPUT(ajedrez_td2.elf elf32-littlearm)
LOAD linker stubs
LOAD D:/ST/STM32CubeIDE_1.14.0/STM32CubeIDE/plugins/com.st.stm32cube.ide.mcu.externaltools.gnu-tools-for-stm32.11.3.rel1.win32_1.1.100.202309141235/tools/bin/../lib/gcc/arm-none-eabi/11.3.1/../../../../arm-none-eabi/lib/thumb/v7e-m+fp/hard\libc.a
LOAD D:/ST/STM32CubeIDE_1.14.0/STM32CubeIDE/plugins/com.st.stm32cube.ide.mcu.externaltools.gnu-tools-for-stm32.11.3.rel1.win32_1.1.100.202309141235/tools/bin/../lib/gcc/arm-none-eabi/11.3.1/../../../../arm-none-eabi/lib/thumb/v7e-m+fp/hard\libm.a
LOAD D:/ST/STM32CubeIDE_1.14.0/STM32CubeIDE/plugins/com.st.stm32cube.ide.mcu.externaltools.gnu-tools-for-stm32.11.3.rel1.win32_1.1.100.202309141235/tools/bin/../lib/gcc/arm-none-eabi/11.3.1/thumb/v7e-m+fp/hard\libgcc.a

.comment        0x0000000000000000       0x43
 .comment       0x0000000000000000       0x43 D:/ST/STM32CubeIDE_1.14.0/STM32CubeIDE/plugins/com.st.stm32cube.ide.mcu.externaltools.gnu-tools-for-stm32.11.3.rel1.win32_1.1.100.202309141235/tools/bin/../lib/gcc/arm-none-eabi/11.3.1/thumb/v7e-m+fp/hard/crtbegin.o
                                         0x44 (size before relaxing)
 .comment       0x0000000000000043       0x44 ./Core/Src/characterLCD.o
 .comment       0x0000000000000043       0x44 ./Core/Src/debounce.o
 .comment       0x0000000000000043       0x44 ./Core/Src/freertos.o
 .comment       0x0000000000000043       0x44 ./Core/Src/game.o
 .comment       0x0000000000000043       0x44 ./Core/Src/main.o
 .comment       0x0000000000000043       0x44 ./Core/Src/movement.o
 .comment       0x0000000000000043       0x44 ./Core/Src/stm32f4xx_hal_msp.o
 .comment       0x0000000000000043       0x44 ./Core/Src/stm32f4xx_hal_timebase_tim.o
 .comment       0x0000000000000043       0x44 ./Core/Src/stm32f4xx_it.o
 .comment       0x0000000000000043       0x44 ./Core/Src/system_stm32f4xx.o
 .comment       0x0000000000000043       0x44 ./Core/Src/tareas.o
 .comment       0x0000000000000043       0x44 ./Core/Src/user_main.o
 .comment       0x0000000000000043       0x44 ./Core/Src/engine/board.o
 .comment       0x0000000000000043       0x44 ./Core/Src/engine/engine.o
 .comment       0x0000000000000043       0x44 ./Core/Src/engine/interface.o
 .comment       0x0000000000000043       0x44 ./Core/Src/engine/moves.o
 .comment       0x0000000000000043       0x44 ./Core/Src/led/ws2812.o
 .comment       0x0000000000000043       0x44 ./Core/Src/lighting/lighting.o
 .comment       0x0000000000000043       0x44 ./Core/Src/reed/reed.o
 .comment       0x0000000000000043       0x44 ./Drivers/STM32F4xx_HAL_Driver/Src/stm32f4xx_hal.o
 .comment       0x0000000000000043       0x44 ./Drivers/STM32F4xx_HAL_Driver/Src/stm32f4xx_hal_cortex.o
 .comment       0x0000000000000043       0x44 ./Drivers/STM32F4xx_HAL_Driver/Src/stm32f4xx_hal_dma.o
 .comment       0x0000000000000043       0x44 ./Drivers/STM32F4xx_HAL_Driver/Src/stm32f4xx_hal_gpio.o
 .comment       0x0000000000000043       0x44 ./Drivers/STM32F4xx_HAL_Driver/Src/stm32f4xx_hal_i2c.o
 .comment       0x0000000000000043       0x44 ./Drivers/STM32F4xx_HAL_Driver/Src/stm32f4xx_hal_rcc.o
 .comment       0x0000000000000043       0x44 ./Drivers/STM32F4xx_HAL_Driver/Src/stm32f4xx_hal_tim.o
 .comment       0x0000000000000043       0x44 ./Drivers/STM32F4xx_HAL_Driver/Src/stm32f4xx_hal_tim_ex.o
 .comment       0x0000000000000043       0x44 ./Middlewares/Third_Party/FreeRTOS/Source/CMSIS_RTOS/cmsis_os.o
 .comment       0x0000000000000043       0x44 ./Middlewares/Third_Party/FreeRTOS/Source/list.o
 .comment       0x0000000000000043       0x44 ./Middlewares/Third_Party/FreeRTOS/Source/queue.o
 .comment       0x0000000000000043       0x44 ./Middlewares/Third_Party/FreeRTOS/Source/tasks.o
 .comment       0x0000000000000043       0x44 ./Middlewares/Third_Party/FreeRTOS/Source/portable/GCC/ARM_CM4F/port.o
 .comment       0x0000000000000043       0x44 ./Middlewares/Third_Party/FreeRTOS/Source/portable/MemMang/heap_4.o

.debug_frame    0x0000000000000000      0x3b8
 .debug_frame   0x0000000000000000      0x144 D:/ST/STM32CubeIDE_1.14.0/STM32CubeIDE/plugins/com.st.stm32cube.ide.mcu.externaltools.gnu-tools-for-stm32.11.3.rel1.win32_1.1.100.202309141235/tools/bin/../lib/gcc/arm-none-eabi/11.3.1/../../../../arm-none-eabi/lib/thumb/v7e-m+fp/hard\libc_nano.a(libc_a-findfp.o)
 .debug_frame   0x0000000000000144       0x20 D:/ST/STM32CubeIDE_1.14.0/STM32CubeIDE/plugins/com.st.stm32cube.ide.mcu.externaltools.gnu-tools-for-stm32.11.3.rel1.win32_1.1.100.202309141235/tools/bin/../lib/gcc/arm-none-eabi/11.3.1/../../../../arm-none-eabi/lib/thumb/v7e-m+fp/hard\libc_nano.a(libc_a-memset.o)
 .debug_frame   0x0000000000000164       0x38 D:/ST/STM32CubeIDE_1.14.0/STM32CubeIDE/plugins/com.st.stm32cube.ide.mcu.externaltools.gnu-tools-for-stm32.11.3.rel1.win32_1.1.100.202309141235/tools/bin/../lib/gcc/arm-none-eabi/11.3.1/../../../../arm-none-eabi/lib/thumb/v7e-m+fp/hard\libc_nano.a(libc_a-reent.o)
 .debug_frame   0x000000000000019c       0x2c D:/ST/STM32CubeIDE_1.14.0/STM32CubeIDE/plugins/com.st.stm32cube.ide.mcu.externaltools.gnu-tools-for-stm32.11.3.rel1.win32_1.1.100.202309141235/tools/bin/../lib/gcc/arm-none-eabi/11.3.1/../../../../arm-none-eabi/lib/thumb/v7e-m+fp/hard\libc_nano.a(libc_a-init.o)
 .debug_frame   0x00000000000001c8       0xb0 D:/ST/STM32CubeIDE_1.14.0/STM32CubeIDE/plugins/com.st.stm32cube.ide.mcu.externaltools.gnu-tools-for-stm32.11.3.rel1.win32_1.1.100.202309141235/tools/bin/../lib/gcc/arm-none-eabi/11.3.1/../../../../arm-none-eabi/lib/thumb/v7e-m+fp/hard\libc_nano.a(libc_a-lock.o)
 .debug_frame   0x0000000000000278       0x28 D:/ST/STM32CubeIDE_1.14.0/STM32CubeIDE/plugins/com.st.stm32cube.ide.mcu.externaltools.gnu-tools-for-stm32.11.3.rel1.win32_1.1.100.202309141235/tools/bin/../lib/gcc/arm-none-eabi/11.3.1/../../../../arm-none-eabi/lib/thumb/v7e-m+fp/hard\libc_nano.a(libc_a-memcpy-stub.o)
 .debug_frame   0x00000000000002a0       0x38 D:/ST/STM32CubeIDE_1.14.0/STM32CubeIDE/plugins/com.st.stm32cube.ide.mcu.externaltools.gnu-tools-for-stm32.11.3.rel1.win32_1.1.100.202309141235/tools/bin/../lib/gcc/arm-none-eabi/11.3.1/../../../../arm-none-eabi/lib/thumb/v7e-m+fp/hard\libc_nano.a(libc_a-freer.o)
 .debug_frame   0x00000000000002d8       0x50 D:/ST/STM32CubeIDE_1.14.0/STM32CubeIDE/plugins/com.st.stm32cube.ide.mcu.externaltools.gnu-tools-for-stm32.11.3.rel1.win32_1.1.100.202309141235/tools/bin/../lib/gcc/arm-none-eabi/11.3.1/../../../../arm-none-eabi/lib/thumb/v7e-m+fp/hard\libc_nano.a(libc_a-mallocr.o)
 .debug_frame   0x0000000000000328       0x30 D:/ST/STM32CubeIDE_1.14.0/STM32CubeIDE/plugins/com.st.stm32cube.ide.mcu.externaltools.gnu-tools-for-stm32.11.3.rel1.win32_1.1.100.202309141235/tools/bin/../lib/gcc/arm-none-eabi/11.3.1/../../../../arm-none-eabi/lib/thumb/v7e-m+fp/hard\libc_nano.a(libc_a-mlock.o)
 .debug_frame   0x0000000000000358       0x2c D:/ST/STM32CubeIDE_1.14.0/STM32CubeIDE/plugins/com.st.stm32cube.ide.mcu.externaltools.gnu-tools-for-stm32.11.3.rel1.win32_1.1.100.202309141235/tools/bin/../lib/gcc/arm-none-eabi/11.3.1/thumb/v7e-m+fp/hard\libgcc.a(_aeabi_uldivmod.o)
 .debug_frame   0x0000000000000384       0x34 D:/ST/STM32CubeIDE_1.14.0/STM32CubeIDE/plugins/com.st.stm32cube.ide.mcu.externaltools.gnu-tools-for-stm32.11.3.rel1.win32_1.1.100.202309141235/tools/bin/../lib/gcc/arm-none-eabi/11.3.1/thumb/v7e-m+fp/hard\libgcc.a(_udivmoddi4.o)
