../Core/Src/lighting/lighting.c:20:6:lighting_set_output	16	static
../Core/Src/lighting/lighting.c:26:6:set_color	24	static
../Core/Src/lighting/lighting.c:38:6:paint_board	16	static
../Core/Src/lighting/lighting.c:47:5:paint_valid_moves	32	static
../Core/Src/lighting/lighting.c:62:6:paint_differences	24	static
../Core/Src/lighting/lighting.c:83:6:paint_capture	16	static
../Core/Src/lighting/lighting.c:92:6:lighting_set_state	16	static
../Core/Src/lighting/lighting.c:96:6:lighting_piece_lifted_square	16	static
../Core/Src/lighting/lighting.c:100:6:set_valid_moves	16	static
../Core/Src/lighting/lighting.c:105:6:lighting_refresh	8	static
