../Core/Src/lighting/lighting.c:21:6:lighting_set_output	16	static
../Core/Src/lighting/lighting.c:27:6:set_color	24	static
../Core/Src/lighting/lighting.c:39:6:paint_board	16	static
../Core/Src/lighting/lighting.c:48:5:paint_valid_moves	32	static
../Core/Src/lighting/lighting.c:63:6:paint_differences	24	static
../Core/Src/lighting/lighting.c:84:6:paint_capture	16	static
../Core/Src/lighting/lighting.c:89:6:paint_winner	16	static
../Core/Src/lighting/lighting.c:108:6:lighting_set_state	16	static
../Core/Src/lighting/lighting.c:112:6:lighting_piece_lifted_square	16	static
../Core/Src/lighting/lighting.c:116:6:lighting_set_winner	16	static
../Core/Src/lighting/lighting.c:120:6:lighting_set_valid_moves	16	static
../Core/Src/lighting/lighting.c:125:6:lighting_set_cpu_movement	16	static
../Core/Src/lighting/lighting.c:130:6:set_valid_moves	16	static
../Core/Src/lighting/lighting.c:135:6:lighting_refresh	8	static
