../Core/Src/main.c:72:6:t_LCD	16	static
../Core/Src/main.c:89:5:main	56	static
../Core/Src/main.c:175:6:SystemClock_Config	88	static
../Core/Src/main.c:222:13:MX_I2C1_Init	8	static
../Core/Src/main.c:256:13:MX_TIM1_Init	80	static
../Core/Src/main.c:318:13:MX_DMA_Init	16	static
../Core/Src/main.c:336:13:MX_GPIO_Init	48	static
../Core/Src/main.c:413:6:StartDefaultTask	16	static
../Core/Src/main.c:431:6:HAL_TIM_PeriodElapsedCallback	16	static
../Core/Src/main.c:448:6:Error_Handler	4	static,ignoring_inline_asm
