../Core/Src/main.c:73:6:t_LCD	40	static
../Core/Src/main.c:96:6:t_Botones	48	static
../Core/Src/main.c:124:5:main	56	static
../Core/Src/main.c:215:6:SystemClock_Config	88	static
../Core/Src/main.c:259:13:MX_I2C1_Init	8	static
../Core/Src/main.c:291:13:MX_TIM1_Init	80	static
../Core/Src/main.c:351:13:MX_DMA_Init	16	static
../Core/Src/main.c:368:13:MX_GPIO_Init	48	static
../Core/Src/main.c:446:6:StartDefaultTask	16	static
../Core/Src/main.c:463:6:HAL_TIM_PeriodElapsedCallback	16	static
../Core/Src/main.c:479:6:Error_Handler	4	static,ignoring_inline_asm
